 UniquePosition

 Timestamp is 58f28df8 (Sun Apr 16 05:17:44 2017)

 Preferred load address is 0000000180000000

 Start         Length     Name                   Class
 0001:00000000 000001dbH .text                   CODE
 0001:000001e0 00000128H .text$di                CODE
 0001:00000310 00024ec0H .text$mn                CODE
 0001:000251d0 00000012H .text$mn$00             CODE
 0001:000251f0 00000b20H .text$x                 CODE
 0001:00025d10 00000194H .text$yd                CODE
 0002:00000000 000002b0H .idata$5                DATA
 0002:000002b0 00000010H .00cfg                  DATA
 0002:000002c0 00000008H .CRT$XCA                DATA
 0002:000002c8 00000038H .CRT$XCC                DATA
 0002:00000300 00000010H .CRT$XCL                DATA
 0002:00000310 00000010H .CRT$XCU                DATA
 0002:00000320 00000008H .CRT$XCZ                DATA
 0002:00000328 00000008H .CRT$XIA                DATA
 0002:00000330 00000030H .CRT$XIC                DATA
 0002:00000360 00000008H .CRT$XIZ                DATA
 0002:00000368 00000008H .CRT$XLA                DATA
 0002:00000370 00000008H .CRT$XLZ                DATA
 0002:00000378 00000008H .CRT$XPA                DATA
 0002:00000380 00000010H .CRT$XPX                DATA
 0002:00000390 00000008H .CRT$XPXA               DATA
 0002:00000398 00000008H .CRT$XPZ                DATA
 0002:000003a0 00000008H .CRT$XTA                DATA
 0002:000003a8 00000008H .CRT$XTZ                DATA
 0002:000003b0 0000d704H .rdata                  DATA
 0002:0000dab8 00000028H .rdata$T                DATA
 0002:0000dae0 00000f44H .rdata$r                DATA
 0002:0000ea28 00000010H .rdata$zETW0            DATA
 0002:0000ea38 00000077H .rdata$zETW1            DATA
 0002:0000eaaf 0000002cH .rdata$zETW2            DATA
 0002:0000eadb 00000001H .rdata$zETW9            DATA
 0002:0000eadc 00000508H .rdata$zzzdbg           DATA
 0002:0000efe8 00000008H .rtc$IAA                DATA
 0002:0000eff0 00000008H .rtc$IZZ                DATA
 0002:0000eff8 00000008H .rtc$TAA                DATA
 0002:0000f000 00000008H .rtc$TZZ                DATA
 0002:0000f010 00002bf8H .xdata                  DATA
 0002:00011c08 000002a4H .xdata$x                DATA
 0002:00011eac 00000020H .didat$2                DATA
 0002:00011ecc 00000020H .didat$3                DATA
 0002:00011ef0 00000108H .didat$4                DATA
 0002:00011ff8 0000086eH .didat$6                DATA
 0002:00012868 00000108H .didat$7                DATA
 0002:00012970 00000060H .edata                  DATA
 0002:000129d0 00000028H .idata$2                DATA
 0002:000129f8 00000014H .idata$3                DATA
 0002:00012a10 000002b0H .idata$4                DATA
 0002:00012cc0 00000632H .idata$6                DATA
 0003:00000000 00000d38H .data                   DATA
 0003:00000d40 00000590H .data$r                 DATA
 0003:000012d0 00000108H .didat$5                DATA
 0003:000013e0 00001894H .bss                    DATA
 0004:00000000 00002268H .pdata                  DATA
 0005:00000000 000000b4H .gfids$x                DATA
 0005:000000b4 000001f4H .gfids$y                DATA
 0006:00000000 00000001H .tls                    DATA
 0006:00000004 00000004H .tls$                   DATA
 0006:00000008 00000001H .tls$ZZZ                DATA
 0007:00000000 00000058H .rsrc$01                DATA
 0007:00000060 00000180H .rsrc$02                DATA

  Address         Publics by Value              Rva+Base               Lib:Object

 0000:00000000       __guard_iat_table          0000000000000000     <absolute>
 0000:00000000       __guard_iat_count          0000000000000000     <absolute>
 0000:00000000       __guard_longjmp_table      0000000000000000     <absolute>
 0000:00000000       __guard_longjmp_count      0000000000000000     <absolute>
 0000:00000000       __guard_fids_count         0000000000000000     <absolute>
 0000:00000000       ___safe_se_handler_table   0000000000000000     <absolute>
 0000:00000000       ___safe_se_handler_count   0000000000000000     <absolute>
 0000:00000000       __guard_fids_table         0000000000000000     <absolute>
 0000:00000100       __guard_flags              0000000000000100     <absolute>
 0000:00000000       __ImageBase                0000000180000000     <linker-defined>
 0001:00000000       ?TraceLoggingRegister@__vcrt_trace_logging_provider@@YAJPEBU_TlgProvider_t@1@PEBU_GUID@@P6AX1KE_K2PEAU_EVENT_FILTER_DESCRIPTOR@@PEAX@Z4@Z 0000000180001000 f i libvcruntime:telemetry.obj
 0001:0000007c       ?_TlgEnableCallback@__vcrt_trace_logging_provider@@YAXPEBU_GUID@@KE_K1PEAU_EVENT_FILTER_DESCRIPTOR@@PEAX@Z 000000018000107c f i libvcruntime:telemetry.obj
 0001:00000140       ?_TlgWrite@__vcrt_trace_logging_provider@@YAJPEBU_TlgProvider_t@1@PEFBXPEBU_GUID@@2IPEAU_EVENT_DATA_DESCRIPTOR@@@Z 0000000180001140 f i libvcruntime:telemetry.obj
 0001:00000310       ?what@exception@stdext@@UEBAPEBDXZ 0000000180001310 f i UniquePosition.obj
 0001:00000330       ?_Raise@exception@stdext@@QEBAXXZ 0000000180001330 f i UniquePosition.obj
 0001:00000370       ?_Doraise@exception@stdext@@MEBAXXZ 0000000180001370 f i UniquePosition.obj
 0001:00000370       _guard_check_icall_nop     0000000180001370 f i LIBCMT:guard_support.obj
 0001:00000370       ?_Unlock@?$basic_streambuf@DU?$char_traits@D@std@@@std@@UEAAXXZ 0000000180001370 f i libcpmt:cout.obj
 0001:00000370       ?imbue@?$basic_streambuf@DU?$char_traits@D@std@@@std@@MEAAXAEBVlocale@2@@Z 0000000180001370 f i libcpmt:cout.obj
 0001:00000370       __except_validate_context_record 0000000180001370 f i libvcruntime:jbcxrval.obj
 0001:00000370       ?_Lock@?$basic_streambuf@DU?$char_traits@D@std@@@std@@UEAAXXZ 0000000180001370 f i libcpmt:cout.obj
 0001:00000380       ??_Gexception@stdext@@UEAAPEAXI@Z 0000000180001380 f i UniquePosition.obj
 0001:00000380       ??_Eruntime_error@std@@UEAAPEAXI@Z 0000000180001380 f i * CIL library *:* CIL module *
 0001:00000380       ??_Eexception@stdext@@UEAAPEAXI@Z 0000000180001380 f i * CIL library *:* CIL module *
 0001:00000380       ??_Gruntime_error@std@@UEAAPEAXI@Z 0000000180001380 f i UniquePosition.obj
 0001:000003b0       ?_Deallocate@std@@YAXPEAX_K1@Z 00000001800013b0 f i UniquePosition.obj
 0001:00000420       ??1failure@ios_base@std@@UEAA@XZ 0000000180001420 f i UniquePosition.obj
 0001:00000420       ??1runtime_error@std@@UEAA@XZ 0000000180001420 f i UniquePosition.obj
 0001:00000430       ??0_Locinfo@std@@QEAA@PEBD@Z 0000000180001430 f i UniquePosition.obj
 0001:000004d0       ??1_Locinfo@std@@QEAA@XZ   00000001800014d0 f i UniquePosition.obj
 0001:00000570       ??_G_Facet_base@std@@UEAAPEAXI@Z 0000000180001570 f i UniquePosition.obj
 0001:00000570       ??_E_Facet_base@std@@UEAAPEAXI@Z 0000000180001570 f i * CIL library *:* CIL module *
 0001:000005a0       ?_Incref@facet@locale@std@@UEAAXXZ 00000001800015a0 f i UniquePosition.obj
 0001:000005b0       ?_Decref@facet@locale@std@@UEAAPEAV_Facet_base@3@XZ 00000001800015b0 f i UniquePosition.obj
 0001:000005d0       ??1locale@std@@QEAA@XZ     00000001800015d0 f i UniquePosition.obj
 0001:00000600       ?_Getcat@?$ctype@D@std@@SA_KPEAPEBVfacet@locale@2@PEBV42@@Z 0000000180001600 f i UniquePosition.obj
 0001:00000760       ?do_tolower@?$ctype@D@std@@MEBADD@Z 0000000180001760 f i UniquePosition.obj
 0001:00000770       ?do_tolower@?$ctype@D@std@@MEBAPEBDPEADPEBD@Z 0000000180001770 f i UniquePosition.obj
 0001:000007d0       ?do_toupper@?$ctype@D@std@@MEBADD@Z 00000001800017d0 f i UniquePosition.obj
 0001:000007e0       ?do_toupper@?$ctype@D@std@@MEBAPEBDPEADPEBD@Z 00000001800017e0 f i UniquePosition.obj
 0001:00000840       ?do_narrow@?$ctype@D@std@@MEBADDD@Z 0000000180001840 f i UniquePosition.obj
 0001:00000840       ?do_widen@?$ctype@D@std@@MEBADD@Z 0000000180001840 f i UniquePosition.obj
 0001:00000850       ?do_widen@?$ctype@D@std@@MEBAPEBDPEBD0PEAD@Z 0000000180001850 f i UniquePosition.obj
 0001:00000870       ?do_narrow@?$ctype@D@std@@MEBAPEBDPEBD0DPEAD@Z 0000000180001870 f i UniquePosition.obj
 0001:00000890       ??_G?$ctype@D@std@@MEAAPEAXI@Z 0000000180001890 f i UniquePosition.obj
 0001:00000890       ??_E?$ctype@D@std@@MEAAPEAXI@Z 0000000180001890 f i * CIL library *:* CIL module *
 0001:00000900       ??_Gerror_category@std@@UEAAPEAXI@Z 0000000180001900 f i UniquePosition.obj
 0001:00000900       ??_Eerror_category@std@@UEAAPEAXI@Z 0000000180001900 f i * CIL library *:* CIL module *
 0001:00000900       ??_E_Iostream_error_category@std@@UEAAPEAXI@Z 0000000180001900 f i * CIL library *:* CIL module *
 0001:00000900       ??_G_Iostream_error_category@std@@UEAAPEAXI@Z 0000000180001900 f i UniquePosition.obj
 0001:00000930       ?message@error_code@std@@QEBA?AV?$basic_string@DU?$char_traits@D@std@@V?$allocator@D@2@@2@XZ 0000000180001930 f i UniquePosition.obj
 0001:00000960       ?default_error_condition@error_category@std@@UEBA?AVerror_condition@2@H@Z 0000000180001960 f i UniquePosition.obj
 0001:00000970       ?equivalent@error_category@std@@UEBA_NHAEBVerror_condition@2@@Z 0000000180001970 f i UniquePosition.obj
 0001:000009d0       ?equivalent@error_category@std@@UEBA_NAEBVerror_code@2@H@Z 00000001800019d0 f i UniquePosition.obj
 0001:000009f0       ?_Makestr@_System_error@std@@CA?AV?$basic_string@DU?$char_traits@D@std@@V?$allocator@D@2@@2@Verror_code@2@V32@@Z 00000001800019f0 f i UniquePosition.obj
 0001:00000b50       ??_E_System_error@std@@UEAAPEAXI@Z 0000000180001b50 f i * CIL library *:* CIL module *
 0001:00000b50       ??_G_System_error@std@@UEAAPEAXI@Z 0000000180001b50 f i UniquePosition.obj
 0001:00000b50       ??_Gfailure@ios_base@std@@UEAAPEAXI@Z 0000000180001b50 f i UniquePosition.obj
 0001:00000b50       ??_Efailure@ios_base@std@@UEAAPEAXI@Z 0000000180001b50 f i * CIL library *:* CIL module *
 0001:00000b80       ?message@_Generic_error_category@std@@UEBA?AV?$basic_string@DU?$char_traits@D@std@@V?$allocator@D@2@@2@H@Z 0000000180001b80 f i UniquePosition.obj
 0001:00000be0       ?name@_Iostream_error_category@std@@UEBAPEBDXZ 0000000180001be0 f i UniquePosition.obj
 0001:00000bf0       ?message@_Iostream_error_category@std@@UEBA?AV?$basic_string@DU?$char_traits@D@std@@V?$allocator@D@2@@2@H@Z 0000000180001bf0 f i UniquePosition.obj
 0001:00000c40       ?clear@ios_base@std@@QEAAXH_N@Z 0000000180001c40 f i UniquePosition.obj
 0001:000010b0       ?getloc@ios_base@std@@QEBA?AVlocale@2@XZ 00000001800020b0 f i UniquePosition.obj
 0001:000010e0       ?NODE_SET_METHOD@node@@YAXV?$Local@VObject@v8@@@v8@@PEBDP6AXAEBV?$FunctionCallbackInfo@VValue@v8@@@3@@Z@Z 00000001800020e0 f i UniquePosition.obj
 0001:000011c0       ?NODE_SET_PROTOTYPE_METHOD@node@@YAXV?$Local@VFunctionTemplate@v8@@@v8@@PEBDP6AXAEBV?$FunctionCallbackInfo@VValue@v8@@@3@@Z@Z 00000001800021c0 f i UniquePosition.obj
 0001:000012e0       ??1ObjectWrap@node@@UEAA@XZ 00000001800022e0 f i UniquePosition.obj
 0001:00001360       ?Wrap@ObjectWrap@node@@IEAAXV?$Local@VObject@v8@@@v8@@@Z 0000000180002360 f i UniquePosition.obj
 0001:00001440       ?Ref@ObjectWrap@node@@MEAAXXZ 0000000180002440 f i UniquePosition.obj
 0001:00001480       ?Unref@ObjectWrap@node@@MEAAXXZ 0000000180002480 f i UniquePosition.obj
 0001:00001530       ?WeakCallback@ObjectWrap@node@@CAXAEBV?$WeakCallbackInfo@VObjectWrap@node@@@v8@@@Z 0000000180002530 f i UniquePosition.obj
 0001:00001590       ??_GObjectWrap@node@@UEAAPEAXI@Z 0000000180002590 f i UniquePosition.obj
 0001:00001590       ??_EObjectWrap@node@@UEAAPEAXI@Z 0000000180002590 f i * CIL library *:* CIL module *
 0001:000015d0       ?HexEncode@@YA?AV?$basic_string@DU?$char_traits@D@std@@V?$allocator@D@2@@std@@PEBX_K@Z 00000001800025d0 f   UniquePosition.obj
 0001:00001690       ??0UniquePosition@@QEAA@AEBV?$basic_string@DU?$char_traits@D@std@@V?$allocator@D@2@@std@@@Z 0000000180002690 f   UniquePosition.obj
 0001:000017b0       ??_EUniquePosition@@UEAAPEAXI@Z 00000001800027b0 f i * CIL library *:* CIL module *
 0001:000017b0       ??_GUniquePosition@@UEAAPEAXI@Z 00000001800027b0 f i UniquePosition.obj
 0001:00001800       ??0UniquePosition@@AEAA@AEBV?$basic_string@DU?$char_traits@D@std@@V?$allocator@D@2@@std@@0@Z 0000000180002800 f   UniquePosition.obj
 0001:00001920       ?Init@UniquePosition@@SAXV?$Local@VObject@v8@@@v8@@0@Z 0000000180002920 f   UniquePosition.obj
 0001:00001b90       ?New@UniquePosition@@SAXAEBV?$FunctionCallbackInfo@VValue@v8@@@v8@@@Z 0000000180002b90 f   UniquePosition.obj
 0001:00001ee0       ?parseCString@@YA?AV?$basic_string@DU?$char_traits@D@std@@V?$allocator@D@2@@std@@AEBV?$FunctionCallbackInfo@VValue@v8@@@v8@@H@Z 0000000180002ee0 f   UniquePosition.obj
 0001:00001fa0       ?IsValidSuffix_@UniquePosition@@SAXAEBV?$FunctionCallbackInfo@VValue@v8@@@v8@@@Z 0000000180002fa0 f   UniquePosition.obj
 0001:00002110       ?IsValidBytes_@UniquePosition@@SAXAEBV?$FunctionCallbackInfo@VValue@v8@@@v8@@@Z 0000000180003110 f   UniquePosition.obj
 0001:000022a0       ?CreateInvalid@UniquePosition@@SAXAEBV?$FunctionCallbackInfo@VValue@v8@@@v8@@@Z 00000001800032a0 f   UniquePosition.obj
 0001:00002360       ?FromInt64@UniquePosition@@SAXAEBV?$FunctionCallbackInfo@VValue@v8@@@v8@@@Z 0000000180003360 f   UniquePosition.obj
 0001:00002730       ?InitialPosition@UniquePosition@@SAXAEBV?$FunctionCallbackInfo@VValue@v8@@@v8@@@Z 0000000180003730 f   UniquePosition.obj
 0001:00002900       ?Before@UniquePosition@@SAXAEBV?$FunctionCallbackInfo@VValue@v8@@@v8@@@Z 0000000180003900 f   UniquePosition.obj
 0001:00002d10       ?After@UniquePosition@@SAXAEBV?$FunctionCallbackInfo@VValue@v8@@@v8@@@Z 0000000180003d10 f   UniquePosition.obj
 0001:00003120       ?Between@UniquePosition@@SAXAEBV?$FunctionCallbackInfo@VValue@v8@@@v8@@@Z 0000000180004120 f   UniquePosition.obj
 0001:000036a0       ?LessThan@UniquePosition@@QEBA_NAEBV1@@Z 00000001800046a0 f   UniquePosition.obj
 0001:00003770       ?LessThan_@UniquePosition@@SAXAEBV?$FunctionCallbackInfo@VValue@v8@@@v8@@@Z 0000000180004770 f   UniquePosition.obj
 0001:000038b0       ?Equals@UniquePosition@@QEBA_NAEBV1@@Z 00000001800048b0 f   UniquePosition.obj
 0001:00003950       ?Equals_@UniquePosition@@SAXAEBV?$FunctionCallbackInfo@VValue@v8@@@v8@@@Z 0000000180004950 f   UniquePosition.obj
 0001:00003aa0       ?getCompressValue_@UniquePosition@@SAXAEBV?$FunctionCallbackInfo@VValue@v8@@@v8@@@Z 0000000180004aa0 f   UniquePosition.obj
 0001:00003ba0       ?ToInt64@UniquePosition@@QEBA_JXZ 0000000180004ba0 f   UniquePosition.obj
 0001:00003ca0       ?ToInt64_@UniquePosition@@SAXAEBV?$FunctionCallbackInfo@VValue@v8@@@v8@@@Z 0000000180004ca0 f   UniquePosition.obj
 0001:00003d90       ?IsValid_@UniquePosition@@SAXAEBV?$FunctionCallbackInfo@VValue@v8@@@v8@@@Z 0000000180004d90 f   UniquePosition.obj
 0001:00003e60       ?ToDebugString@UniquePosition@@QEBA?AV?$basic_string@DU?$char_traits@D@std@@V?$allocator@D@2@@std@@XZ 0000000180004e60 f   UniquePosition.obj
 0001:00004360       ?ToDebugString_@UniquePosition@@SAXAEBV?$FunctionCallbackInfo@VValue@v8@@@v8@@@Z 0000000180005360 f   UniquePosition.obj
 0001:00004510       ?GetSuffixForTest@UniquePosition@@QEBA?AV?$basic_string@DU?$char_traits@D@std@@V?$allocator@D@2@@std@@XZ 0000000180005510 f   UniquePosition.obj
 0001:000045e0       ?GetSuffixForTest_@UniquePosition@@SAXAEBV?$FunctionCallbackInfo@VValue@v8@@@v8@@@Z 00000001800055e0 f   UniquePosition.obj
 0001:00004790       ?FindSmallerWithSuffix@UniquePosition@@CA?AV?$basic_string@DU?$char_traits@D@std@@V?$allocator@D@2@@std@@AEBV23@0@Z 0000000180005790 f   UniquePosition.obj
 0001:00004b10       ?FindGreaterWithSuffix@UniquePosition@@CA?AV?$basic_string@DU?$char_traits@D@std@@V?$allocator@D@2@@std@@AEBV23@0@Z 0000000180005b10 f   UniquePosition.obj
 0001:00004e00       ?FindBetweenWithSuffix@UniquePosition@@CA?AV?$basic_string@DU?$char_traits@D@std@@V?$allocator@D@2@@std@@AEBV23@00@Z 0000000180005e00 f   UniquePosition.obj
 0001:00005bd0       ?Compress@UniquePosition@@CA?AV?$basic_string@DU?$char_traits@D@std@@V?$allocator@D@2@@std@@AEBV23@@Z 0000000180006bd0 f   UniquePosition.obj
 0001:00005da0       ?CompressImpl@UniquePosition@@CA?AV?$basic_string@DU?$char_traits@D@std@@V?$allocator@D@2@@std@@AEBV23@@Z 0000000180006da0 f   UniquePosition.obj
 0001:00005f80       ?Uncompress@UniquePosition@@CA?AV?$basic_string@DU?$char_traits@D@std@@V?$allocator@D@2@@std@@AEBV23@@Z 0000000180006f80 f   UniquePosition.obj
 0001:00006170       ?IsValidCompressed@UniquePosition@@CA_NAEBV?$basic_string@DU?$char_traits@D@std@@V?$allocator@D@2@@std@@@Z 0000000180007170 f   UniquePosition.obj
 0001:00006320       ??1?$_Yarn@_W@std@@QEAA@XZ 0000000180007320 f i UniquePosition.obj
 0001:00006320       ??1?$_Yarn@D@std@@QEAA@XZ  0000000180007320 f i UniquePosition.obj
 0001:00006350       ?substr@?$basic_string@DU?$char_traits@D@std@@V?$allocator@D@2@@std@@QEBA?AV12@_K0@Z 0000000180007350 f i UniquePosition.obj
 0001:00006390       ?find_first_not_of@?$basic_string@DU?$char_traits@D@std@@V?$allocator@D@2@@std@@QEBA_KD_K@Z 0000000180007390 f i UniquePosition.obj
 0001:00006440       ?reserve@?$basic_string@DU?$char_traits@D@std@@V?$allocator@D@2@@std@@QEAAX_K@Z 0000000180007440 f i UniquePosition.obj
 0001:000064f0       ?append@?$basic_string@DU?$char_traits@D@std@@V?$allocator@D@2@@std@@QEAAAEAV12@_KD@Z 00000001800074f0 f i UniquePosition.obj
 0001:00006600       ?append@?$basic_string@DU?$char_traits@D@std@@V?$allocator@D@2@@std@@QEAAAEAV12@AEBV12@_K1@Z 0000000180007600 f i UniquePosition.obj
 0001:00006730       ??1?$basic_string@DU?$char_traits@D@std@@V?$allocator@D@2@@std@@QEAA@XZ 0000000180007730 f i UniquePosition.obj
 0001:000067c0       ??0?$basic_string@DU?$char_traits@D@std@@V?$allocator@D@2@@std@@QEAA@$$QEAV01@@Z 00000001800077c0 f i UniquePosition.obj
 0001:00006840       ?_Myptr@?$_String_alloc@U?$_String_base_types@DV?$allocator@D@std@@@std@@@std@@QEBAPEBDXZ 0000000180007840 f i UniquePosition.obj
 0001:00006850       ?_Tidy@?$basic_string@DU?$char_traits@D@std@@V?$allocator@D@2@@std@@QEAAX_N_K@Z 0000000180007850 f i UniquePosition.obj
 0001:00006900       ?rfind@?$basic_string@DU?$char_traits@D@std@@V?$allocator@D@2@@std@@QEBA_KPEBD_K1@Z 0000000180007900 f i UniquePosition.obj
 0001:000069c0       ?assign@?$basic_string@DU?$char_traits@D@std@@V?$allocator@D@2@@std@@QEAAAEAV12@_KD@Z 00000001800079c0 f i UniquePosition.obj
 0001:00006ad0       ?assign@?$basic_string@DU?$char_traits@D@std@@V?$allocator@D@2@@std@@QEAAAEAV12@PEBD_K@Z 0000000180007ad0 f i UniquePosition.obj
 0001:00006c10       ?assign@?$basic_string@DU?$char_traits@D@std@@V?$allocator@D@2@@std@@QEAAAEAV12@AEBV12@_K1@Z 0000000180007c10 f i UniquePosition.obj
 0001:00006d40       ?append@?$basic_string@DU?$char_traits@D@std@@V?$allocator@D@2@@std@@QEAAAEAV12@PEBD_K@Z 0000000180007d40 f i UniquePosition.obj
 0001:00006e90       ?_Assign_rv@?$basic_string@DU?$char_traits@D@std@@V?$allocator@D@2@@std@@QEAAX$$QEAV12@@Z 0000000180007e90 f i UniquePosition.obj
 0001:00006f00       ?deallocate@?$_Wrap_alloc@V?$allocator@D@std@@@std@@QEAAXPEAD_K@Z 0000000180007f00 f i UniquePosition.obj
 0001:00006f60       ?_Copy@?$basic_string@DU?$char_traits@D@std@@V?$allocator@D@2@@std@@QEAAX_K0@Z 0000000180007f60 f i UniquePosition.obj
 0001:000070f0       ?erase@?$basic_string@DU?$char_traits@D@std@@V?$allocator@D@2@@std@@QEAAAEAV12@_K0@Z 00000001800080f0 f i UniquePosition.obj
 0001:000071c0       ?insert@?$basic_string@DU?$char_traits@D@std@@V?$allocator@D@2@@std@@QEAAAEAV12@_K0D@Z 00000001800081c0 f i UniquePosition.obj
 0001:00007330       ??$use_facet@V?$ctype@D@std@@@std@@YAAEBV?$ctype@D@0@AEBVlocale@0@@Z 0000000180008330 f i UniquePosition.obj
 0001:00007460       ??$_Immortalize@V_Iostream_error_category@std@@@std@@YAAEAV_Iostream_error_category@0@XZ 0000000180008460 f i UniquePosition.obj
 0001:000074e0       ??$?6U?$char_traits@D@std@@@std@@YAAEAV?$basic_ostream@DU?$char_traits@D@std@@@0@AEAV10@PEBD@Z 00000001800084e0 f i UniquePosition.obj
 0001:00007750       ??$endl@DU?$char_traits@D@std@@@std@@YAAEAV?$basic_ostream@DU?$char_traits@D@std@@@0@AEAV10@@Z 0000000180008750 f i UniquePosition.obj
 0001:000077f0       ??$?HDU?$char_traits@D@std@@V?$allocator@D@1@@std@@YA?AV?$basic_string@DU?$char_traits@D@std@@V?$allocator@D@2@@0@AEBV10@0@Z 00000001800087f0 f i UniquePosition.obj
 0001:00007880       ??$?MDU?$char_traits@D@std@@V?$allocator@D@1@@std@@YA_NAEBV?$basic_string@DU?$char_traits@D@std@@V?$allocator@D@2@@0@0@Z 0000000180008880 f i UniquePosition.obj
 0001:00007900       ??$?8DU?$char_traits@D@std@@V?$allocator@D@1@@std@@YA_NAEBV?$basic_string@DU?$char_traits@D@std@@V?$allocator@D@2@@0@0@Z 0000000180008900 f i UniquePosition.obj
 0001:00007980       ??$?HDU?$char_traits@D@std@@V?$allocator@D@1@@std@@YA?AV?$basic_string@DU?$char_traits@D@std@@V?$allocator@D@2@@0@PEBDAEBV10@@Z 0000000180008980 f i UniquePosition.obj
 0001:00007a40       ??$?HDU?$char_traits@D@std@@V?$allocator@D@1@@std@@YA?AV?$basic_string@DU?$char_traits@D@std@@V?$allocator@D@2@@0@$$QEAV10@PEBD@Z 0000000180008a40 f i UniquePosition.obj
 0001:00007ae0       ??$?HDU?$char_traits@D@std@@V?$allocator@D@1@@std@@YA?AV?$basic_string@DU?$char_traits@D@std@@V?$allocator@D@2@@0@$$QEAV10@D@Z 0000000180008ae0 f i UniquePosition.obj
 0001:00007c30       ??$?ODU?$char_traits@D@std@@V?$allocator@D@1@@std@@YA_NAEBV?$basic_string@DU?$char_traits@D@std@@V?$allocator@D@2@@0@0@Z 0000000180008c30 f i UniquePosition.obj
 0001:00007cb0       ??1sentry@?$basic_ostream@DU?$char_traits@D@std@@@std@@QEAA@XZ 0000000180008cb0 f i UniquePosition.obj
 0001:00007d30       ??0sentry@?$basic_ostream@DU?$char_traits@D@std@@@std@@QEAA@AEAV12@@Z 0000000180008d30 f i UniquePosition.obj
 0001:00007db0       ?flush@?$basic_ostream@DU?$char_traits@D@std@@@std@@QEAAAEAV12@XZ 0000000180008db0 f i UniquePosition.obj
 0001:00007ea0       ?put@?$basic_ostream@DU?$char_traits@D@std@@@std@@QEAAAEAV12@D@Z 0000000180008ea0 f i UniquePosition.obj
 0001:00008010       ?widen@?$basic_ios@DU?$char_traits@D@std@@@std@@QEBADD@Z 0000000180009010 f i UniquePosition.obj
 0001:00008090       ??1_Sentry_base@?$basic_ostream@DU?$char_traits@D@std@@@std@@QEAA@XZ 0000000180009090 f i UniquePosition.obj
 0001:000080fc       __imp_load_?New@Signature@v8@@SA?AV?$Local@VSignature@v8@@@2@PEAVIsolate@2@V?$Local@VFunctionTemplate@v8@@@2@@Z 00000001800090fc f   node:node.exe
 0001:00008108       __tailMerge_node_exe       0000000180009108 f i node:node.exe
 0001:00008181       __imp_load_?GetCurrentContext@Isolate@v8@@QEAA?AV?$Local@VContext@v8@@@2@XZ 0000000180009181 f   node:node.exe
 0001:0000818d       __imp_load_?GetCurrent@Isolate@v8@@SAPEAV12@XZ 000000018000918d f   node:node.exe
 0001:00008199       __imp_load_?CreateHandle@HandleScope@v8@@KAPEAPEAVObject@internal@2@PEAVIsolate@42@PEAV342@@Z 0000000180009199 f   node:node.exe
 0001:000081a5       __imp_load_??1HandleScope@v8@@QEAA@XZ 00000001800091a5 f   node:node.exe
 0001:000081b1       __imp_load_??0HandleScope@v8@@QEAA@PEAVIsolate@1@@Z 00000001800091b1 f   node:node.exe
 0001:000081bd       __imp_load_?Set@Template@v8@@QEAAXV?$Local@VName@v8@@@2@V?$Local@VData@v8@@@2@W4PropertyAttribute@2@@Z 00000001800091bd f   node:node.exe
 0001:000081c9       __imp_load_?SetClassName@FunctionTemplate@v8@@QEAAXV?$Local@VString@v8@@@2@@Z 00000001800091c9 f   node:node.exe
 0001:000081d5       __imp_load_?PrototypeTemplate@FunctionTemplate@v8@@QEAA?AV?$Local@VObjectTemplate@v8@@@2@XZ 00000001800091d5 f   node:node.exe
 0001:000081e1       __imp_load_?InstanceTemplate@FunctionTemplate@v8@@QEAA?AV?$Local@VObjectTemplate@v8@@@2@XZ 00000001800091e1 f   node:node.exe
 0001:000081ed       __imp_load_?GetFunction@FunctionTemplate@v8@@QEAA?AV?$Local@VFunction@v8@@@2@XZ 00000001800091ed f   node:node.exe
 0001:000081f9       __imp_load_?New@FunctionTemplate@v8@@SA?AV?$Local@VFunctionTemplate@v8@@@2@PEAVIsolate@2@P6AXAEBV?$FunctionCallbackInfo@VValue@v8@@@2@@ZV?$Local@VValue@v8@@@2@V?$Local@VSignature@v8@@@2@H@Z 00000001800091f9 f   node:node.exe
 0001:00008205       __imp_load_?ToLocalEmpty@V8@v8@@CAXXZ 0000000180009205 f   node:node.exe
 0001:00008211       __imp_load_?ClearWeak@V8@v8@@CAPEAXPEAPEAVObject@internal@2@@Z 0000000180009211 f   node:node.exe
 0001:0000821d       __imp_load_?MakeWeak@V8@v8@@CAXPEAPEAVObject@internal@2@PEAXP6AXAEBV?$WeakCallbackInfo@X@2@@ZW4WeakCallbackType@2@@Z 000000018000921d f   node:node.exe
 0001:00008229       __imp_load_?DisposeGlobal@V8@v8@@CAXPEAPEAVObject@internal@2@@Z 0000000180009229 f   node:node.exe
 0001:00008235       __imp_load_?GlobalizeReference@V8@v8@@CAPEAPEAVObject@internal@2@PEAVIsolate@42@PEAPEAV342@@Z 0000000180009235 f   node:node.exe
 0001:00008241       __imp_load_?NumberValue@Value@v8@@QEBANXZ 0000000180009241 f   node:node.exe
 0001:0000824d       __imp_load_??1Utf8Value@String@v8@@QEAA@XZ 000000018000924d f   node:node.exe
 0001:00008259       __imp_load_??0Utf8Value@String@v8@@QEAA@V?$Local@VValue@v8@@@2@@Z 0000000180009259 f   node:node.exe
 0001:00008265       __imp_load_?NewFromUtf8@String@v8@@SA?AV?$Local@VString@v8@@@2@PEAVIsolate@2@PEBDW4NewStringType@12@H@Z 0000000180009265 f   node:node.exe
 0001:00008271       __imp_load_?New@Number@v8@@SA?AV?$Local@VNumber@v8@@@2@PEAVIsolate@2@N@Z 0000000180009271 f   node:node.exe
 0001:0000827d       __imp_load_?SlowGetAlignedPointerFromInternalField@Object@v8@@AEAAPEAXH@Z 000000018000927d f   node:node.exe
 0001:00008289       __imp_load_?SetAlignedPointerInInternalField@Object@v8@@QEAAXHPEAX@Z 0000000180009289 f   node:node.exe
 0001:00008295       __imp_load_?InternalFieldCount@Object@v8@@QEAAHXZ 0000000180009295 f   node:node.exe
 0001:000082a1       __imp_load_?Set@Object@v8@@QEAA_NV?$Local@VValue@v8@@@2@0@Z 00000001800092a1 f   node:node.exe
 0001:000082ad       __imp_load_?SetName@Function@v8@@QEAAXV?$Local@VString@v8@@@2@@Z 00000001800092ad f   node:node.exe
 0001:000082b9       __imp_load_?NewInstance@Function@v8@@QEBA?AV?$MaybeLocal@VObject@v8@@@2@V?$Local@VContext@v8@@@2@HQEAV?$Local@VValue@v8@@@2@@Z 00000001800092b9 f   node:node.exe
 0001:000082c5       __imp_load_?SetInternalFieldCount@ObjectTemplate@v8@@QEAAXH@Z 00000001800092c5 f   node:node.exe
 0001:000082d1       __imp_load_node_module_register 00000001800092d1 f   node:node.exe
 0001:000082dd       __imp_load_?Data@Buffer@node@@YAPEADV?$Local@VObject@v8@@@v8@@@Z 00000001800092dd f   node:node.exe
 0001:000082e9       __imp_load_?ToObject@Value@v8@@QEBA?AV?$Local@VObject@v8@@@2@XZ 00000001800092e9 f   node:node.exe
 0001:000082f8       ??0_Init_locks@std@@QEAA@XZ 00000001800092f8 f   libcpmt:xlock.obj
 0001:00008344       ??0_Lockit@std@@QEAA@H@Z   0000000180009344 f   libcpmt:xlock.obj
 0001:00008380       ??1_Init_locks@std@@QEAA@XZ 0000000180009380 f   libcpmt:xlock.obj
 0001:000083c4       ??1_Lockit@std@@QEAA@XZ    00000001800093c4 f   libcpmt:xlock.obj
 0001:000083f8       ??$use_facet@V?$codecvt@DDU_Mbstatet@@@std@@@std@@YAAEBV?$codecvt@DDU_Mbstatet@@@0@AEBVlocale@0@@Z 00000001800093f8 f i libcpmt:cout.obj
 0001:00008530       ??0?$basic_ostream@DU?$char_traits@D@std@@@std@@QEAA@PEAV?$basic_streambuf@DU?$char_traits@D@std@@@1@_N@Z 0000000180009530 f i libcpmt:cout.obj
 0001:000085f8       ??0?$basic_streambuf@DU?$char_traits@D@std@@@std@@IEAA@XZ 00000001800095f8 f i libcpmt:cout.obj
 0001:000086a8       ??0_Init_cout@std@@QEAA@XZ 00000001800096a8 f i libcpmt:cout.obj
 0001:00008714       ??0bad_cast@std@@QEAA@AEBV01@@Z 0000000180009714 f i libcpmt:cout.obj
 0001:00008754       ??0bad_cast@std@@QEAA@XZ   0000000180009754 f i libcpmt:cout.obj
 0001:00008774       ??0exception@std@@QEAA@AEBV01@@Z 0000000180009774 f i libcpmt:cout.obj
 0001:000087ac       ??1?$basic_filebuf@DU?$char_traits@D@std@@@std@@UEAA@XZ 00000001800097ac f i libcpmt:cout.obj
 0001:00008858       ??1?$basic_ios@DU?$char_traits@D@std@@@std@@UEAA@XZ 0000000180009858 f i libcpmt:cout.obj
 0001:0000887c       ??_E?$basic_ostream@DU?$char_traits@D@std@@@std@@$4PPPPPPPM@A@EAAPEAXI@Z 000000018000987c f i libcpmt:cout.obj
 0001:00008888       ??_E?$basic_filebuf@DU?$char_traits@D@std@@@std@@UEAAPEAXI@Z 0000000180009888 f i libcpmt:cout.obj
 0001:00008888       ??_G?$basic_filebuf@DU?$char_traits@D@std@@@std@@UEAAPEAXI@Z 0000000180009888 f i libcpmt:cout.obj
 0001:000088bc       ??_E?$basic_ios@DU?$char_traits@D@std@@@std@@UEAAPEAXI@Z 00000001800098bc f i libcpmt:cout.obj
 0001:000088bc       ??_G?$basic_ios@DU?$char_traits@D@std@@@std@@UEAAPEAXI@Z 00000001800098bc f i libcpmt:cout.obj
 0001:00008908       ??_G?$basic_ostream@DU?$char_traits@D@std@@@std@@UEAAPEAXI@Z 0000000180009908 f i libcpmt:cout.obj
 0001:00008908       ??_E?$basic_ostream@DU?$char_traits@D@std@@@std@@UEAAPEAXI@Z 0000000180009908 f i libcpmt:cout.obj
 0001:0000897c       ??_G?$basic_streambuf@DU?$char_traits@D@std@@@std@@UEAAPEAXI@Z 000000018000997c f i libcpmt:cout.obj
 0001:0000897c       ??_E?$basic_streambuf@DU?$char_traits@D@std@@@std@@UEAAPEAXI@Z 000000018000997c f i libcpmt:cout.obj
 0001:000089cc       ??_E?$codecvt@DDU_Mbstatet@@@std@@MEAAPEAXI@Z 00000001800099cc f i libcpmt:cout.obj
 0001:000089cc       ??_G?$codecvt@DDU_Mbstatet@@@std@@MEAAPEAXI@Z 00000001800099cc f i libcpmt:cout.obj
 0001:000089f8       ??_Gios_base@std@@UEAAPEAXI@Z 00000001800099f8 f i libcpmt:cout.obj
 0001:000089f8       ??_Eios_base@std@@UEAAPEAXI@Z 00000001800099f8 f i libcpmt:cout.obj
 0001:00008a44       ??_Glocale@std@@QEAAPEAXI@Z 0000000180009a44 f i libcpmt:cout.obj
 0001:00008ad4       ?_Endwrite@?$basic_filebuf@DU?$char_traits@D@std@@@std@@IEAA_NXZ 0000000180009ad4 f i libcpmt:cout.obj
 0001:00008c88       ?_Getcat@?$codecvt@DDU_Mbstatet@@@std@@SA_KPEAPEBVfacet@locale@2@PEBV42@@Z 0000000180009c88 f i libcpmt:cout.obj
 0001:00008d4c       ?_Init@?$basic_filebuf@DU?$char_traits@D@std@@@std@@IEAAXPEAU_iobuf@@W4_Initfl@12@@Z 0000000180009d4c f i libcpmt:cout.obj
 0001:00008e38       ?_Init@ios_base@std@@IEAAXXZ 0000000180009e38 f i libcpmt:cout.obj
 0001:00008eb8       ?_Initcvt@?$basic_filebuf@DU?$char_traits@D@std@@@std@@IEAAXPEBV?$codecvt@DDU_Mbstatet@@@2@@Z 0000000180009eb8 f i libcpmt:cout.obj
 0001:00008f58       ?_Lock@?$basic_filebuf@DU?$char_traits@D@std@@@std@@UEAAXXZ 0000000180009f58 f i libcpmt:cout.obj
 0001:00008f74       ?_Unlock@?$basic_filebuf@DU?$char_traits@D@std@@@std@@UEAAXXZ 0000000180009f74 f i libcpmt:cout.obj
 0001:00008f90       __acrt_uninitialize_command_line 0000000180009f90 f i libucrt:argv_data.obj
 0001:00008f90       ?do_always_noconv@?$codecvt@DDU_Mbstatet@@@std@@MEBA_NXZ 0000000180009f90 f i libcpmt:cout.obj
 0001:00008f94       ?do_out@?$codecvt@DDU_Mbstatet@@@std@@MEBAHAEAU_Mbstatet@@PEBD1AEAPEBDPEAD3AEAPEAD@Z 0000000180009f94 f i libcpmt:cout.obj
 0001:00008f94       ?do_in@?$codecvt@DDU_Mbstatet@@@std@@MEBAHAEAU_Mbstatet@@PEBD1AEAPEBDPEAD3AEAPEAD@Z 0000000180009f94 f i libcpmt:cout.obj
 0001:00008fb0       ?do_length@?$codecvt@DDU_Mbstatet@@@std@@MEBAHAEAU_Mbstatet@@PEBD1_K@Z 0000000180009fb0 f i libcpmt:cout.obj
 0001:00008fc4       ?do_max_length@codecvt_base@std@@MEBAHXZ 0000000180009fc4 f i libcpmt:cout.obj
 0001:00008fc4       ?do_encoding@codecvt_base@std@@MEBAHXZ 0000000180009fc4 f i libcpmt:cout.obj
 0001:00008fc4       DllMain                    0000000180009fc4 f i LIBCMT:dll_dllmain_stub.obj
 0001:00008fcc       ?do_unshift@?$codecvt@DDU_Mbstatet@@@std@@MEBAHAEAU_Mbstatet@@PEAD1AEAPEAD@Z 0000000180009fcc f i libcpmt:cout.obj
 0001:00008fd8       ?imbue@?$basic_filebuf@DU?$char_traits@D@std@@@std@@MEAAXAEBVlocale@2@@Z 0000000180009fd8 f i libcpmt:cout.obj
 0001:00008ffc       ?overflow@?$basic_filebuf@DU?$char_traits@D@std@@@std@@MEAAHH@Z 0000000180009ffc f i libcpmt:cout.obj
 0001:00009254       ?pbackfail@?$basic_filebuf@DU?$char_traits@D@std@@@std@@MEAAHH@Z 000000018000a254 f i libcpmt:cout.obj
 0001:00009324       ?seekoff@?$basic_filebuf@DU?$char_traits@D@std@@@std@@MEAA?AV?$fpos@U_Mbstatet@@@2@_JHH@Z 000000018000a324 f i libcpmt:cout.obj
 0001:00009410       ?seekpos@?$basic_filebuf@DU?$char_traits@D@std@@@std@@MEAA?AV?$fpos@U_Mbstatet@@@2@V32@H@Z 000000018000a410 f i libcpmt:cout.obj
 0001:00009510       ?seekoff@?$basic_streambuf@DU?$char_traits@D@std@@@std@@MEAA?AV?$fpos@U_Mbstatet@@@2@_JHH@Z 000000018000a510 f i libcpmt:cout.obj
 0001:00009510       ?seekpos@?$basic_streambuf@DU?$char_traits@D@std@@@std@@MEAA?AV?$fpos@U_Mbstatet@@@2@V32@H@Z 000000018000a510 f i libcpmt:cout.obj
 0001:0000952c       ?setbuf@?$basic_filebuf@DU?$char_traits@D@std@@@std@@MEAAPEAV?$basic_streambuf@DU?$char_traits@D@std@@@2@PEAD_J@Z 000000018000a52c f i libcpmt:cout.obj
 0001:00009580       ?setbuf@?$basic_streambuf@DU?$char_traits@D@std@@@std@@MEAAPEAV12@PEAD_J@Z 000000018000a580 f i libcpmt:cout.obj
 0001:00009584       ?sync@?$basic_filebuf@DU?$char_traits@D@std@@@std@@MEAAHXZ 000000018000a584 f i libcpmt:cout.obj
 0001:000095e4       ?uflow@?$basic_filebuf@DU?$char_traits@D@std@@@std@@MEAAHXZ 000000018000a5e4 f i libcpmt:cout.obj
 0001:0000987c       ?uflow@?$basic_streambuf@DU?$char_traits@D@std@@@std@@MEAAHXZ 000000018000a87c f i libcpmt:cout.obj
 0001:000098c8       ?underflow@?$basic_filebuf@DU?$char_traits@D@std@@@std@@MEAAHXZ 000000018000a8c8 f i libcpmt:cout.obj
 0001:00009940       ?underflow@?$basic_streambuf@DU?$char_traits@D@std@@@std@@MEAAHXZ 000000018000a940 f i libcpmt:cout.obj
 0001:00009940       ?overflow@?$basic_streambuf@DU?$char_traits@D@std@@@std@@MEAAHH@Z 000000018000a940 f i libcpmt:cout.obj
 0001:00009940       ?pbackfail@?$basic_streambuf@DU?$char_traits@D@std@@@std@@MEAAHH@Z 000000018000a940 f i libcpmt:cout.obj
 0001:00009944       ?what@exception@std@@UEBAPEBDXZ 000000018000a944 f i libcpmt:cout.obj
 0001:00009958       ?xsgetn@?$basic_streambuf@DU?$char_traits@D@std@@@std@@MEAA_JPEAD_J@Z 000000018000a958 f i libcpmt:cout.obj
 0001:00009a18       ?xsputn@?$basic_streambuf@DU?$char_traits@D@std@@@std@@MEAA_JPEBD_J@Z 000000018000aa18 f i libcpmt:cout.obj
 0001:00009adc       ??4?$_Yarn@D@std@@QEAAAEAV01@PEBD@Z 000000018000aadc f i libcpmt:locale0.obj
 0001:00009b54       ??_G_Fac_node@std@@QEAAPEAXI@Z 000000018000ab54 f i libcpmt:locale0.obj
 0001:00009be0       ??_G_Locimp@locale@std@@MEAAPEAXI@Z 000000018000abe0 f i libcpmt:locale0.obj
 0001:00009be0       ??_E_Locimp@locale@std@@MEAAPEAXI@Z 000000018000abe0 f i libcpmt:locale0.obj
 0001:00009c4c       ?_Facet_Register@std@@YAXPEAV_Facet_base@1@@Z 000000018000ac4c f   libcpmt:locale0.obj
 0001:00009c84       ?_Getgloballocale@locale@std@@CAPEAV_Locimp@12@XZ 000000018000ac84 f   libcpmt:locale0.obj
 0001:00009c8c       ?_Init@locale@std@@CAPEAV_Locimp@12@_N@Z 000000018000ac8c f   libcpmt:locale0.obj
 0001:00009d48       ?_Locimp_dtor@_Locimp@locale@std@@CAXPEAV123@@Z 000000018000ad48 f   libcpmt:locale0.obj
 0001:00009df0       ?_Locinfo_ctor@_Locinfo@std@@SAXPEAV12@PEBD@Z 000000018000adf0 f   libcpmt:locale0.obj
 0001:00009e5c       ?_Locinfo_dtor@_Locinfo@std@@SAXPEAV12@@Z 000000018000ae5c f   libcpmt:locale0.obj
 0001:00009e80       ?_New_Locimp@_Locimp@locale@std@@CAPEAV123@_N@Z 000000018000ae80 f   libcpmt:locale0.obj
 0001:00009ef0       ?_Setgloballocale@locale@std@@CAXPEAX@Z 000000018000aef0 f   libcpmt:locale0.obj
 0001:00009f24       _Deletegloballocale        000000018000af24 f   libcpmt:locale0.obj
 0001:00009fac       ??0bad_alloc@std@@QEAA@AEBV01@@Z 000000018000afac f i libcpmt:xthrow.obj
 0001:00009fec       ??0bad_alloc@std@@QEAA@XZ  000000018000afec f i libcpmt:xthrow.obj
 0001:0000a00c       ??0length_error@std@@QEAA@AEBV01@@Z 000000018000b00c f i libcpmt:xthrow.obj
 0001:0000a04c       ??0length_error@std@@QEAA@PEBD@Z 000000018000b04c f i libcpmt:xthrow.obj
 0001:0000a098       ??0logic_error@std@@QEAA@AEBV01@@Z 000000018000b098 f i libcpmt:xthrow.obj
 0001:0000a0d8       ??0out_of_range@std@@QEAA@AEBV01@@Z 000000018000b0d8 f i libcpmt:xthrow.obj
 0001:0000a118       ??0out_of_range@std@@QEAA@PEBD@Z 000000018000b118 f i libcpmt:xthrow.obj
 0001:0000a164       ??_Ebad_array_new_length@std@@UEAAPEAXI@Z 000000018000b164 f i LIBCMT:throw_bad_alloc.obj
 0001:0000a164       ??_Ebad_alloc@std@@UEAAPEAXI@Z 000000018000b164 f i libcpmt:xthrow.obj
 0001:0000a164       ??_Gbad_alloc@std@@UEAAPEAXI@Z 000000018000b164 f i libcpmt:xthrow.obj
 0001:0000a164       ??_Gbad_exception@std@@UEAAPEAXI@Z 000000018000b164 f i libvcruntime:frame.obj
 0001:0000a164       ??_Gexception@std@@UEAAPEAXI@Z 000000018000b164 f i libcpmt:cout.obj
 0001:0000a164       ??_Elength_error@std@@UEAAPEAXI@Z 000000018000b164 f i libcpmt:xthrow.obj
 0001:0000a164       ??_Elogic_error@std@@UEAAPEAXI@Z 000000018000b164 f i libcpmt:xthrow.obj
 0001:0000a164       ??_Ebad_cast@std@@UEAAPEAXI@Z 000000018000b164 f i libcpmt:cout.obj
 0001:0000a164       ??_Gout_of_range@std@@UEAAPEAXI@Z 000000018000b164 f i libcpmt:xthrow.obj
 0001:0000a164       ??_Eexception@std@@UEAAPEAXI@Z 000000018000b164 f i libcpmt:cout.obj
 0001:0000a164       ??_Gbad_cast@std@@UEAAPEAXI@Z 000000018000b164 f i libcpmt:cout.obj
 0001:0000a164       ??_Glogic_error@std@@UEAAPEAXI@Z 000000018000b164 f i libcpmt:xthrow.obj
 0001:0000a164       ??_Eout_of_range@std@@UEAAPEAXI@Z 000000018000b164 f i libcpmt:xthrow.obj
 0001:0000a164       ??_Gbad_array_new_length@std@@UEAAPEAXI@Z 000000018000b164 f i LIBCMT:throw_bad_alloc.obj
 0001:0000a164       ??_Ebad_exception@std@@UEAAPEAXI@Z 000000018000b164 f i libvcruntime:frame.obj
 0001:0000a164       ??_Glength_error@std@@UEAAPEAXI@Z 000000018000b164 f i libcpmt:xthrow.obj
 0001:0000a1a8       ?_Xlength_error@std@@YAXPEBD@Z 000000018000b1a8 f   libcpmt:xthrow.obj
 0001:0000a1cc       ?_Xout_of_range@std@@YAXPEBD@Z 000000018000b1cc f   libcpmt:xthrow.obj
 0001:0000a1f0       ?_Syserror_map@std@@YAPEBDH@Z 000000018000b1f0 f   libcpmt:syserror.obj
 0001:0000a218       _Getctype                  000000018000b218 f   libcpmt:_tolower.obj
 0001:0000a2d8       _Tolower                   000000018000b2d8 f   libcpmt:_tolower.obj
 0001:0000a400       _Toupper                   000000018000b400 f   libcpmt:_toupper.obj
 0001:0000a538       _Mtxdst                    000000018000b538 f   libcpmt:xmtx.obj
 0001:0000a540       _Mtxinit                   000000018000b540 f   libcpmt:xmtx.obj
 0001:0000a550       _Mtxlock                   000000018000b550 f   libcpmt:xmtx.obj
 0001:0000a558       _Mtxunlock                 000000018000b558 f   libcpmt:xmtx.obj
 0001:0000a560       ?_Addstd@ios_base@std@@SAXPEAV12@@Z 000000018000b560 f   libcpmt:ios.obj
 0001:0000a5d0       ?_Ios_base_dtor@ios_base@std@@CAXPEAV12@@Z 000000018000b5d0 f   libcpmt:ios.obj
 0001:0000a614       ?_Tidy@ios_base@std@@AEAAXXZ 000000018000b614 f i libcpmt:ios.obj
 0001:0000a6a4       ?_Atexit@@YAXP6AXXZ@Z      000000018000b6a4 f   libcpmt:iosptrs.obj
 0001:0000a6e4       __local_stdio_printf_options 000000018000b6e4 f i libcpmt:locale.obj
 0001:0000a6ec       __crtLCMapStringA          000000018000b6ec f   libcpmt:StlLCMapStringA.obj
 0001:0000aeb0       __crtInitializeCriticalSectionEx 000000018000beb0 f   libcpmt:winapisupp.obj
 0001:0000af10       GetTableIndexFromLocaleName 000000018000bf10 f   libcpmt:winapinls.obj
 0001:0000af9c       __crtDownlevelLocaleNameToLCID 000000018000bf9c f   libcpmt:winapinls.obj
 0001:0000afd0       __crtLCMapStringEx         000000018000bfd0 f   libcpmt:winapinls.obj
 0001:0000b08c       __wcsnicmp_ascii           000000018000c08c f   libcpmt:winapinls.obj
 0001:0000b100       __security_check_cookie    000000018000c100 f   LIBCMT:_amdsecgs_.obj
 0001:0000b26c       _Init_thread_footer        000000018000c26c f   LIBCMT:thread_safe_statics.obj
 0001:0000b2cc       _Init_thread_header        000000018000c2cc f   LIBCMT:thread_safe_statics.obj
 0001:0000b334       _Init_thread_notify        000000018000c334 f   LIBCMT:thread_safe_statics.obj
 0001:0000b390       _Init_thread_wait          000000018000c390 f   LIBCMT:thread_safe_statics.obj
 0001:0000b428       ??2@YAPEAX_K@Z             000000018000c428 f   LIBCMT:new_scalar.obj
 0001:0000b464       __scrt_acquire_startup_lock 000000018000c464 f   LIBCMT:utility.obj
 0001:0000b4a0       __scrt_dllmain_after_initialize_c 000000018000c4a0 f   LIBCMT:utility.obj
 0001:0000b4c0       __scrt_dllmain_before_initialize_c 000000018000c4c0 f   LIBCMT:utility.obj
 0001:0000b4d8       __scrt_dllmain_crt_thread_attach 000000018000c4d8 f   LIBCMT:utility.obj
 0001:0000b500       __scrt_dllmain_crt_thread_detach 000000018000c500 f   LIBCMT:utility.obj
 0001:0000b518       __scrt_dllmain_exception_filter 000000018000c518 f   LIBCMT:utility.obj
 0001:0000b57c       __scrt_dllmain_uninitialize_c 000000018000c57c f   LIBCMT:utility.obj
 0001:0000b5ac       __scrt_dllmain_uninitialize_critical 000000018000c5ac f   LIBCMT:utility.obj
 0001:0000b5c0       __scrt_initialize_crt      000000018000c5c0 f   LIBCMT:utility.obj
 0001:0000b60c       __scrt_initialize_onexit_tables 000000018000c60c f   LIBCMT:utility.obj
 0001:0000b6d8       __scrt_is_nonwritable_in_current_image 000000018000c6d8 f   LIBCMT:utility.obj
 0001:0000b774       __scrt_release_startup_lock 000000018000c774 f   LIBCMT:utility.obj
 0001:0000b798       __scrt_uninitialize_crt    000000018000c798 f   LIBCMT:utility.obj
 0001:0000b7c4       _onexit                    000000018000c7c4 f   LIBCMT:utility.obj
 0001:0000b814       atexit                     000000018000c814 f   LIBCMT:utility.obj
 0001:0000b82c       ??3@YAXPEAX@Z              000000018000c82c f   LIBCMT:delete_scalar.obj
 0001:0000b834       ??3@YAXPEAX_K@Z            000000018000c834 f   LIBCMT:delete_scalar_size.obj
 0001:0000b834       ??_V@YAXPEAX@Z             000000018000c834 f   LIBCMT:delete_array.obj
 0001:0000bb98       _DllMainCRTStartup         000000018000cb98 f   LIBCMT:dll_dllmain.obj
 0001:0000bbd8       __GSHandlerCheck           000000018000cbd8 f   LIBCMT:_gshandler_.obj
 0001:0000bbf8       __GSHandlerCheckCommon     000000018000cbf8 f   LIBCMT:_gshandler_.obj
 0001:0000bc54       __GSHandlerCheck_EH        000000018000cc54 f   LIBCMT:gshandlereh.obj
 0001:0000bce4       _guard_check_icall         000000018000cce4 f i LIBCMT:checkcfg.obj
 0001:0000bcec       ??_Etype_info@@UEAAPEAXI@Z 000000018000ccec f i LIBCMT:std_type_info_static.obj
 0001:0000bcec       ??_Gtype_info@@UEAAPEAXI@Z 000000018000ccec f i LIBCMT:std_type_info_static.obj
 0001:0000bd30       __chkstk                   000000018000cd30 f   LIBCMT:_chkstk_.obj
 0001:0000bd30       _alloca_probe              000000018000cd30 f   LIBCMT:_chkstk_.obj
 0001:0000bd84       __raise_securityfailure    000000018000cd84 f   LIBCMT:gs_report.obj
 0001:0000bdb8       __report_gsfailure         000000018000cdb8 f   LIBCMT:gs_report.obj
 0001:0000be8c       __report_rangecheckfailure 000000018000ce8c f   LIBCMT:gs_report.obj
 0001:0000bea0       __report_securityfailure   000000018000cea0 f   LIBCMT:gs_report.obj
 0001:0000c020       __crt_debugger_hook        000000018000d020 f   LIBCMT:utility_desktop.obj
 0001:0000c028       __scrt_fastfail            000000018000d028 f   LIBCMT:utility_desktop.obj
 0001:0000c170       ??0bad_array_new_length@std@@QEAA@AEBV01@@Z 000000018000d170 f i LIBCMT:throw_bad_alloc.obj
 0001:0000c1b0       ??0bad_array_new_length@std@@QEAA@XZ 000000018000d1b0 f i LIBCMT:throw_bad_alloc.obj
 0001:0000c1d0       ?_Xbad_alloc@std@@YAXXZ    000000018000d1d0 f   libcpmt:xthrow.obj
 0001:0000c1d0       ?__scrt_throw_std_bad_alloc@@YAXXZ 000000018000d1d0 f   LIBCMT:throw_bad_alloc.obj
 0001:0000c1f0       ?__scrt_throw_std_bad_array_new_length@@YAXXZ 000000018000d1f0 f   LIBCMT:throw_bad_alloc.obj
 0001:0000c210       __isa_available_init       000000018000d210 f   LIBCMT:_cpu_disp_.obj
 0001:0000c3d4       __scrt_is_ucrt_dll_in_use  000000018000d3d4 f   LIBCMT:ucrt_detection.obj
 0001:0000c3e0       __security_init_cookie     000000018000d3e0 f   LIBCMT:gs_support.obj
 0001:0000c48c       ?__scrt_initialize_type_info@@YAXXZ 000000018000d48c f   LIBCMT:tncleanup.obj
 0001:0000c49c       ?__scrt_uninitialize_type_info@@YAXXZ 000000018000d49c f   LIBCMT:tncleanup.obj
 0001:0000c4a8       __local_stdio_scanf_options 000000018000d4a8 f i LIBCMT:default_local_stdio_options.obj
 0001:0000c4b0       __scrt_initialize_default_local_stdio_options 000000018000d4b0 f   LIBCMT:default_local_stdio_options.obj
 0001:0000c4cc       __scrt_get_dyn_tls_init_callback 000000018000d4cc f   LIBCMT:dyn_tls_init.obj
 0001:0000c4d4       _RTC_Initialize            000000018000d4d4 f   LIBCMT:_initsect_.obj
 0001:0000c520       _RTC_Terminate             000000018000d520 f   LIBCMT:_initsect_.obj
 0001:0000c580       memcpy                     000000018000d580 f   libvcruntime:memcpy.obj
 0001:0000c580       memmove                    000000018000d580 f   libvcruntime:memcpy.obj
 0001:0000c9b8       _purecall                  000000018000d9b8 f   libvcruntime:purevirt.obj
 0001:0000c9f4       memchr                     000000018000d9f4 f   libvcruntime:memchr.obj
 0001:0000ca10       __DestructExceptionObject  000000018000da10 f   libvcruntime:frame.obj
 0001:0000ca98       ??0bad_exception@std@@QEAA@AEBV01@@Z 000000018000da98 f i libvcruntime:frame.obj
 0001:0000cad8       ??0bad_exception@std@@QEAA@XZ 000000018000dad8 f i libvcruntime:frame.obj
 0001:0000caf8       ??1bad_array_new_length@std@@UEAA@XZ 000000018000daf8 f i LIBCMT:throw_bad_alloc.obj
 0001:0000caf8       ??1bad_alloc@std@@UEAA@XZ  000000018000daf8 f i libcpmt:xthrow.obj
 0001:0000caf8       ??1bad_cast@std@@UEAA@XZ   000000018000daf8 f i libcpmt:cout.obj
 0001:0000caf8       ??1bad_exception@std@@UEAA@XZ 000000018000daf8 f i libvcruntime:frame.obj
 0001:0000caf8       ??1length_error@std@@UEAA@XZ 000000018000daf8 f i libcpmt:xthrow.obj
 0001:0000caf8       ??1out_of_range@std@@UEAA@XZ 000000018000daf8 f i libcpmt:xthrow.obj
 0001:0000d434       ?_CallMemberFunction0@@YAXPEAXP6AX0@Z@Z 000000018000e434 f i libvcruntime:frame.obj
 0001:0000d438       ?_CallMemberFunction1@@YAXPEAXP6AX0@Z0@Z 000000018000e438 f i libvcruntime:frame.obj
 0001:0000d444       ?_CallMemberFunction2@@YAXPEAXP6AX0@Z0H@Z 000000018000e444 f i libvcruntime:frame.obj
 0001:0000d454       __AdjustPointer            000000018000e454 f   libvcruntime:frame.obj
 0001:0000d478       __BuildCatchObject         000000018000e478 f   libvcruntime:frame.obj
 0001:0000d540       __BuildCatchObjectHelper   000000018000e540 f   libvcruntime:frame.obj
 0001:0000d724       __CxxCallCatchBlock        000000018000e724 f   libvcruntime:frame.obj
 0001:0000d910       __FrameUnwindFilter        000000018000e910 f   libvcruntime:frame.obj
 0001:0000d95c       __FrameUnwindToState       000000018000e95c f   libvcruntime:frame.obj
 0001:0000daf0       __InternalCxxFrameHandler  000000018000eaf0 f   libvcruntime:frame.obj
 0001:0000dd48       __TypeMatch                000000018000ed48 f   libvcruntime:frame.obj
 0001:0000de88       __std_terminate            000000018000ee88 f   libvcruntime:frame.obj
 0001:0000de94       __std_exception_copy       000000018000ee94 f   libvcruntime:std_exception.obj
 0001:0000df24       __std_exception_destroy    000000018000ef24 f   libvcruntime:std_exception.obj
 0001:0000df4c       _CxxThrowException         000000018000ef4c f   libvcruntime:throw.obj
 0001:0000e024       ?_GetEstablisherFrame@@YAPEA_KPEA_KPEAU_xDISPATCHER_CONTEXT@@PEBU_s_FuncInfo@@0@Z 000000018000f024 f   libvcruntime:trnsctrl.obj
 0001:0000e0f0       ?_GetRangeOfTrysToCheck@@YAPEBU_s_TryBlockMapEntry@@PEA_KPEBU_s_FuncInfo@@HHPEAI2PEAU_xDISPATCHER_CONTEXT@@@Z 000000018000f0f0 f   libvcruntime:trnsctrl.obj
 0001:0000e21c       ?__FrameUnwindToEmptyState@@YAXPEA_KPEAU_xDISPATCHER_CONTEXT@@PEBU_s_FuncInfo@@@Z 000000018000f21c f   libvcruntime:trnsctrl.obj
 0001:0000e2b0       ?__SehTransFilter@@YAHPEAU_EXCEPTION_POINTERS@@PEAUEHExceptionRecord@@PEA_KPEAU_CONTEXT@@PEAU_xDISPATCHER_CONTEXT@@PEBU_s_FuncInfo@@PEAH@Z 000000018000f2b0 f   libvcruntime:trnsctrl.obj
 0001:0000e348       _CallSETranslator          000000018000f348 f   libvcruntime:trnsctrl.obj
 0001:0000e3a0       _CreateFrameInfo           000000018000f3a0 f   libvcruntime:trnsctrl.obj
 0001:0000e3dc       _FindAndUnlinkFrame        000000018000f3dc f   libvcruntime:trnsctrl.obj
 0001:0000e434       _GetImageBase              000000018000f434 f   libvcruntime:trnsctrl.obj
 0001:0000e448       _GetThrowImageBase         000000018000f448 f   libvcruntime:trnsctrl.obj
 0001:0000e45c       _IsExceptionObjectToBeDestroyed 000000018000f45c f   libvcruntime:trnsctrl.obj
 0001:0000e48c       _SetImageBase              000000018000f48c f   libvcruntime:trnsctrl.obj
 0001:0000e4a4       _SetThrowImageBase         000000018000f4a4 f   libvcruntime:trnsctrl.obj
 0001:0000e4bc       _UnwindNestedFrames        000000018000f4bc f   libvcruntime:trnsctrl.obj
 0001:0000e5e0       __CxxFrameHandler3         000000018000f5e0 f   libvcruntime:trnsctrl.obj
 0001:0000e670       memset                     000000018000f670 f   libvcruntime:memset.obj
 0001:0000e820       memcmp                     000000018000f820 f   libvcruntime:memcmp.obj
 0001:0000eab0       __vcrt_EventRegister       000000018000fab0 f   libvcruntime:winapi_downlevel.obj
 0001:0000eb34       __vcrt_EventSetInformation 000000018000fb34 f   libvcruntime:winapi_downlevel.obj
 0001:0000ebb8       __vcrt_EventUnregister     000000018000fbb8 f   libvcruntime:winapi_downlevel.obj
 0001:0000ec0c       __vcrt_EventWriteTransfer  000000018000fc0c f   libvcruntime:winapi_downlevel.obj
 0001:0000eca4       __vcrt_FlsAlloc            000000018000fca4 f   libvcruntime:winapi_downlevel.obj
 0001:0000ecf8       __vcrt_FlsFree             000000018000fcf8 f   libvcruntime:winapi_downlevel.obj
 0001:0000ed4c       __vcrt_FlsGetValue         000000018000fd4c f   libvcruntime:winapi_downlevel.obj
 0001:0000eda0       __vcrt_FlsSetValue         000000018000fda0 f   libvcruntime:winapi_downlevel.obj
 0001:0000ee08       __vcrt_InitializeCriticalSectionEx 000000018000fe08 f   libvcruntime:winapi_downlevel.obj
 0001:0000ee80       __vcrt_initialize_winapi_thunks 000000018000fe80 f   libvcruntime:winapi_downlevel.obj
 0001:0000eeb8       __vcrt_uninitialize_winapi_thunks 000000018000feb8 f   libvcruntime:winapi_downlevel.obj
 0001:0000eef8       __vcrt_initialize          000000018000fef8 f   libvcruntime:initialization.obj
 0001:0000ef30       __vcrt_thread_attach       000000018000ff30 f   libvcruntime:initialization.obj
 0001:0000ef44       __vcrt_thread_detach       000000018000ff44 f   libvcruntime:initialization.obj
 0001:0000ef58       __vcrt_uninitialize        000000018000ff58 f   libvcruntime:initialization.obj
 0001:0000ef84       __vcrt_uninitialize_critical 000000018000ff84 f   libvcruntime:initialization.obj
 0001:0000ef94       __C_specific_handler       000000018000ff94 f   libvcruntime:_chandler_.obj
 0001:0000f188       __telemetry_main_invoke_trigger 0000000180010188 f   libvcruntime:telemetry.obj
 0001:0000f2a0       __telemetry_main_return_trigger 00000001800102a0 f   libvcruntime:telemetry.obj
 0001:0000f3b8       __vcrt_initialize_telemetry_provider 00000001800103b8 f   libvcruntime:telemetry.obj
 0001:0000f3cc       __vcrt_uninitialize_telemetry_provider 00000001800103cc f   libvcruntime:telemetry.obj
 0001:0000f3ec       __std_type_info_compare    00000001800103ec f   libvcruntime:std_type_info.obj
 0001:0000f414       __std_type_info_destroy_list 0000000180010414 f   libvcruntime:std_type_info.obj
 0001:0000f440       __vcrt_initialize_pure_virtual_call_handler 0000000180010440 f   libvcruntime:purevirt_data.obj
 0001:0000f464       __vcrt_freefls             0000000180010464 f   libvcruntime:per_thread_data.obj
 0001:0000f484       __vcrt_freeptd             0000000180010484 f   libvcruntime:per_thread_data.obj
 0001:0000f4d4       __vcrt_getptd              00000001800104d4 f   libvcruntime:per_thread_data.obj
 0001:0000f4f0       __vcrt_getptd_noexit       00000001800104f0 f   libvcruntime:per_thread_data.obj
 0001:0000f598       __vcrt_initialize_ptd      0000000180010598 f   libvcruntime:per_thread_data.obj
 0001:0000f5d8       __vcrt_uninitialize_ptd    00000001800105d8 f   libvcruntime:per_thread_data.obj
 0001:0000f5fc       ?__GetCurrentState@@YAHPEA_KPEAU_xDISPATCHER_CONTEXT@@PEBU_s_FuncInfo@@@Z 00000001800105fc f   libvcruntime:ehstate.obj
 0001:0000f624       ?__GetUnwindTryBlock@@YAHPEA_KPEAU_xDISPATCHER_CONTEXT@@PEBU_s_FuncInfo@@@Z 0000000180010624 f   libvcruntime:ehstate.obj
 0001:0000f650       ?__SetState@@YAXPEA_KPEAU_xDISPATCHER_CONTEXT@@PEBU_s_FuncInfo@@H@Z 0000000180010650 f   libvcruntime:ehstate.obj
 0001:0000f65c       ?__SetUnwindTryBlock@@YAXPEA_KPEAU_xDISPATCHER_CONTEXT@@PEBU_s_FuncInfo@@H@Z 000000018001065c f   libvcruntime:ehstate.obj
 0001:0000f698       ?__StateFromControlPc@@YAHPEBU_s_FuncInfo@@PEAU_xDISPATCHER_CONTEXT@@@Z 0000000180010698 f   libvcruntime:ehstate.obj
 0001:0000f6a0       ?__StateFromIp@@YAHPEBU_s_FuncInfo@@PEAU_xDISPATCHER_CONTEXT@@_J@Z 00000001800106a0 f   libvcruntime:ehstate.obj
 0001:0000f720       _CallSettingFrame          0000000180010720 f   libvcruntime:handlers.obj
 0001:0000f770       _local_unwind              0000000180010770 f   libvcruntime:_jmpuwind_.obj
 0001:0000f7a0       _NLG_Notify                00000001800107a0 f   libvcruntime:_jmpuwind_.obj
 0001:0000f7c0       __NLG_Dispatch2            00000001800107c0 f   libvcruntime:_jmpuwind_.obj
 0001:0000f7d0       __NLG_Return2              00000001800107d0 f   libvcruntime:_jmpuwind_.obj
 0001:0000f7d4       __vcrt_initialize_locks    00000001800107d4 f   libvcruntime:locks.obj
 0001:0000f81c       __vcrt_uninitialize_locks  000000018001081c f   libvcruntime:locks.obj
 0001:0000f854       abort                      0000000180010854 f   libucrt:abort.obj
 0001:0000f8ac       __acrt_call_reportfault    00000001800108ac f   libucrt:invalid_parameter.obj
 0001:0000fa08       __acrt_initialize_invalid_parameter_handler 0000000180010a08 f   libucrt:invalid_parameter.obj
 0001:0000fa10       _invalid_parameter         0000000180010a10 f   libucrt:invalid_parameter.obj
 0001:0000fab8       _invalid_parameter_noinfo  0000000180010ab8 f   libucrt:invalid_parameter.obj
 0001:0000fad8       _invalid_parameter_noinfo_noreturn 0000000180010ad8 f   libucrt:invalid_parameter.obj
 0001:0000fb08       _invoke_watson             0000000180010b08 f   libucrt:invalid_parameter.obj
 0001:0000fb50       free                       0000000180010b50 f   libucrt:free.obj
 0001:00010540       ??$ftprintf@PEAU_iobuf@@PEB_WAEBQEB_WAEBQEB_WAEBI@?$__crt_char_traits@_W@@SAH$$QEAPEAU_iobuf@@$$QEAPEB_WAEBQEB_W2AEBI@Z 0000000180011540 f i libucrt:assert.obj
 0001:00010568       _wassert                   0000000180011568 f   libucrt:assert.obj
 0001:000105ec       fwprintf                   00000001800115ec f i libucrt:assert.obj
 0001:00010630       swprintf                   0000000180011630 f i libucrt:assert.obj
 0001:00010684       ??0_LocaleUpdate@@QEAA@QEAU__crt_locale_pointers@@@Z 0000000180011684 f i libucrt:stricmp.obj
 0001:00010714       __ascii_stricmp            0000000180011714 f   libucrt:stricmp.obj
 0001:00010750       _stricmp                   0000000180011750 f   libucrt:stricmp.obj
 0001:00010798       _stricmp_l                 0000000180011798 f   libucrt:stricmp.obj
 0001:0001084c       __acrt_initialize_locks    000000018001184c f   libucrt:locks.obj
 0001:00010894       __acrt_lock                0000000180011894 f   libucrt:locks.obj
 0001:000108b0       __acrt_uninitialize_locks  00000001800118b0 f   libucrt:locks.obj
 0001:000108e8       __acrt_unlock              00000001800118e8 f   libucrt:locks.obj
 0001:00010904       _lock_locales              0000000180011904 f   libucrt:locks.obj
 0001:00010914       _unlock_locales            0000000180011914 f   libucrt:locks.obj
 0001:00010924       __acrt_errno_from_os_error 0000000180011924 f   libucrt:errno.obj
 0001:0001096c       __acrt_errno_map_os_error  000000018001196c f   libucrt:errno.obj
 0001:000109bc       __doserrno                 00000001800119bc f   libucrt:errno.obj
 0001:000109dc       _errno                     00000001800119dc f   libucrt:errno.obj
 0001:000109fc       __acrt_initialize_stdio    00000001800119fc f   libucrt:_file.obj
 0001:00010b1c       __acrt_iob_func            0000000180011b1c f   libucrt:_file.obj
 0001:00010b30       __acrt_uninitialize_stdio  0000000180011b30 f   libucrt:_file.obj
 0001:00010b8c       _get_stream_buffer_pointers 0000000180011b8c f   libucrt:_file.obj
 0001:00010bd4       _lock_file                 0000000180011bd4 f   libucrt:_file.obj
 0001:00010be0       _unlock_file               0000000180011be0 f   libucrt:_file.obj
 0001:00010bec       _fclose_nolock             0000000180011bec f   libucrt:fclose.obj
 0001:00010c70       fclose                     0000000180011c70 f   libucrt:fclose.obj
 0001:00010cdc       __acrt_stdio_flush_nolock  0000000180011cdc f   libucrt:fflush.obj
 0001:00010d54       _fflush_nolock             0000000180011d54 f   libucrt:fflush.obj
 0001:00010da0       _flushall                  0000000180011da0 f   libucrt:fflush.obj
 0001:00010e90       fflush                     0000000180011e90 f   libucrt:fflush.obj
 0001:00010ed4       _fgetc_nolock              0000000180011ed4 f   libucrt:fgetc.obj
 0001:00010f18       fgetc                      0000000180011f18 f   libucrt:fgetc.obj
 0001:0001101c       fgetpos                    000000018001201c f   libucrt:fgetpos.obj
 0001:00011068       _fputc_nolock              0000000180012068 f   libucrt:fputc.obj
 0001:00011080       fputc                      0000000180012080 f   libucrt:fputc.obj
 0001:000111a0       fsetpos                    00000001800121a0 f   libucrt:fsetpos.obj
 0001:0001144c       _fseeki64                  000000018001244c f   libucrt:fseek.obj
 0001:00011454       ??$?RV<lambda_5d4c3fee44080f75d5d9762853974fe0>@@AEAV<lambda_532e024f4337e6fc7ad266c2bef9f4ed>@@V<lambda_c87bdc10097eb2402edb8ba9bdf0697b>@@@?$__crt_seh_guarded_call@_K@@QEAA_K$$QEAV<lambda_5d4c3fee44080f75d5d9762853974fe0>@@AEAV<lambda_532e024f4337e6fc7ad266c2bef9f4ed>@@$$QEAV<lambda_c87bdc10097eb2402edb8ba9bdf0697b>@@@Z 0000000180012454 f i libucrt:fwrite.obj
 0001:000114f8       _fwrite_nolock             00000001800124f8 f   libucrt:fwrite.obj
 0001:00011694       fwrite                     0000000180012694 f   libucrt:fwrite.obj
 0001:00011718       ??$?RV<lambda_7a5ef57ff966f610505f1d28a3d40618>@@AEAV<lambda_b721fa326cdb32351d23dfa67958c160>@@V<lambda_5e0fb27672408a07956fe59e48ccb2aa>@@@?$__crt_seh_guarded_call@H@@QEAAH$$QEAV<lambda_7a5ef57ff966f610505f1d28a3d40618>@@AEAV<lambda_b721fa326cdb32351d23dfa67958c160>@@$$QEAV<lambda_5e0fb27672408a07956fe59e48ccb2aa>@@@Z 0000000180012718 f i libucrt:setvbuf.obj
 0001:00011848       setvbuf                    0000000180012848 f   libucrt:setvbuf.obj
 0001:000118e8       _ungetc_nolock             00000001800128e8 f   libucrt:ungetc.obj
 0001:000119f8       ungetc                     00000001800129f8 f   libucrt:ungetc.obj
 0001:00011a58       malloc                     0000000180012a58 f   libucrt:malloc.obj
 0001:00011b48       setlocale                  0000000180012b48 f   libucrt:setlocale.obj
 0001:00011d14       _calloc_base               0000000180012d14 f   libucrt:calloc_base.obj
 0001:00011d8c       __pctype_func              0000000180012d8c f   libucrt:ctype.obj
 0001:00011dbc       isdigit                    0000000180012dbc f i libucrt:_ctype.obj
 0001:00011e30       islower                    0000000180012e30 f i libucrt:_ctype.obj
 0001:00011ea4       isupper                    0000000180012ea4 f i libucrt:_ctype.obj
 0001:00011f18       _wcsdup                    0000000180012f18 f   libucrt:wcsdup.obj
 0001:00011f9c       ___lc_codepage_func        0000000180012f9c f   libucrt:initctype.obj
 0001:00011fcc       ___lc_locale_name_func     0000000180012fcc f   libucrt:initctype.obj
 0001:00012000       __acrt_locale_initialize_ctype 0000000180013000 f   libucrt:initctype.obj
 0001:000125d4       _malloc_base               00000001800135d4 f   libucrt:malloc_base.obj
 0001:00012634       _realloc_base              0000000180013634 f   libucrt:realloc_base.obj
 0001:000126b8       ??$?RV<lambda_7b91131dde12e1c3dfc74ff76b3f2eac>@@AEAV<lambda_dd75445284c072d0bd3768540cc698fa>@@V<lambda_16bc4ecb55b4718497c16bceaea2ceaf>@@@?$__crt_seh_guarded_call@H@@QEAAH$$QEAV<lambda_7b91131dde12e1c3dfc74ff76b3f2eac>@@AEAV<lambda_dd75445284c072d0bd3768540cc698fa>@@$$QEAV<lambda_16bc4ecb55b4718497c16bceaea2ceaf>@@@Z 00000001800136b8 f i libucrt:output.obj
 0001:000126f8       ??$ensure_buffer_is_big_enough@D@formatting_buffer@__crt_stdio_output@@QEAA_N_K@Z 00000001800136f8 f i libucrt:output.obj
 0001:000127a4       ??$is_wide_character_specifier@_W@__crt_stdio_output@@YA_N_K_WW4length_modifier@0@@Z 00000001800137a4 f i libucrt:output.obj
 0001:000127e8       ??$type_case_integer_parse_into_buffer@I@?$output_processor@_WV?$stream_output_adapter@_W@__crt_stdio_output@@V?$standard_base@_WV?$stream_output_adapter@_W@__crt_stdio_output@@@2@@__crt_stdio_output@@AEAAXII_N@Z 00000001800137e8 f i libucrt:output.obj
 0001:000127e8       ??$type_case_integer_parse_into_buffer@I@?$output_processor@_WV?$string_output_adapter@_W@__crt_stdio_output@@V?$standard_base@_WV?$string_output_adapter@_W@__crt_stdio_output@@@2@@__crt_stdio_output@@AEAAXII_N@Z 00000001800137e8 f i libucrt:output.obj
 0001:00012884       ??$type_case_integer_parse_into_buffer@_K@?$output_processor@_WV?$string_output_adapter@_W@__crt_stdio_output@@V?$standard_base@_WV?$string_output_adapter@_W@__crt_stdio_output@@@2@@__crt_stdio_output@@AEAAX_KI_N@Z 0000000180013884 f i libucrt:output.obj
 0001:00012884       ??$type_case_integer_parse_into_buffer@_K@?$output_processor@_WV?$stream_output_adapter@_W@__crt_stdio_output@@V?$standard_base@_WV?$stream_output_adapter@_W@__crt_stdio_output@@@2@@__crt_stdio_output@@AEAAX_KI_N@Z 0000000180013884 f i libucrt:output.obj
 0001:00012920       ??$write_multiple_characters@V?$stream_output_adapter@_W@__crt_stdio_output@@D@__crt_stdio_output@@YAXAEBV?$stream_output_adapter@_W@0@DHQEAH@Z 0000000180013920 f i libucrt:output.obj
 0001:000129b0       ??$write_multiple_characters@V?$string_output_adapter@_W@__crt_stdio_output@@D@__crt_stdio_output@@YAXAEBV?$string_output_adapter@_W@0@DHQEAH@Z 00000001800139b0 f i libucrt:output.obj
 0001:00012a20       ??0?$output_processor@_WV?$stream_output_adapter@_W@__crt_stdio_output@@V?$standard_base@_WV?$stream_output_adapter@_W@__crt_stdio_output@@@2@@__crt_stdio_output@@QEAA@AEBV?$stream_output_adapter@_W@1@_KQEB_WQEAU__crt_locale_pointers@@QEAD@Z 0000000180013a20 f i libucrt:output.obj
 0001:00012a20       ??0?$output_processor@_WV?$string_output_adapter@_W@__crt_stdio_output@@V?$standard_base@_WV?$string_output_adapter@_W@__crt_stdio_output@@@2@@__crt_stdio_output@@QEAA@AEBV?$string_output_adapter@_W@1@_KQEB_WQEAU__crt_locale_pointers@@QEAD@Z 0000000180013a20 f i libucrt:output.obj
 0001:00012b90       ?force_decimal_point@__crt_stdio_output@@YAXPEADQEAU__crt_locale_pointers@@@Z 0000000180013b90 f i libucrt:output.obj
 0001:00012c00       ?parse_int_from_format_string@?$output_processor@_WV?$stream_output_adapter@_W@__crt_stdio_output@@V?$standard_base@_WV?$stream_output_adapter@_W@__crt_stdio_output@@@2@@__crt_stdio_output@@AEAA_NQEAH@Z 0000000180013c00 f i libucrt:output.obj
 0001:00012c00       ?parse_int_from_format_string@?$output_processor@_WV?$string_output_adapter@_W@__crt_stdio_output@@V?$standard_base@_WV?$string_output_adapter@_W@__crt_stdio_output@@@2@@__crt_stdio_output@@AEAA_NQEAH@Z 0000000180013c00 f i libucrt:output.obj
 0001:00012c80       ?process@?$output_processor@_WV?$stream_output_adapter@_W@__crt_stdio_output@@V?$standard_base@_WV?$stream_output_adapter@_W@__crt_stdio_output@@@2@@__crt_stdio_output@@QEAAHXZ 0000000180013c80 f i libucrt:output.obj
 0001:00012ef8       ?process@?$output_processor@_WV?$string_output_adapter@_W@__crt_stdio_output@@V?$standard_base@_WV?$string_output_adapter@_W@__crt_stdio_output@@@2@@__crt_stdio_output@@QEAAHXZ 0000000180013ef8 f i libucrt:output.obj
 0001:00013174       ?state_case_size@?$output_processor@_WV?$stream_output_adapter@_W@__crt_stdio_output@@V?$standard_base@_WV?$stream_output_adapter@_W@__crt_stdio_output@@@2@@__crt_stdio_output@@AEAA_NXZ 0000000180014174 f i libucrt:output.obj
 0001:00013318       ?state_case_size@?$output_processor@_WV?$string_output_adapter@_W@__crt_stdio_output@@V?$standard_base@_WV?$string_output_adapter@_W@__crt_stdio_output@@@2@@__crt_stdio_output@@AEAA_NXZ 0000000180014318 f i libucrt:output.obj
 0001:000134bc       ?state_case_type@?$output_processor@_WV?$stream_output_adapter@_W@__crt_stdio_output@@V?$standard_base@_WV?$stream_output_adapter@_W@__crt_stdio_output@@@2@@__crt_stdio_output@@AEAA_NXZ 00000001800144bc f i libucrt:output.obj
 0001:00013788       ?state_case_type@?$output_processor@_WV?$string_output_adapter@_W@__crt_stdio_output@@V?$standard_base@_WV?$string_output_adapter@_W@__crt_stdio_output@@@2@@__crt_stdio_output@@AEAA_NXZ 0000000180014788 f i libucrt:output.obj
 0001:00013a54       ?type_case_Z@?$output_processor@_WV?$string_output_adapter@_W@__crt_stdio_output@@V?$standard_base@_WV?$string_output_adapter@_W@__crt_stdio_output@@@2@@__crt_stdio_output@@AEAA_NXZ 0000000180014a54 f i libucrt:output.obj
 0001:00013a54       ?type_case_Z@?$output_processor@_WV?$stream_output_adapter@_W@__crt_stdio_output@@V?$standard_base@_WV?$stream_output_adapter@_W@__crt_stdio_output@@@2@@__crt_stdio_output@@AEAA_NXZ 0000000180014a54 f i libucrt:output.obj
 0001:00013ad4       ?type_case_a@?$output_processor@_WV?$string_output_adapter@_W@__crt_stdio_output@@V?$standard_base@_WV?$string_output_adapter@_W@__crt_stdio_output@@@2@@__crt_stdio_output@@AEAA_NXZ 0000000180014ad4 f i libucrt:output.obj
 0001:00013ad4       ?type_case_a@?$output_processor@_WV?$stream_output_adapter@_W@__crt_stdio_output@@V?$standard_base@_WV?$stream_output_adapter@_W@__crt_stdio_output@@@2@@__crt_stdio_output@@AEAA_NXZ 0000000180014ad4 f i libucrt:output.obj
 0001:00013d18       ?type_case_c_tchar@?$output_processor@_WV?$string_output_adapter@_W@__crt_stdio_output@@V?$standard_base@_WV?$string_output_adapter@_W@__crt_stdio_output@@@2@@__crt_stdio_output@@AEAA_N_W@Z 0000000180014d18 f i libucrt:output.obj
 0001:00013d18       ?type_case_c_tchar@?$output_processor@_WV?$stream_output_adapter@_W@__crt_stdio_output@@V?$standard_base@_WV?$stream_output_adapter@_W@__crt_stdio_output@@@2@@__crt_stdio_output@@AEAA_N_W@Z 0000000180014d18 f i libucrt:output.obj
 0001:00013dc0       ?type_case_integer@?$output_processor@_WV?$string_output_adapter@_W@__crt_stdio_output@@V?$standard_base@_WV?$string_output_adapter@_W@__crt_stdio_output@@@2@@__crt_stdio_output@@AEAA_NI_N@Z 0000000180014dc0 f i libucrt:output.obj
 0001:00013dc0       ?type_case_integer@?$output_processor@_WV?$stream_output_adapter@_W@__crt_stdio_output@@V?$standard_base@_WV?$stream_output_adapter@_W@__crt_stdio_output@@@2@@__crt_stdio_output@@AEAA_NI_N@Z 0000000180014dc0 f i libucrt:output.obj
 0001:00013f60       ?type_case_n@?$output_processor@_WV?$stream_output_adapter@_W@__crt_stdio_output@@V?$standard_base@_WV?$stream_output_adapter@_W@__crt_stdio_output@@@2@@__crt_stdio_output@@AEAA_NXZ 0000000180014f60 f i libucrt:output.obj
 0001:00013f60       ?type_case_n@?$output_processor@_WV?$string_output_adapter@_W@__crt_stdio_output@@V?$standard_base@_WV?$string_output_adapter@_W@__crt_stdio_output@@@2@@__crt_stdio_output@@AEAA_NXZ 0000000180014f60 f i libucrt:output.obj
 0001:0001403c       ?type_case_s@?$output_processor@_WV?$string_output_adapter@_W@__crt_stdio_output@@V?$standard_base@_WV?$string_output_adapter@_W@__crt_stdio_output@@@2@@__crt_stdio_output@@AEAA_NXZ 000000018001503c f i libucrt:output.obj
 0001:0001403c       ?type_case_s@?$output_processor@_WV?$stream_output_adapter@_W@__crt_stdio_output@@V?$standard_base@_WV?$stream_output_adapter@_W@__crt_stdio_output@@@2@@__crt_stdio_output@@AEAA_NXZ 000000018001503c f i libucrt:output.obj
 0001:00014104       ?write_stored_string_tchar@?$output_processor@_WV?$stream_output_adapter@_W@__crt_stdio_output@@V?$standard_base@_WV?$stream_output_adapter@_W@__crt_stdio_output@@@2@@__crt_stdio_output@@AEAA_N_W@Z 0000000180015104 f i libucrt:output.obj
 0001:000141f0       ?write_stored_string_tchar@?$output_processor@_WV?$string_output_adapter@_W@__crt_stdio_output@@V?$standard_base@_WV?$string_output_adapter@_W@__crt_stdio_output@@@2@@__crt_stdio_output@@AEAA_N_W@Z 00000001800151f0 f i libucrt:output.obj
 0001:000142e0       ?write_string@?$stream_output_adapter@_W@__crt_stdio_output@@QEBAXQEB_WHQEAH1@Z 00000001800152e0 f i libucrt:output.obj
 0001:000143ec       ?write_string@?$string_output_adapter@_W@__crt_stdio_output@@QEBAXQEB_WHQEAH1@Z 00000001800153ec f i libucrt:output.obj
 0001:000144ac       __stdio_common_vfwprintf   00000001800154ac f   libucrt:output.obj
 0001:00014538       __stdio_common_vswprintf   0000000180015538 f   libucrt:output.obj
 0001:00014770       __strncnt                  0000000180015770 f   libucrt:strncnt.obj
 0001:00014788       _free_base                 0000000180015788 f   libucrt:free_base.obj
 0001:00014818       _tolower_l                 0000000180015818 f   libucrt:tolower_toupper.obj
 0001:00014958       tolower                    0000000180015958 f   libucrt:tolower_toupper.obj
 0001:00014984       wcscpy_s                   0000000180015984 f   libucrt:wcscpy_s.obj
 0001:000149ec       wcsnlen                    00000001800159ec f   libucrt:strnlen.obj
 0001:00014bdc       __acrt_initialize_new_handler 0000000180015bdc f   libucrt:new_handler.obj
 0001:00014be4       _callnewh                  0000000180015be4 f   libucrt:new_handler.obj
 0001:00014c24       _query_new_handler         0000000180015c24 f   libucrt:new_handler.obj
 0001:00014c58       _seh_filter_dll            0000000180015c58 f   libucrt:exception_filter.obj
 0001:00014c6c       _seh_filter_exe            0000000180015c6c f   libucrt:exception_filter.obj
 0001:0001502c       __acrt_initialize_thread_local_exit_callback 000000018001602c f   libucrt:exit.obj
 0001:00015034       _cexit                     0000000180016034 f   libucrt:exit.obj
 0001:00015044       _exit                      0000000180016044 f   libucrt:exit.obj
 0001:00015050       _is_c_termination_complete 0000000180016050 f   libucrt:exit.obj
 0001:0001523c       __dcrt_uninitialize_environments_nolock 000000018001623c f   libucrt:environment_initialization.obj
 0001:00015274       _initialize_narrow_environment 0000000180016274 f   libucrt:environment_initialization.obj
 0001:0001527c       ??$?RV<lambda_b8c45f8f788dd370798f47cfe8ac3a86>@@AEAV<lambda_4e60a939b0d047cfe11ddc22648dfba9>@@V<lambda_332c3edc96d0294ec56c57d38c1cdfd5>@@@?$__crt_seh_guarded_call@H@@QEAAH$$QEAV<lambda_b8c45f8f788dd370798f47cfe8ac3a86>@@AEAV<lambda_4e60a939b0d047cfe11ddc22648dfba9>@@$$QEAV<lambda_332c3edc96d0294ec56c57d38c1cdfd5>@@@Z 000000018001627c f i libucrt:onexit.obj
 0001:000152b8       ??$?RV<lambda_e24bbb7b643b32fcea6fa61b31d4c984>@@AEAV<lambda_275893d493268fdec8709772e3fcec0e>@@V<lambda_9d71df4d7cf3f480f8d633942495c3b0>@@@?$__crt_seh_guarded_call@H@@QEAAH$$QEAV<lambda_e24bbb7b643b32fcea6fa61b31d4c984>@@AEAV<lambda_275893d493268fdec8709772e3fcec0e>@@$$QEAV<lambda_9d71df4d7cf3f480f8d633942495c3b0>@@@Z 00000001800162b8 f i libucrt:onexit.obj
 0001:00015634       _crt_atexit                0000000180016634 f   libucrt:onexit.obj
 0001:00015644       _execute_onexit_table      0000000180016644 f   libucrt:onexit.obj
 0001:00015680       _initialize_onexit_table   0000000180016680 f   libucrt:onexit.obj
 0001:000156c0       _register_onexit_function  00000001800166c0 f   libucrt:onexit.obj
 0001:0001583c       __acrt_initialize          000000018001683c f   libucrt:initialization.obj
 0001:00015850       __acrt_thread_attach       0000000180016850 f   libucrt:initialization.obj
 0001:00015864       __acrt_thread_detach       0000000180016864 f   libucrt:initialization.obj
 0001:00015874       __acrt_uninitialize        0000000180016874 f   libucrt:initialization.obj
 0001:00015888       __acrt_uninitialize_critical 0000000180016888 f   libucrt:initialization.obj
 0001:00015898       _initterm                  0000000180016898 f   libucrt:initterm.obj
 0001:00015910       _initterm_e                0000000180016910 f   libucrt:initterm.obj
 0001:0001595c       terminate                  000000018001695c f   libucrt:terminate.obj
 0001:00015984       strcpy_s                   0000000180016984 f   libucrt:strcpy_s.obj
 0001:000159e4       ??$is_overflow_condition@K@__crt_strtox@@YA_NIK@Z 00000001800169e4 f i libucrt:atox.obj
 0001:00015a10       ??$parse_integer@KV?$c_string_character_source@_W@__crt_strtox@@@__crt_strtox@@YAKQEAU__crt_locale_pointers@@V?$c_string_character_source@_W@0@H_N@Z 0000000180016a10 f i libucrt:atox.obj
 0001:000160e4       _wtol                      00000001800170e4 f   libucrt:atox.obj
 0001:00016110       ??$?RV<lambda_c36588078e9f5dfd39652860aa6b3aaf>@@AEAV<lambda_ec61778202f4f5fc7e7711acc23c3bca>@@V<lambda_dc9d2797ccde5d239b4a0efae8ebd7db>@@@?$__crt_seh_guarded_call@P6AXH@Z@@QEAAP6AXH@Z$$QEAV<lambda_c36588078e9f5dfd39652860aa6b3aaf>@@AEAV<lambda_ec61778202f4f5fc7e7711acc23c3bca>@@$$QEAV<lambda_dc9d2797ccde5d239b4a0efae8ebd7db>@@@Z 0000000180017110 f i libucrt:signal.obj
 0001:00016158       __acrt_get_sigabrt_handler 0000000180017158 f   libucrt:signal.obj
 0001:00016188       __acrt_initialize_signal_handlers 0000000180017188 f   libucrt:signal.obj
 0001:000161a8       raise                      00000001800171a8 f   libucrt:signal.obj
 0001:00016444       ??$?RV<lambda_46352004c1216016012b18bd6f87e700>@@AEAV<lambda_3bd07e1a1191394380780325891bf33f>@@V<lambda_334532d3f185bcaa59b5be82d7d22bff>@@@?$__crt_seh_guarded_call@X@@QEAAX$$QEAV<lambda_46352004c1216016012b18bd6f87e700>@@AEAV<lambda_3bd07e1a1191394380780325891bf33f>@@$$QEAV<lambda_334532d3f185bcaa59b5be82d7d22bff>@@@Z 0000000180017444 f i libucrt:per_thread_data.obj
 0001:000164a4       ??$?RV<lambda_5e887d1dcbef67a5eb4283622ba103bf>@@AEAV<lambda_4466841279450cc726390878d4a41900>@@V<lambda_341c25c0346d94847f1f3c463c57e077>@@@?$__crt_seh_guarded_call@X@@QEAAX$$QEAV<lambda_5e887d1dcbef67a5eb4283622ba103bf>@@AEAV<lambda_4466841279450cc726390878d4a41900>@@$$QEAV<lambda_341c25c0346d94847f1f3c463c57e077>@@@Z 00000001800174a4 f i libucrt:per_thread_data.obj
 0001:000164ec       ??$?RV<lambda_72d1df2b273a38828b1ce30cbf4cdab5>@@AEAV<lambda_876a65b173b8412d3a47c70a915b0cf4>@@V<lambda_41932305e351933ebe8f8be3ed8bb5dc>@@@?$__crt_seh_guarded_call@X@@QEAAX$$QEAV<lambda_72d1df2b273a38828b1ce30cbf4cdab5>@@AEAV<lambda_876a65b173b8412d3a47c70a915b0cf4>@@$$QEAV<lambda_41932305e351933ebe8f8be3ed8bb5dc>@@@Z 00000001800174ec f i libucrt:per_thread_data.obj
 0001:0001652c       ??$?RV<lambda_fb3a7dec4e47f37f22dae91bb15c9095>@@AEAV<lambda_698284760c8add0bfb0756c19673e34b>@@V<lambda_dfb8eca1e75fef3034a8fb18dd509707>@@@?$__crt_seh_guarded_call@X@@QEAAX$$QEAV<lambda_fb3a7dec4e47f37f22dae91bb15c9095>@@AEAV<lambda_698284760c8add0bfb0756c19673e34b>@@$$QEAV<lambda_dfb8eca1e75fef3034a8fb18dd509707>@@@Z 000000018001752c f i libucrt:per_thread_data.obj
 0001:000167bc       __acrt_freeptd             00000001800177bc f   libucrt:per_thread_data.obj
 0001:00016800       __acrt_getptd              0000000180017800 f   libucrt:per_thread_data.obj
 0001:00016894       __acrt_getptd_noexit       0000000180017894 f   libucrt:per_thread_data.obj
 0001:00016934       __acrt_initialize_ptd      0000000180017934 f   libucrt:per_thread_data.obj
 0001:00016970       __acrt_uninitialize_ptd    0000000180017970 f   libucrt:per_thread_data.obj
 0001:00016994       _query_app_type            0000000180017994 f   libucrt:report_runtime_error.obj
 0001:00016ac4       _itow_s                    0000000180017ac4 f   libucrt:xtoa.obj
 0001:00016ae4       _set_error_mode            0000000180017ae4 f   libucrt:set_error_mode.obj
 0001:00016b24       wcscat_s                   0000000180017b24 f   libucrt:wcscat_s.obj
 0001:00016ba4       wcsncat_s                  0000000180017ba4 f   libucrt:wcsncat_s.obj
 0001:00016ccc       __acrt_show_wide_message_box 0000000180017ccc f   libucrt:crtmbox.obj
 0001:00016de8       __acrt_update_locale_info  0000000180017de8 f   libucrt:locale_update.obj
 0001:00016e1c       __acrt_update_multibyte_info 0000000180017e1c f   libucrt:locale_update.obj
 0001:00016e50       ?showmanyc@?$basic_streambuf@DU?$char_traits@D@std@@@std@@MEAA_JXZ 0000000180017e50 f   libcpmt:cout.obj
 0001:00016e50       ?sync@?$basic_streambuf@DU?$char_traits@D@std@@@std@@MEAAHXZ 0000000180017e50 f   libcpmt:cout.obj
 0001:00016e54       ??$?RV<lambda_5df02c53a8f32f81fd64e5bbb78039f1>@@AEAV<lambda_2af78c5f5901b1372d98f9ab3177dfa6>@@AEAV<lambda_f51fe5fd7c79a33db34fc9310f277369>@@@?$__crt_seh_guarded_call@X@@QEAAX$$QEAV<lambda_5df02c53a8f32f81fd64e5bbb78039f1>@@AEAV<lambda_2af78c5f5901b1372d98f9ab3177dfa6>@@AEAV<lambda_f51fe5fd7c79a33db34fc9310f277369>@@@Z 0000000180017e54 f i libucrt:wsetlocale.obj
 0001:00016e80       ??$?RV<lambda_d67e8342c384adda8f857579ab50b2ae>@@AEAV<lambda_30712929f77e709619002f448b6a9510>@@V<lambda_4525336fd7e478d965fb7ca7a337cad8>@@@?$__crt_seh_guarded_call@X@@QEAAX$$QEAV<lambda_d67e8342c384adda8f857579ab50b2ae>@@AEAV<lambda_30712929f77e709619002f448b6a9510>@@$$QEAV<lambda_4525336fd7e478d965fb7ca7a337cad8>@@@Z 0000000180017e80 f i libucrt:wsetlocale.obj
 0001:0001704c       __acrt_copy_locale_name    000000018001804c f   libucrt:wsetlocale.obj
 0001:000170d0       __acrt_set_locale_changed  00000001800180d0 f   libucrt:wsetlocale.obj
 0001:000170dc       __acrt_uninitialize_locale 00000001800180dc f   libucrt:wsetlocale.obj
 0001:00017124       __lc_lctowcs               0000000180018124 f   libucrt:wsetlocale.obj
 0001:000171c8       __lc_wcstolc               00000001800181c8 f   libucrt:wsetlocale.obj
 0001:00017440       _expandlocale              0000000180018440 f   libucrt:wsetlocale.obj
 0001:0001783c       _wcscats                   000000018001883c f   libucrt:wsetlocale.obj
 0001:000178a4       _wsetlocale                00000001800188a4 f   libucrt:wsetlocale.obj
 0001:00018134       ??$?RV<lambda_630b2aca97f6d20d5b5ea6529ea6b6af>@@AEAV<lambda_af91936f1d075d609f72d9d8cba980af>@@V<lambda_e82fa975f615b5c7c7b0e4d178fdae67>@@@?$__crt_seh_guarded_call@H@@QEAAH$$QEAV<lambda_630b2aca97f6d20d5b5ea6529ea6b6af>@@AEAV<lambda_af91936f1d075d609f72d9d8cba980af>@@$$QEAV<lambda_e82fa975f615b5c7c7b0e4d178fdae67>@@@Z 0000000180019134 f i libucrt:winapi_thunks.obj
 0001:0001836c       __acrt_EnumSystemLocalesEx 000000018001936c f   libucrt:winapi_thunks.obj
 0001:00018414       __acrt_FlsAlloc            0000000180019414 f   libucrt:winapi_thunks.obj
 0001:0001846c       __acrt_FlsFree             000000018001946c f   libucrt:winapi_thunks.obj
 0001:000184c4       __acrt_FlsGetValue         00000001800194c4 f   libucrt:winapi_thunks.obj
 0001:0001851c       __acrt_FlsSetValue         000000018001951c f   libucrt:winapi_thunks.obj
 0001:00018584       __acrt_GetLocaleInfoEx     0000000180019584 f   libucrt:winapi_thunks.obj
 0001:0001861c       __acrt_GetUserDefaultLocaleName 000000018001961c f   libucrt:winapi_thunks.obj
 0001:00018690       __acrt_InitializeCriticalSectionEx 0000000180019690 f   libucrt:winapi_thunks.obj
 0001:00018708       __acrt_IsValidLocaleName   0000000180019708 f   libucrt:winapi_thunks.obj
 0001:00018770       __acrt_LCIDToLocaleName    0000000180019770 f   libucrt:winapi_thunks.obj
 0001:000187fc       __acrt_LCMapStringEx       00000001800197fc f   libucrt:winapi_thunks.obj
 0001:000188ec       __acrt_LocaleNameToLCID    00000001800198ec f   libucrt:winapi_thunks.obj
 0001:00018954       __acrt_MessageBoxW         0000000180019954 f   libucrt:winapi_thunks.obj
 0001:000189dc       __acrt_can_show_message_box 00000001800199dc f   libucrt:winapi_thunks.obj
 0001:00018a38       __acrt_can_use_vista_locale_apis 0000000180019a38 f   libucrt:winapi_thunks.obj
 0001:00018a68       __acrt_get_parent_window   0000000180019a68 f   libucrt:winapi_thunks.obj
[...]
 0004:00002034       $pdata$?dtor$6@?0??New@UniquePosition@@SAXAEBV?$FunctionCallbackInfo@VValue@v8@@@v8@@@Z@4HA 0000000180040034     UniquePosition.obj
 0004:00002040       $pdata$?dtor$7@?0??New@UniquePosition@@SAXAEBV?$FunctionCallbackInfo@VValue@v8@@@v8@@@Z@4HA 0000000180040040     UniquePosition.obj
 0004:0000204c       $pdata$?dtor$2@?0??FindBetweenWithSuffix@UniquePosition@@CA?AV?$basic_string@DU?$char_traits@D@std@@V?$allocator@D@2@@std@@AEBV23@00@Z@4HA 000000018004004c     UniquePosition.obj
 0004:00002058       $pdata$?dtor$0@?0??Compress@UniquePosition@@CA?AV?$basic_string@DU?$char_traits@D@std@@V?$allocator@D@2@@std@@AEBV23@@Z@4HA 0000000180040058     UniquePosition.obj
 0004:00002064       $pdata$?dtor$0@?0??CompressImpl@UniquePosition@@CA?AV?$basic_string@DU?$char_traits@D@std@@V?$allocator@D@2@@std@@AEBV23@@Z@4HA 0000000180040064     UniquePosition.obj
 0004:00002070       $pdata$?dtor$0@?0???$?HDU?$char_traits@D@std@@V?$allocator@D@1@@std@@YA?AV?$basic_string@DU?$char_traits@D@std@@V?$allocator@D@2@@0@AEBV10@0@Z@4HA 0000000180040070     UniquePosition.obj
 0004:00002070       $pdata$?dtor$0@?0??Uncompress@UniquePosition@@CA?AV?$basic_string@DU?$char_traits@D@std@@V?$allocator@D@2@@std@@AEBV23@@Z@4HA 0000000180040070     UniquePosition.obj
 0004:00002070       $pdata$?dtor$0@?0???$?HDU?$char_traits@D@std@@V?$allocator@D@1@@std@@YA?AV?$basic_string@DU?$char_traits@D@std@@V?$allocator@D@2@@0@PEBDAEBV10@@Z@4HA 0000000180040070     UniquePosition.obj
 0004:0000207c       $pdata$?dtor$0@?0???0?$basic_ostream@DU?$char_traits@D@std@@@std@@QEAA@PEAV?$basic_streambuf@DU?$char_traits@D@std@@@1@_N@Z@4HA 000000018004007c     libcpmt:cout.obj
 0004:00002088       $pdata$?dtor$0@?0??_Getcat@?$codecvt@DDU_Mbstatet@@@std@@SA_KPEAPEBVfacet@locale@2@PEBV42@@Z@4HA 0000000180040088     libcpmt:cout.obj
 0004:00002094       $pdata$__scrt_is_nonwritable_in_current_image$filt$0 0000000180040094     LIBCMT:utility.obj
 0004:000020a0       $pdata$?fin$0@?0??dllmain_crt_process_attach@@YAHQEAUHINSTANCE__@@QEAX@Z@4HA 00000001800400a0     LIBCMT:dll_dllmain.obj
 0004:000020ac       $pdata$?fin$0@?0??dllmain_crt_process_detach@@YAH_N@Z@4HA 00000001800400ac     LIBCMT:dll_dllmain.obj
 0004:000020b8       $pdata$?filt$0@?0??dllmain_dispatch@@YAHQEAUHINSTANCE__@@KQEAX@Z@4HA 00000001800400b8     LIBCMT:dll_dllmain.obj
 0004:000020c4       $pdata$__CxxCallCatchBlock$filt$0 00000001800400c4     libvcruntime:frame.obj
 0004:000020d0       $pdata$__CxxCallCatchBlock$fin$1 00000001800400d0     libvcruntime:frame.obj
 0004:000020dc       $pdata$__DestructExceptionObject$filt$0 00000001800400dc     libvcruntime:frame.obj
 0004:000020e8       $pdata$__FrameUnwindToState$filt$0 00000001800400e8     libvcruntime:frame.obj
 0004:000020f4       $pdata$__FrameUnwindToState$fin$1 00000001800400f4     libvcruntime:frame.obj
 0004:00002100       $pdata$_CallSETranslator$filt$0 0000000180040100     libvcruntime:trnsctrl.obj
 0004:0000210c       $pdata$fclose$fin$0        000000018004010c     libucrt:fclose.obj
 0004:0000210c       $pdata$fflush$fin$0        000000018004010c     libucrt:fflush.obj
 0004:00002118       $pdata$common_flush_all$fin$0 0000000180040118     libucrt:fflush.obj
 0004:00002124       $pdata$common_flush_all$fin$1 0000000180040124     libucrt:fflush.obj
 0004:00002130       $pdata$fgetc$fin$0         0000000180040130     libucrt:fgetc.obj
 0004:0000213c       $pdata$fputc$fin$0         000000018004013c     libucrt:fputc.obj
 0004:00002148       $pdata$ungetc$fin$0        0000000180040148     libucrt:ungetc.obj
 0004:00002154       $pdata$setlocale$fin$0     0000000180040154     libucrt:setlocale.obj
 0004:00002160       $pdata$?fin$0@?0???$?RV<lambda_7a5ef57ff966f610505f1d28a3d40618>@@AEAV<lambda_b721fa326cdb32351d23dfa67958c160>@@V<lambda_5e0fb27672408a07956fe59e48ccb2aa>@@@?$__crt_seh_guarded_call@H@@QEAAH$$QEAV<lambda_7a5ef57ff966f610505f1d28a3d40618>@@AEAV<lambda_b721fa326cdb32351d23dfa67958c160>@@$$QEAV<lambda_5e0fb27672408a07956fe59e48ccb2aa>@@@Z@4HA 0000000180040160     libucrt:setvbuf.obj
 0004:00002160       $pdata$?fin$0@?0???$?RV<lambda_5d4c3fee44080f75d5d9762853974fe0>@@AEAV<lambda_532e024f4337e6fc7ad266c2bef9f4ed>@@V<lambda_c87bdc10097eb2402edb8ba9bdf0697b>@@@?$__crt_seh_guarded_call@_K@@QEAA_K$$QEAV<lambda_5d4c3fee44080f75d5d9762853974fe0>@@AEAV<lambda_532e024f4337e6fc7ad266c2bef9f4ed>@@$$QEAV<lambda_c87bdc10097eb2402edb8ba9bdf0697b>@@@Z@4HA 0000000180040160     libucrt:fwrite.obj
 0004:00002160       $pdata$?fin$0@?0???$?RV<lambda_7b91131dde12e1c3dfc74ff76b3f2eac>@@AEAV<lambda_dd75445284c072d0bd3768540cc698fa>@@V<lambda_16bc4ecb55b4718497c16bceaea2ceaf>@@@?$__crt_seh_guarded_call@H@@QEAAH$$QEAV<lambda_7b91131dde12e1c3dfc74ff76b3f2eac>@@AEAV<lambda_dd75445284c072d0bd3768540cc698fa>@@$$QEAV<lambda_16bc4ecb55b4718497c16bceaea2ceaf>@@@Z@4HA 0000000180040160     libucrt:output.obj
 0004:0000216c       $pdata$_query_new_handler$fin$0 000000018004016c     libucrt:new_handler.obj
 0004:00002178       $pdata$?filt$0@?0??common_exit@@YAXHW4_crt_exit_cleanup_mode@@W4_crt_exit_return_mode@@@Z@4HA 0000000180040178     libucrt:exit.obj
 0004:00002184       $pdata$?fin$1@?0??common_exit@@YAXHW4_crt_exit_cleanup_mode@@W4_crt_exit_return_mode@@@Z@4HA 0000000180040184     libucrt:exit.obj
 0004:00002190       $pdata$?fin$0@?0???$?RV<lambda_e24bbb7b643b32fcea6fa61b31d4c984>@@AEAV<lambda_275893d493268fdec8709772e3fcec0e>@@V<lambda_9d71df4d7cf3f480f8d633942495c3b0>@@@?$__crt_seh_guarded_call@H@@QEAAH$$QEAV<lambda_e24bbb7b643b32fcea6fa61b31d4c984>@@AEAV<lambda_275893d493268fdec8709772e3fcec0e>@@$$QEAV<lambda_9d71df4d7cf3f480f8d633942495c3b0>@@@Z@4HA 0000000180040190     libucrt:onexit.obj
 0004:0000219c       $pdata$raise$fin$0         000000018004019c     libucrt:signal.obj
 0004:000021a8       $pdata$?fin$0@?0???$?RV<lambda_5df02c53a8f32f81fd64e5bbb78039f1>@@AEAV<lambda_2af78c5f5901b1372d98f9ab3177dfa6>@@AEAV<lambda_f51fe5fd7c79a33db34fc9310f277369>@@@?$__crt_seh_guarded_call@X@@QEAAX$$QEAV<lambda_5df02c53a8f32f81fd64e5bbb78039f1>@@AEAV<lambda_2af78c5f5901b1372d98f9ab3177dfa6>@@AEAV<lambda_f51fe5fd7c79a33db34fc9310f277369>@@@Z@4HA 00000001800401a8     libucrt:wsetlocale.obj
 0004:000021b4       $pdata$?fin$0@?0???$?RV<lambda_99476a1ad63dd22509b5d3e65b0ffc95>@@AEAV<lambda_ad1ced32f4ac17aa236e5ef05d6b3b7c>@@V<lambda_f7424dd8d45958661754dc4f2697e9c3>@@@?$__crt_seh_guarded_call@X@@QEAAX$$QEAV<lambda_99476a1ad63dd22509b5d3e65b0ffc95>@@AEAV<lambda_ad1ced32f4ac17aa236e5ef05d6b3b7c>@@$$QEAV<lambda_f7424dd8d45958661754dc4f2697e9c3>@@@Z@4HA 00000001800401b4     libucrt:mbctype.obj
 0004:000021b4       $pdata$?fin$0@?0???$?RV<lambda_c36588078e9f5dfd39652860aa6b3aaf>@@AEAV<lambda_ec61778202f4f5fc7e7711acc23c3bca>@@V<lambda_dc9d2797ccde5d239b4a0efae8ebd7db>@@@?$__crt_seh_guarded_call@P6AXH@Z@@QEAAP6AXH@Z$$QEAV<lambda_c36588078e9f5dfd39652860aa6b3aaf>@@AEAV<lambda_ec61778202f4f5fc7e7711acc23c3bca>@@$$QEAV<lambda_dc9d2797ccde5d239b4a0efae8ebd7db>@@@Z@4HA 00000001800401b4     libucrt:signal.obj
 0004:000021b4       $pdata$?fin$0@?0???$?RV<lambda_b8c45f8f788dd370798f47cfe8ac3a86>@@AEAV<lambda_4e60a939b0d047cfe11ddc22648dfba9>@@V<lambda_332c3edc96d0294ec56c57d38c1cdfd5>@@@?$__crt_seh_guarded_call@H@@QEAAH$$QEAV<lambda_b8c45f8f788dd370798f47cfe8ac3a86>@@AEAV<lambda_4e60a939b0d047cfe11ddc22648dfba9>@@$$QEAV<lambda_332c3edc96d0294ec56c57d38c1cdfd5>@@@Z@4HA 00000001800401b4     libucrt:onexit.obj
 0004:000021b4       $pdata$?fin$0@?0???$?RV<lambda_630b2aca97f6d20d5b5ea6529ea6b6af>@@AEAV<lambda_af91936f1d075d609f72d9d8cba980af>@@V<lambda_e82fa975f615b5c7c7b0e4d178fdae67>@@@?$__crt_seh_guarded_call@H@@QEAAH$$QEAV<lambda_630b2aca97f6d20d5b5ea6529ea6b6af>@@AEAV<lambda_af91936f1d075d609f72d9d8cba980af>@@$$QEAV<lambda_e82fa975f615b5c7c7b0e4d178fdae67>@@@Z@4HA 00000001800401b4     libucrt:winapi_thunks.obj
 0004:000021b4       $pdata$?fin$0@?0???$?RV<lambda_72d1df2b273a38828b1ce30cbf4cdab5>@@AEAV<lambda_876a65b173b8412d3a47c70a915b0cf4>@@V<lambda_41932305e351933ebe8f8be3ed8bb5dc>@@@?$__crt_seh_guarded_call@X@@QEAAX$$QEAV<lambda_72d1df2b273a38828b1ce30cbf4cdab5>@@AEAV<lambda_876a65b173b8412d3a47c70a915b0cf4>@@$$QEAV<lambda_41932305e351933ebe8f8be3ed8bb5dc>@@@Z@4HA 00000001800401b4     libucrt:per_thread_data.obj
 0004:000021b4       $pdata$?fin$0@?0???$?RV<lambda_fb3a7dec4e47f37f22dae91bb15c9095>@@AEAV<lambda_698284760c8add0bfb0756c19673e34b>@@V<lambda_dfb8eca1e75fef3034a8fb18dd509707>@@@?$__crt_seh_guarded_call@X@@QEAAX$$QEAV<lambda_fb3a7dec4e47f37f22dae91bb15c9095>@@AEAV<lambda_698284760c8add0bfb0756c19673e34b>@@$$QEAV<lambda_dfb8eca1e75fef3034a8fb18dd509707>@@@Z@4HA 00000001800401b4     libucrt:per_thread_data.obj
 0004:000021b4       $pdata$?fin$0@?0???$?RV<lambda_d67e8342c384adda8f857579ab50b2ae>@@AEAV<lambda_30712929f77e709619002f448b6a9510>@@V<lambda_4525336fd7e478d965fb7ca7a337cad8>@@@?$__crt_seh_guarded_call@X@@QEAAX$$QEAV<lambda_d67e8342c384adda8f857579ab50b2ae>@@AEAV<lambda_30712929f77e709619002f448b6a9510>@@$$QEAV<lambda_4525336fd7e478d965fb7ca7a337cad8>@@@Z@4HA 00000001800401b4     libucrt:wsetlocale.obj
 0004:000021b4       $pdata$?fin$0@?0???$?RV<lambda_5e887d1dcbef67a5eb4283622ba103bf>@@AEAV<lambda_4466841279450cc726390878d4a41900>@@V<lambda_341c25c0346d94847f1f3c463c57e077>@@@?$__crt_seh_guarded_call@X@@QEAAX$$QEAV<lambda_5e887d1dcbef67a5eb4283622ba103bf>@@AEAV<lambda_4466841279450cc726390878d4a41900>@@$$QEAV<lambda_341c25c0346d94847f1f3c463c57e077>@@@Z@4HA 00000001800401b4     libucrt:per_thread_data.obj
 0004:000021b4       $pdata$?fin$0@?0???$?RV<lambda_46352004c1216016012b18bd6f87e700>@@AEAV<lambda_3bd07e1a1191394380780325891bf33f>@@V<lambda_334532d3f185bcaa59b5be82d7d22bff>@@@?$__crt_seh_guarded_call@X@@QEAAX$$QEAV<lambda_46352004c1216016012b18bd6f87e700>@@AEAV<lambda_3bd07e1a1191394380780325891bf33f>@@$$QEAV<lambda_334532d3f185bcaa59b5be82d7d22bff>@@@Z@4HA 00000001800401b4     libucrt:per_thread_data.obj
 0004:000021c0       $pdata$__acrt_uninitialize_locale$fin$0 00000001800401c0     libucrt:wsetlocale.obj
 0004:000021c0       $pdata$__acrt_update_thread_locale_data$fin$0 00000001800401c0     libucrt:locale_refcounting.obj
 0004:000021cc       $pdata$_fcloseall$fin$0    00000001800401cc     libucrt:closeall.obj
 0004:000021d8       $pdata$?fin$0@?0???$?RV<lambda_b521505b218e5242e90febf6bfebc422>@@AEAV<lambda_6978c1fb23f02e42e1d9e99668cc68aa>@@V<lambda_314360699dd331753a4119843814e9a7>@@@?$__crt_seh_guarded_call@H@@QEAAH$$QEAV<lambda_b521505b218e5242e90febf6bfebc422>@@AEAV<lambda_6978c1fb23f02e42e1d9e99668cc68aa>@@$$QEAV<lambda_314360699dd331753a4119843814e9a7>@@@Z@4HA 00000001800401d8     libucrt:commit.obj
 0004:000021d8       $pdata$?fin$0@?0???$?RV<lambda_bfedae4ebbf01fab1bb6dcc6a9e276e0>@@AEAV<lambda_2fe9b910cf3cbf4a0ab98a02ba45b3ec>@@V<lambda_237c231691f317818eb88cc1d5d642d6>@@@?$__crt_seh_guarded_call@H@@QEAAH$$QEAV<lambda_bfedae4ebbf01fab1bb6dcc6a9e276e0>@@AEAV<lambda_2fe9b910cf3cbf4a0ab98a02ba45b3ec>@@$$QEAV<lambda_237c231691f317818eb88cc1d5d642d6>@@@Z@4HA 00000001800401d8     libucrt:close.obj
 0004:000021e4       $pdata$_read$fin$0         00000001800401e4     libucrt:read.obj
 0004:000021e4       $pdata$_write$fin$0        00000001800401e4     libucrt:write.obj
 0004:000021e4       $pdata$?fin$0@?0???$common_lseek@_J@@YA_JH_JH@Z@4HA 00000001800401e4     libucrt:lseek.obj
 0004:000021f0       $pdata$?fin$0@?0???$common_ftell@_J@@YA_JV__crt_stdio_stream@@@Z@4HA 00000001800401f0     libucrt:ftell.obj
 0004:000021f0       $pdata$?fin$0@?0??common_fseek@@YAHV__crt_stdio_stream@@_JH@Z@4HA 00000001800401f0     libucrt:fseek.obj
 0004:000021fc       $pdata$_ctrlfp$filt$0      00000001800401fc     libucrt:fpctrl.obj
 0004:000021fc       $pdata$common_control87$filt$0 00000001800401fc     libucrt:ieee.obj
 0004:00002208       $pdata$__acrt_update_thread_multibyte_data$fin$0 0000000180040208     libucrt:mbctype.obj
 0004:00002214       $pdata$__acrt_lowio_ensure_fh_exists$fin$0 0000000180040214     libucrt:osfinfo.obj
 0004:00002214       $pdata$__acrt_initialize_lowio$fin$0 0000000180040214     libucrt:ioinit.obj
 0004:00002220       $pdata$_IsNonwritableInCurrentImage$filt$0 0000000180040220     LIBCMT:pesect.obj
 0004:0000222c       $pdata$??__F?constructor@UniquePosition@@0V?$Persistent@VFunction@v8@@V?$NonCopyablePersistentTraits@VFunction@v8@@@2@@v8@@A@@YAXXZ 000000018004022c     UniquePosition.obj
 0004:00002238       $pdata$??__Fcout@std@@YAXXZ 0000000180040238     libcpmt:cout.obj
 0004:00002244       $pdata$??__F_Fac_tidy_reg@std@@YAXXZ 0000000180040244     libcpmt:locale0.obj
 0004:00002250       $pdata$??__Fclassic_locale@std@@YAXXZ 0000000180040250     libcpmt:locale0.obj
 0004:0000225c       $pdata$??__Finit_atexit@@YAXXZ 000000018004025c     libcpmt:iosptrs.obj
 0005:00000000       __guard_fids__             0000000180041000     libucrt:initialization.obj
 0005:00000060       __guard_fids___acrt_initialize_ptd 0000000180041060     libucrt:per_thread_data.obj
 0005:00000064       __guard_fids___acrt_show_wide_message_box 0000000180041064     libucrt:crtmbox.obj
 0005:00000068       __guard_fids__             0000000180041068     libucrt:wsetlocale.obj
 0005:00000080       __guard_fids_??$?RV<lambda_630b2aca97f6d20d5b5ea6529ea6b6af>@@AEAV<lambda_af91936f1d075d609f72d9d8cba980af>@@V<lambda_e82fa975f615b5c7c7b0e4d178fdae67>@@@?$__crt_seh_guarded_call@H@@QEAAH$$QEAV<lambda_630b2aca97f6d20d5b5ea6529ea6b6af>@@AEAV<lambda_af91936f1d075d609f72d9d8cba980af>@@$$QEAV<lambda_e82fa975f615b5c7c7b0e4d178fdae67>@@@Z 0000000180041080     libucrt:winapi_thunks.obj
 0005:00000084       __guard_fids__             0000000180041084     libucrt:stdio_initializer.obj
 0005:00000088       __guard_fids__             0000000180041088     libucrt:stdio_initializer.obj
 0005:0000008c       __guard_fids__             000000018004108c     libucrt:locale_initializer.obj
 0005:00000090       __guard_fids_GetLocaleNameFromLangCountry 0000000180041090     libucrt:get_qualified_locale.obj
 0005:00000094       __guard_fids_GetLocaleNameFromLanguage 0000000180041094     libucrt:get_qualified_locale.obj
 0005:00000098       __guard_fids___acrt_get_qualified_locale_downlevel 0000000180041098     libucrt:getqloc_downlevel.obj
 0005:0000009c       __guard_fids_GetLcidFromLangCountry 000000018004109c     libucrt:getqloc_downlevel.obj
 0005:000000a0       __guard_fids_GetLcidFromLanguage 00000001800410a0     libucrt:getqloc_downlevel.obj
 0005:000000a4       __guard_fids__             00000001800410a4     libucrt:timeset_initializer.obj
 0005:000000a8       __guard_fids__             00000001800410a8     libucrt:multibyte_initializer.obj
 0005:000000ac       __guard_fids__             00000001800410ac     libucrt:console_output_initializer.obj
 0005:000000b0       __guard_fids__             00000001800410b0     libucrt:fma3_initializer.obj
 0005:000000b4       __guard_fids_??__Einitlocks@std@@YAXXZ 00000001800410b4     libcpmt:xlock.obj
 0005:000000b8       __guard_fids__             00000001800410b8     libcpmt:xlock.obj
 0005:000000bc       __guard_fids_??__Einitlocks@@YAXXZ 00000001800410bc     libcpmt:cout.obj
 0005:000000c0       __guard_fids_??__Efout@std@@YAXXZ 00000001800410c0     libcpmt:cout.obj
 0005:000000c4       __guard_fids_??__Ecout@std@@YAXXZ 00000001800410c4     libcpmt:cout.obj
 0005:000000c8       __guard_fids__             00000001800410c8     libcpmt:cout.obj
 0005:000000d0       __guard_fids__             00000001800410d0     libcpmt:cout.obj
 0005:000000d8       __guard_fids__             00000001800410d8     libcpmt:cout.obj
 0005:000000e0       __guard_fids__             00000001800410e0     libcpmt:cout.obj
 0005:000000ec       __guard_fids__             00000001800410ec     libcpmt:cout.obj
 0005:00000118       __guard_fids__             0000000180041118     libcpmt:cout.obj
 0005:00000130       __guard_fids__             0000000180041130     libcpmt:cout.obj
 0005:00000138       __guard_fids__             0000000180041138     libcpmt:cout.obj
 0005:00000150       __guard_fids__             0000000180041150     libcpmt:cout.obj
 0005:00000158       __guard_fids__             0000000180041158     libcpmt:cout.obj
 0005:0000015c       __guard_fids__             000000018004115c     libcpmt:cout.obj
 0005:00000198       __guard_fids__             0000000180041198     libcpmt:cout.obj
 0005:000001d4       __guard_fids__             00000001800411d4     libcpmt:cout.obj
 0005:000001d8       __guard_fids__             00000001800411d8     libcpmt:cout.obj
 0005:000001dc       __guard_fids__             00000001800411dc     libcpmt:cout.obj
 0005:00000204       __guard_fids__             0000000180041204     libcpmt:cout.obj
 0005:00000208       __guard_fids__             0000000180041208     libcpmt:cout.obj
 0005:0000020c       __guard_fids__             000000018004120c     libcpmt:cout.obj
 0005:00000210       __guard_fids__             0000000180041210     libcpmt:cout.obj
 0005:00000214       __guard_fids_??__E_Fac_tidy_reg@std@@YAXXZ 0000000180041214     libcpmt:locale0.obj
 0005:00000218       __guard_fids_?_Setgloballocale@locale@std@@CAXPEAX@Z 0000000180041218     libcpmt:locale0.obj
 0005:0000021c       __guard_fids_??__Eclassic_locale@std@@YAXXZ 000000018004121c     libcpmt:locale0.obj
 0005:00000220       __guard_fids__             0000000180041220     libcpmt:locale0.obj
 0005:0000022c       __guard_fids__             000000018004122c     libcpmt:locale0.obj
 0005:00000230       __guard_fids__             0000000180041230     libcpmt:locale0.obj
 0005:00000234       __guard_fids__             0000000180041234     libcpmt:xthrow.obj
 0005:0000023c       __guard_fids__             000000018004123c     libcpmt:xthrow.obj
 0005:00000244       __guard_fids__             0000000180041244     libcpmt:xthrow.obj
 0005:0000024c       __guard_fids__             000000018004124c     libcpmt:xthrow.obj
 0005:00000254       __guard_fids_??__Einitlocks@std@@YAXXZ 0000000180041254     libcpmt:iosptrs.obj
 0005:00000258       __guard_fids_??__Einit_atexit@@YAXXZ 0000000180041258     libcpmt:iosptrs.obj
 0005:0000025c       __guard_fids__             000000018004125c     libcpmt:iosptrs.obj
 0005:00000260       __guard_fids__             0000000180041260     libcpmt:iosptrs.obj
 0005:00000264       __guard_fids__             0000000180041264     libcpmt:winapisupp.obj
 0005:00000268       __guard_fids__             0000000180041268     LIBCMT:thread_safe_statics.obj
 0005:0000026c       __guard_fids_?__scrt_initialize_thread_safe_statics@@YAHXZ 000000018004126c     LIBCMT:thread_safe_statics.obj
 0005:00000270       __guard_fids_?dllmain_crt_process_attach@@YAHQEAUHINSTANCE__@@QEAX@Z 0000000180041270     LIBCMT:dll_dllmain.obj
 0005:00000278       __guard_fids_?dllmain_dispatch@@YAHQEAUHINSTANCE__@@KQEAX@Z 0000000180041278     LIBCMT:dll_dllmain.obj
 0005:0000027c       __guard_fids__             000000018004127c     LIBCMT:std_type_info_static.obj
 0005:00000280       __guard_fids__             0000000180041280     LIBCMT:throw_bad_alloc.obj
 0005:00000288       __guard_fids__             0000000180041288     LIBCMT:guard_support.obj
 0005:0000028c       __guard_fids__             000000018004128c     libvcruntime:frame.obj
 0005:00000290       __guard_fids__             0000000180041290     libvcruntime:frame.obj
 0005:00000298       __guard_fids__UnwindNestedFrames 0000000180041298     libvcruntime:trnsctrl.obj
 0005:0000029c       __guard_fids__             000000018004129c     libvcruntime:telemetry.obj
 0005:000002a0       __guard_fids_?TraceLoggingRegister@__vcrt_trace_logging_provider@@YAJPEBU_TlgProvider_t@1@PEBU_GUID@@P6AX1KE_K2PEAU_EVENT_FILTER_DESCRIPTOR@@PEAX@Z4@Z 00000001800412a0     libvcruntime:telemetry.obj
 0005:000002a4       __guard_fids___vcrt_initialize_ptd 00000001800412a4     libvcruntime:per_thread_data.obj
 0007:00000060       $R000000                   0000000180043060     * linker generated manifest res *

 Exports

  ordinal    name

        1    _register_UniquePosition_
