 uniquePosition

 Timestamp is 59092d19 (Wed May  3 09:06:33 2017)

 Preferred load address is 0000000180000000

 Start         Length     Name                   Class
 0001:00000000 00000130H .text$di                CODE
 0001:00000130 00029660H .text$mn                CODE
 0001:00029790 00000020H .text$mn$00             CODE
 0001:000297b0 00000b50H .text$x                 CODE
 0001:0002a300 00000194H .text$yd                CODE
 0002:00000000 000002c0H .idata$5                DATA
 0002:000002c0 00000010H .00cfg                  DATA
 0002:000002d0 00000008H .CRT$XCA                DATA
 0002:000002d8 00000038H .CRT$XCC                DATA
 0002:00000310 00000010H .CRT$XCL                DATA
 0002:00000320 00000010H .CRT$XCU                DATA
 0002:00000330 00000008H .CRT$XCZ                DATA
 0002:00000338 00000008H .CRT$XIA                DATA
 0002:00000340 00000030H .CRT$XIC                DATA
 0002:00000370 00000008H .CRT$XIZ                DATA
 0002:00000378 00000008H .CRT$XLA                DATA
 0002:00000380 00000008H .CRT$XLZ                DATA
 0002:00000388 00000008H .CRT$XPA                DATA
 0002:00000390 00000010H .CRT$XPX                DATA
 0002:000003a0 00000008H .CRT$XPXA               DATA
 0002:000003a8 00000008H .CRT$XPZ                DATA
 0002:000003b0 00000008H .CRT$XTA                DATA
 0002:000003b8 00000008H .CRT$XTZ                DATA
 0002:000003c0 00010908H .rdata                  DATA
 0002:00010cc8 00000028H .rdata$T                DATA
 0002:00010cf0 00000f44H .rdata$r                DATA
 0002:00011c34 000004a4H .rdata$zzzdbg           DATA
 0002:000120d8 00000008H .rtc$IAA                DATA
 0002:000120e0 00000008H .rtc$IZZ                DATA
 0002:000120e8 00000008H .rtc$TAA                DATA
 0002:000120f0 00000010H .rtc$TZZ                DATA
 0002:00012100 00002dc8H .xdata                  DATA
 0002:00014ec8 000002a4H .xdata$x                DATA
 0002:0001516c 00000020H .didat$2                DATA
 0002:0001518c 00000024H .didat$3                DATA
 0002:000151b0 00000118H .didat$4                DATA
 0002:000152c8 000008d0H .didat$6                DATA
 0002:00015b98 00000118H .didat$7                DATA
 0002:00015cb0 00000060H .edata                  DATA
 0002:00015d10 00000014H .idata$2                DATA
 0002:00015d24 00000014H .idata$3                DATA
 0002:00015d38 000002c0H .idata$4                DATA
 0002:00015ff8 00000656H .idata$6                DATA
 0003:00000000 00000ba0H .data                   DATA
 0003:00000ba0 00000590H .data$r                 DATA
 0003:00001130 00000120H .didat$5                DATA
 0003:00001250 00001974H .bss                    DATA
 0004:00000000 00002424H .pdata                  DATA
 0005:00000000 000000b8H .gfids$x                DATA
 0005:000000b8 000001ecH .gfids$y                DATA
 0006:00000000 00000004H .tls                    DATA
 0006:00000004 00000004H .tls$                   DATA
 0006:00000008 00000001H .tls$ZZZ                DATA
 0007:00000000 00000060H .rsrc$01                DATA
 0007:00000060 00000180H .rsrc$02                DATA

  Address         Publics by Value              Rva+Base               Lib:Object

 0000:00000000       __guard_iat_table          0000000000000000     <absolute>
 0000:00000000       __dynamic_value_reloc_table 0000000000000000     <absolute>
 0000:00000000       __guard_iat_count          0000000000000000     <absolute>
 0000:00000000       __guard_longjmp_table      0000000000000000     <absolute>
 0000:00000000       __guard_longjmp_count      0000000000000000     <absolute>
 0000:00000000       __guard_fids_count         0000000000000000     <absolute>
 0000:00000000       ___safe_se_handler_table   0000000000000000     <absolute>
 0000:00000000       ___safe_se_handler_count   0000000000000000     <absolute>
 0000:00000000       __guard_fids_table         0000000000000000     <absolute>
 0000:00000100       __guard_flags              0000000000000100     <absolute>
 0000:00000000       __ImageBase                0000000180000000     <linker-defined>
 0001:00000130       ?what@exception@stdext@@UEBAPEBDXZ 0000000180001130 f i uniquePosition.obj
 0001:00000150       ?_Raise@exception@stdext@@QEBAXXZ 0000000180001150 f i uniquePosition.obj
 0001:00000190       ?_Unlock@?$basic_streambuf@DU?$char_traits@D@std@@@std@@UEAAXXZ 0000000180001190 f i libcpmt:cout.obj
 0001:00000190       _guard_check_icall_nop     0000000180001190 f i LIBCMT:guard_support.obj
 0001:00000190       ?_Lock@?$basic_streambuf@DU?$char_traits@D@std@@@std@@UEAAXXZ 0000000180001190 f i libcpmt:cout.obj
 0001:00000190       ?_Doraise@exception@stdext@@MEBAXXZ 0000000180001190 f i uniquePosition.obj
 0001:00000190       __except_validate_context_record 0000000180001190 f i libvcruntime:jbcxrval.obj
 0001:00000190       ?imbue@?$basic_streambuf@DU?$char_traits@D@std@@@std@@MEAAXAEBVlocale@2@@Z 0000000180001190 f i libcpmt:cout.obj
 0001:000001a0       ??_Eexception@stdext@@UEAAPEAXI@Z 00000001800011a0 f i * CIL library *:* CIL module *
 0001:000001a0       ??_Gexception@stdext@@UEAAPEAXI@Z 00000001800011a0 f i uniquePosition.obj
 0001:000001a0       ??_Gruntime_error@std@@UEAAPEAXI@Z 00000001800011a0 f i uniquePosition.obj
 0001:000001a0       ??_Eruntime_error@std@@UEAAPEAXI@Z 00000001800011a0 f i * CIL library *:* CIL module *
 0001:000001d0       ?_Deallocate@std@@YAXPEAX_K1@Z 00000001800011d0 f i uniquePosition.obj
 0001:00000240       ??1runtime_error@std@@UEAA@XZ 0000000180001240 f i uniquePosition.obj
 0001:00000240       ??1failure@ios_base@std@@UEAA@XZ 0000000180001240 f i uniquePosition.obj
 0001:00000250       ??0_Locinfo@std@@QEAA@PEBD@Z 0000000180001250 f i uniquePosition.obj
 0001:000002f0       ??1_Locinfo@std@@QEAA@XZ   00000001800012f0 f i uniquePosition.obj
 0001:00000390       ??_E_Facet_base@std@@UEAAPEAXI@Z 0000000180001390 f i * CIL library *:* CIL module *
 0001:00000390       ??_G_Facet_base@std@@UEAAPEAXI@Z 0000000180001390 f i uniquePosition.obj
 0001:000003c0       ?_Incref@facet@locale@std@@UEAAXXZ 00000001800013c0 f i uniquePosition.obj
 0001:000003d0       ?_Decref@facet@locale@std@@UEAAPEAV_Facet_base@3@XZ 00000001800013d0 f i uniquePosition.obj
 0001:000003e0       ??1locale@std@@QEAA@XZ     00000001800013e0 f i uniquePosition.obj
 0001:00000410       ?_Getcat@?$ctype@D@std@@SA_KPEAPEBVfacet@locale@2@PEBV42@@Z 0000000180001410 f i uniquePosition.obj
 0001:00000570       ?do_tolower@?$ctype@D@std@@MEBADD@Z 0000000180001570 f i uniquePosition.obj
 0001:00000580       ?do_tolower@?$ctype@D@std@@MEBAPEBDPEADPEBD@Z 0000000180001580 f i uniquePosition.obj
 0001:000005e0       ?do_toupper@?$ctype@D@std@@MEBADD@Z 00000001800015e0 f i uniquePosition.obj
 0001:000005f0       ?do_toupper@?$ctype@D@std@@MEBAPEBDPEADPEBD@Z 00000001800015f0 f i uniquePosition.obj
 0001:00000650       ?do_narrow@?$ctype@D@std@@MEBADDD@Z 0000000180001650 f i uniquePosition.obj
 0001:00000650       ?do_widen@?$ctype@D@std@@MEBADD@Z 0000000180001650 f i uniquePosition.obj
 0001:00000660       ?do_widen@?$ctype@D@std@@MEBAPEBDPEBD0PEAD@Z 0000000180001660 f i uniquePosition.obj
 0001:00000680       ?do_narrow@?$ctype@D@std@@MEBAPEBDPEBD0DPEAD@Z 0000000180001680 f i uniquePosition.obj
 0001:000006a0       ??_G?$ctype@D@std@@MEAAPEAXI@Z 00000001800016a0 f i uniquePosition.obj
 0001:000006a0       ??_E?$ctype@D@std@@MEAAPEAXI@Z 00000001800016a0 f i * CIL library *:* CIL module *
 0001:00000710       ??_G_Iostream_error_category@std@@UEAAPEAXI@Z 0000000180001710 f i uniquePosition.obj
 0001:00000710       ??_Eerror_category@std@@UEAAPEAXI@Z 0000000180001710 f i * CIL library *:* CIL module *
 0001:00000710       ??_Gerror_category@std@@UEAAPEAXI@Z 0000000180001710 f i uniquePosition.obj
 0001:00000710       ??_E_Iostream_error_category@std@@UEAAPEAXI@Z 0000000180001710 f i * CIL library *:* CIL module *
 0001:00000740       ?message@error_code@std@@QEBA?AV?$basic_string@DU?$char_traits@D@std@@V?$allocator@D@2@@2@XZ 0000000180001740 f i uniquePosition.obj
 0001:00000770       ?default_error_condition@error_category@std@@UEBA?AVerror_condition@2@H@Z 0000000180001770 f i uniquePosition.obj
 0001:00000780       ?equivalent@error_category@std@@UEBA_NHAEBVerror_condition@2@@Z 0000000180001780 f i uniquePosition.obj
 0001:000007e0       ?equivalent@error_category@std@@UEBA_NAEBVerror_code@2@H@Z 00000001800017e0 f i uniquePosition.obj
 0001:00000800       ?_Makestr@_System_error@std@@CA?AV?$basic_string@DU?$char_traits@D@std@@V?$allocator@D@2@@2@Verror_code@2@V32@@Z 0000000180001800 f i uniquePosition.obj
 0001:00000900       ??_Gfailure@ios_base@std@@UEAAPEAXI@Z 0000000180001900 f i uniquePosition.obj
 0001:00000900       ??_Efailure@ios_base@std@@UEAAPEAXI@Z 0000000180001900 f i * CIL library *:* CIL module *
 0001:00000900       ??_E_System_error@std@@UEAAPEAXI@Z 0000000180001900 f i * CIL library *:* CIL module *
 0001:00000900       ??_G_System_error@std@@UEAAPEAXI@Z 0000000180001900 f i uniquePosition.obj
 0001:00000930       ?message@_Generic_error_category@std@@UEBA?AV?$basic_string@DU?$char_traits@D@std@@V?$allocator@D@2@@2@H@Z 0000000180001930 f i uniquePosition.obj
 0001:00000990       ?name@_Iostream_error_category@std@@UEBAPEBDXZ 0000000180001990 f i uniquePosition.obj
 0001:000009a0       ?message@_Iostream_error_category@std@@UEBA?AV?$basic_string@DU?$char_traits@D@std@@V?$allocator@D@2@@2@H@Z 00000001800019a0 f i uniquePosition.obj
 0001:000009f0       ?clear@ios_base@std@@QEAAXH_N@Z 00000001800019f0 f i uniquePosition.obj
 0001:00000e90       ?getloc@ios_base@std@@QEBA?AVlocale@2@XZ 0000000180001e90 f i uniquePosition.obj
 0001:00000ec0       ?NODE_SET_METHOD@node@@YAXV?$Local@VObject@v8@@@v8@@PEBDP6AXAEBV?$FunctionCallbackInfo@VValue@v8@@@3@@Z@Z 0000000180001ec0 f i uniquePosition.obj
 0001:00000fa0       ?NODE_SET_PROTOTYPE_METHOD@node@@YAXV?$Local@VFunctionTemplate@v8@@@v8@@PEBDP6AXAEBV?$FunctionCallbackInfo@VValue@v8@@@3@@Z@Z 0000000180001fa0 f i uniquePosition.obj
 0001:000010c0       ??1ObjectWrap@node@@UEAA@XZ 00000001800020c0 f i uniquePosition.obj
 0001:00001140       ?Wrap@ObjectWrap@node@@IEAAXV?$Local@VObject@v8@@@v8@@@Z 0000000180002140 f i uniquePosition.obj
 0001:00001220       ?Ref@ObjectWrap@node@@MEAAXXZ 0000000180002220 f i uniquePosition.obj
 0001:00001260       ?Unref@ObjectWrap@node@@MEAAXXZ 0000000180002260 f i uniquePosition.obj
 0001:00001310       ?WeakCallback@ObjectWrap@node@@CAXAEBV?$WeakCallbackInfo@VObjectWrap@node@@@v8@@@Z 0000000180002310 f i uniquePosition.obj
 0001:00001370       ??_EObjectWrap@node@@UEAAPEAXI@Z 0000000180002370 f i * CIL library *:* CIL module *
 0001:00001370       ??_GObjectWrap@node@@UEAAPEAXI@Z 0000000180002370 f i uniquePosition.obj
 0001:000013b0       ?HexEncode@@YA?AV?$basic_string@DU?$char_traits@D@std@@V?$allocator@D@2@@std@@PEBX_K@Z 00000001800023b0 f   uniquePosition.obj
 0001:00001470       ??0UniquePosition@@QEAA@AEBV?$basic_string@DU?$char_traits@D@std@@V?$allocator@D@2@@std@@_N@Z 0000000180002470 f   uniquePosition.obj
 0001:00001690       ??_GUniquePosition@@UEAAPEAXI@Z 0000000180002690 f i uniquePosition.obj
 0001:00001690       ??_EUniquePosition@@UEAAPEAXI@Z 0000000180002690 f i * CIL library *:* CIL module *
 0001:000016e0       ??0UniquePosition@@AEAA@AEBV?$basic_string@DU?$char_traits@D@std@@V?$allocator@D@2@@std@@0@Z 00000001800026e0 f   uniquePosition.obj
 0001:00001870       ?Init@UniquePosition@@SAXV?$Local@VObject@v8@@@v8@@0@Z 0000000180002870 f   uniquePosition.obj
 0001:00001af0       ?New@UniquePosition@@SAXAEBV?$FunctionCallbackInfo@VValue@v8@@@v8@@@Z 0000000180002af0 f   uniquePosition.obj
 0001:00001f30       ?parseCString@@YA?AV?$basic_string@DU?$char_traits@D@std@@V?$allocator@D@2@@std@@AEBV?$FunctionCallbackInfo@VValue@v8@@@v8@@H@Z 0000000180002f30 f   uniquePosition.obj
 0001:00001ff0       ?IsValidSuffix_@UniquePosition@@SAXAEBV?$FunctionCallbackInfo@VValue@v8@@@v8@@@Z 0000000180002ff0 f   uniquePosition.obj
 0001:00002160       ?IsValidBytes_@UniquePosition@@SAXAEBV?$FunctionCallbackInfo@VValue@v8@@@v8@@@Z 0000000180003160 f   uniquePosition.obj
 0001:000022f0       ?CreateInvalid@UniquePosition@@SAXAEBV?$FunctionCallbackInfo@VValue@v8@@@v8@@@Z 00000001800032f0 f   uniquePosition.obj
 0001:000023b0       ?FromInt64@UniquePosition@@SAXAEBV?$FunctionCallbackInfo@VValue@v8@@@v8@@@Z 00000001800033b0 f   uniquePosition.obj
 0001:00002760       ?InitialPosition@UniquePosition@@SAXAEBV?$FunctionCallbackInfo@VValue@v8@@@v8@@@Z 0000000180003760 f   uniquePosition.obj
 0001:00002920       ?Before@UniquePosition@@SAXAEBV?$FunctionCallbackInfo@VValue@v8@@@v8@@@Z 0000000180003920 f   uniquePosition.obj
 0001:00002ca0       ?After@UniquePosition@@SAXAEBV?$FunctionCallbackInfo@VValue@v8@@@v8@@@Z 0000000180003ca0 f   uniquePosition.obj
 0001:00003020       ?Between@UniquePosition@@SAXAEBV?$FunctionCallbackInfo@VValue@v8@@@v8@@@Z 0000000180004020 f   uniquePosition.obj
 0001:000034b0       ?LessThan@UniquePosition@@QEBA_NAEBV1@@Z 00000001800044b0 f   uniquePosition.obj
 0001:00003580       ?LessThan_@UniquePosition@@SAXAEBV?$FunctionCallbackInfo@VValue@v8@@@v8@@@Z 0000000180004580 f   uniquePosition.obj
 0001:00003600       ?Equals_@UniquePosition@@SAXAEBV?$FunctionCallbackInfo@VValue@v8@@@v8@@@Z 0000000180004600 f   uniquePosition.obj
 0001:000036b0       ?getCompressValue@UniquePosition@@QEBA?AV?$basic_string@DU?$char_traits@D@std@@V?$allocator@D@2@@std@@_N@Z 00000001800046b0 f   uniquePosition.obj
 0001:00003750       ?getCompressValue_@UniquePosition@@SAXAEBV?$FunctionCallbackInfo@VValue@v8@@@v8@@@Z 0000000180004750 f   uniquePosition.obj
 0001:000038a0       ?ToInt64@UniquePosition@@QEBA_JXZ 00000001800048a0 f   uniquePosition.obj
 0001:00003990       ?ToInt64_@UniquePosition@@SAXAEBV?$FunctionCallbackInfo@VValue@v8@@@v8@@@Z 0000000180004990 f   uniquePosition.obj
 0001:00003a20       ?IsValid_@UniquePosition@@SAXAEBV?$FunctionCallbackInfo@VValue@v8@@@v8@@@Z 0000000180004a20 f   uniquePosition.obj
 0001:00003a90       ?ToDebugString@UniquePosition@@QEBA?AV?$basic_string@DU?$char_traits@D@std@@V?$allocator@D@2@@std@@XZ 0000000180004a90 f   uniquePosition.obj
 0001:00003f20       ?ToDebugString_@UniquePosition@@SAXAEBV?$FunctionCallbackInfo@VValue@v8@@@v8@@@Z 0000000180004f20 f   uniquePosition.obj
 0001:00004060       ?GetSuffixForTest@UniquePosition@@QEBA?AV?$basic_string@DU?$char_traits@D@std@@V?$allocator@D@2@@std@@XZ 0000000180005060 f   uniquePosition.obj
 0001:00004130       ?GetSuffixForTest_@UniquePosition@@SAXAEBV?$FunctionCallbackInfo@VValue@v8@@@v8@@@Z 0000000180005130 f   uniquePosition.obj
 0001:00004270       ?FindSmallerWithSuffix@UniquePosition@@CA?AV?$basic_string@DU?$char_traits@D@std@@V?$allocator@D@2@@std@@AEBV23@0@Z 0000000180005270 f   uniquePosition.obj
 0001:00004570       ?FindGreaterWithSuffix@UniquePosition@@CA?AV?$basic_string@DU?$char_traits@D@std@@V?$allocator@D@2@@std@@AEBV23@0@Z 0000000180005570 f   uniquePosition.obj
 0001:00004830       ?FindBetweenWithSuffix@UniquePosition@@CA?AV?$basic_string@DU?$char_traits@D@std@@V?$allocator@D@2@@std@@AEBV23@00@Z 0000000180005830 f   uniquePosition.obj
 0001:000055d0       ?Compress@UniquePosition@@CA?AV?$basic_string@DU?$char_traits@D@std@@V?$allocator@D@2@@std@@AEBV23@@Z 00000001800065d0 f   uniquePosition.obj
 0001:00005790       ?CompressImpl@UniquePosition@@CA?AV?$basic_string@DU?$char_traits@D@std@@V?$allocator@D@2@@std@@AEBV23@@Z 0000000180006790 f   uniquePosition.obj
 0001:00005970       ?Uncompress@UniquePosition@@CA?AV?$basic_string@DU?$char_traits@D@std@@V?$allocator@D@2@@std@@AEBV23@@Z 0000000180006970 f   uniquePosition.obj
 0001:00005b60       ?IsValidCompressed@UniquePosition@@CA_NAEBV?$basic_string@DU?$char_traits@D@std@@V?$allocator@D@2@@std@@@Z 0000000180006b60 f   uniquePosition.obj
 0001:00005d10       ??1?$_Yarn@D@std@@QEAA@XZ  0000000180006d10 f i uniquePosition.obj
 0001:00005d10       ??1?$_Yarn@_W@std@@QEAA@XZ 0000000180006d10 f i uniquePosition.obj
 0001:00005d40       ?substr@?$basic_string@DU?$char_traits@D@std@@V?$allocator@D@2@@std@@QEBA?AV12@_K0@Z 0000000180006d40 f i uniquePosition.obj
 0001:00005d80       ?find_first_not_of@?$basic_string@DU?$char_traits@D@std@@V?$allocator@D@2@@std@@QEBA_KD_K@Z 0000000180006d80 f i uniquePosition.obj
 0001:00005e30       ?reserve@?$basic_string@DU?$char_traits@D@std@@V?$allocator@D@2@@std@@QEAAX_K@Z 0000000180006e30 f i uniquePosition.obj
 0001:00005ee0       ?push_back@?$basic_string@DU?$char_traits@D@std@@V?$allocator@D@2@@std@@QEAAXD@Z 0000000180006ee0 f i uniquePosition.obj
 0001:00005f80       ?append@?$basic_string@DU?$char_traits@D@std@@V?$allocator@D@2@@std@@QEAAAEAV12@_KD@Z 0000000180006f80 f i uniquePosition.obj
 0001:00006090       ?append@?$basic_string@DU?$char_traits@D@std@@V?$allocator@D@2@@std@@QEAAAEAV12@AEBV12@_K1@Z 0000000180007090 f i uniquePosition.obj
 0001:000061c0       ??1?$basic_string@DU?$char_traits@D@std@@V?$allocator@D@2@@std@@QEAA@XZ 00000001800071c0 f i uniquePosition.obj
 0001:00006250       ??0?$basic_string@DU?$char_traits@D@std@@V?$allocator@D@2@@std@@QEAA@$$QEAV01@@Z 0000000180007250 f i uniquePosition.obj
 0001:000062f0       ?_Myptr@?$_String_alloc@U?$_String_base_types@DV?$allocator@D@std@@@std@@@std@@QEBAPEBDXZ 00000001800072f0 f i uniquePosition.obj
 0001:00006300       ?_Tidy@?$basic_string@DU?$char_traits@D@std@@V?$allocator@D@2@@std@@QEAAX_N_K@Z 0000000180007300 f i uniquePosition.obj
 0001:000063b0       ?assign@?$basic_string@DU?$char_traits@D@std@@V?$allocator@D@2@@std@@QEAAAEAV12@_KD@Z 00000001800073b0 f i uniquePosition.obj
 0001:000064b0       ?assign@?$basic_string@DU?$char_traits@D@std@@V?$allocator@D@2@@std@@QEAAAEAV12@PEBD_K@Z 00000001800074b0 f i uniquePosition.obj
 0001:000065e0       ?assign@?$basic_string@DU?$char_traits@D@std@@V?$allocator@D@2@@std@@QEAAAEAV12@AEBV12@_K1@Z 00000001800075e0 f i uniquePosition.obj
 0001:00006710       ?append@?$basic_string@DU?$char_traits@D@std@@V?$allocator@D@2@@std@@QEAAAEAV12@PEBD_K@Z 0000000180007710 f i uniquePosition.obj
 0001:00006860       ?_Assign_rv@?$basic_string@DU?$char_traits@D@std@@V?$allocator@D@2@@std@@QEAAX$$QEAV12@@Z 0000000180007860 f i uniquePosition.obj
 0001:000068e0       ?deallocate@?$_Wrap_alloc@V?$allocator@D@std@@@std@@QEAAXPEAD_K@Z 00000001800078e0 f i uniquePosition.obj
 0001:00006940       ?_Copy@?$basic_string@DU?$char_traits@D@std@@V?$allocator@D@2@@std@@QEAAX_K0@Z 0000000180007940 f i uniquePosition.obj
 0001:00006ac0       ?erase@?$basic_string@DU?$char_traits@D@std@@V?$allocator@D@2@@std@@QEAAAEAV12@_K0@Z 0000000180007ac0 f i uniquePosition.obj
 0001:00006b90       ??$use_facet@V?$ctype@D@std@@@std@@YAAEBV?$ctype@D@0@AEBVlocale@0@@Z 0000000180007b90 f i uniquePosition.obj
 0001:00006cc0       ??$_Immortalize@V_Iostream_error_category@std@@@std@@YAAEAV_Iostream_error_category@0@XZ 0000000180007cc0 f i uniquePosition.obj
 0001:00006d40       ??$?6U?$char_traits@D@std@@@std@@YAAEAV?$basic_ostream@DU?$char_traits@D@std@@@0@AEAV10@PEBD@Z 0000000180007d40 f i uniquePosition.obj
 0001:00006fb0       ??$endl@DU?$char_traits@D@std@@@std@@YAAEAV?$basic_ostream@DU?$char_traits@D@std@@@0@AEAV10@@Z 0000000180007fb0 f i uniquePosition.obj
 0001:00007050       ??$?HDU?$char_traits@D@std@@V?$allocator@D@1@@std@@YA?AV?$basic_string@DU?$char_traits@D@std@@V?$allocator@D@2@@0@AEBV10@0@Z 0000000180008050 f i uniquePosition.obj
 0001:000070e0       ??$Unwrap@VUniquePosition@@@ObjectWrap@node@@SAPEAVUniquePosition@@V?$Local@VObject@v8@@@v8@@@Z 00000001800080e0 f i uniquePosition.obj
 0001:00007160       ??$?MDU?$char_traits@D@std@@V?$allocator@D@1@@std@@YA_NAEBV?$basic_string@DU?$char_traits@D@std@@V?$allocator@D@2@@0@0@Z 0000000180008160 f i uniquePosition.obj
 0001:000071e0       ??$?8DU?$char_traits@D@std@@V?$allocator@D@1@@std@@YA_NAEBV?$basic_string@DU?$char_traits@D@std@@V?$allocator@D@2@@0@0@Z 00000001800081e0 f i uniquePosition.obj
 0001:00007260       ??$?HDU?$char_traits@D@std@@V?$allocator@D@1@@std@@YA?AV?$basic_string@DU?$char_traits@D@std@@V?$allocator@D@2@@0@PEBDAEBV10@@Z 0000000180008260 f i uniquePosition.obj
 0001:00007320       ??$?HDU?$char_traits@D@std@@V?$allocator@D@1@@std@@YA?AV?$basic_string@DU?$char_traits@D@std@@V?$allocator@D@2@@0@$$QEAV10@PEBD@Z 0000000180008320 f i uniquePosition.obj
 0001:00007360       ??$?HDU?$char_traits@D@std@@V?$allocator@D@1@@std@@YA?AV?$basic_string@DU?$char_traits@D@std@@V?$allocator@D@2@@0@$$QEAV10@D@Z 0000000180008360 f i uniquePosition.obj
 0001:00007450       ??$?ODU?$char_traits@D@std@@V?$allocator@D@1@@std@@YA_NAEBV?$basic_string@DU?$char_traits@D@std@@V?$allocator@D@2@@0@0@Z 0000000180008450 f i uniquePosition.obj
 0001:000074d0       ??1sentry@?$basic_ostream@DU?$char_traits@D@std@@@std@@QEAA@XZ 00000001800084d0 f i uniquePosition.obj
 0001:00007550       ??0sentry@?$basic_ostream@DU?$char_traits@D@std@@@std@@QEAA@AEAV12@@Z 0000000180008550 f i uniquePosition.obj
 0001:000075d0       ?flush@?$basic_ostream@DU?$char_traits@D@std@@@std@@QEAAAEAV12@XZ 00000001800085d0 f i uniquePosition.obj
 0001:000076d0       ?put@?$basic_ostream@DU?$char_traits@D@std@@@std@@QEAAAEAV12@D@Z 00000001800086d0 f i uniquePosition.obj
 0001:00007840       ?widen@?$basic_ios@DU?$char_traits@D@std@@@std@@QEBADD@Z 0000000180008840 f i uniquePosition.obj
 0001:000078c0       ??1_Sentry_base@?$basic_ostream@DU?$char_traits@D@std@@@std@@QEAA@XZ 00000001800088c0 f i uniquePosition.obj
 0001:000078e0       __local_stdio_printf_options 00000001800088e0 f i base64.obj
 0001:000078f0       printf                     00000001800088f0 f i base64.obj
 0001:00007950       ?base64_encode@@YAPEADPEBDH@Z 0000000180008950 f   base64.obj
 0001:00007aa0       ?base64_decode@@YAPEADPEBDH@Z 0000000180008aa0 f   base64.obj
 0001:00007c4c       __imp_load_?New@Signature@v8@@SA?AV?$Local@VSignature@v8@@@2@PEAVIsolate@2@V?$Local@VFunctionTemplate@v8@@@2@@Z 0000000180008c4c f   node:node.exe
 0001:00007c58       __tailMerge_node_exe       0000000180008c58 f i node:node.exe
 0001:00007cd1       __imp_load_?GetCurrentContext@Isolate@v8@@QEAA?AV?$Local@VContext@v8@@@2@XZ 0000000180008cd1 f   node:node.exe
 0001:00007cdd       __imp_load_?GetCurrent@Isolate@v8@@SAPEAV12@XZ 0000000180008cdd f   node:node.exe
 0001:00007ce9       __imp_load_?CreateHandle@HandleScope@v8@@KAPEAPEAVObject@internal@2@PEAVIsolate@42@PEAV342@@Z 0000000180008ce9 f   node:node.exe
 0001:00007cf5       __imp_load_??1HandleScope@v8@@QEAA@XZ 0000000180008cf5 f   node:node.exe
 0001:00007d01       __imp_load_??0HandleScope@v8@@QEAA@PEAVIsolate@1@@Z 0000000180008d01 f   node:node.exe
 0001:00007d0d       __imp_load_?Set@Template@v8@@QEAAXV?$Local@VName@v8@@@2@V?$Local@VData@v8@@@2@W4PropertyAttribute@2@@Z 0000000180008d0d f   node:node.exe
 0001:00007d19       __imp_load_?SetClassName@FunctionTemplate@v8@@QEAAXV?$Local@VString@v8@@@2@@Z 0000000180008d19 f   node:node.exe
 0001:00007d25       __imp_load_?PrototypeTemplate@FunctionTemplate@v8@@QEAA?AV?$Local@VObjectTemplate@v8@@@2@XZ 0000000180008d25 f   node:node.exe
 0001:00007d31       __imp_load_?InstanceTemplate@FunctionTemplate@v8@@QEAA?AV?$Local@VObjectTemplate@v8@@@2@XZ 0000000180008d31 f   node:node.exe
 0001:00007d3d       __imp_load_?GetFunction@FunctionTemplate@v8@@QEAA?AV?$Local@VFunction@v8@@@2@XZ 0000000180008d3d f   node:node.exe
 0001:00007d49       __imp_load_?New@FunctionTemplate@v8@@SA?AV?$Local@VFunctionTemplate@v8@@@2@PEAVIsolate@2@P6AXAEBV?$FunctionCallbackInfo@VValue@v8@@@2@@ZV?$Local@VValue@v8@@@2@V?$Local@VSignature@v8@@@2@HW4ConstructorBehavior@2@@Z 0000000180008d49 f   node:node.exe
 0001:00007d55       __imp_load_?ToLocalEmpty@V8@v8@@CAXXZ 0000000180008d55 f   node:node.exe
 0001:00007d61       __imp_load_?ClearWeak@V8@v8@@CAPEAXPEAPEAVObject@internal@2@@Z 0000000180008d61 f   node:node.exe
 0001:00007d6d       __imp_load_?MakeWeak@V8@v8@@CAXPEAPEAVObject@internal@2@PEAXP6AXAEBV?$WeakCallbackInfo@X@2@@ZW4WeakCallbackType@2@@Z 0000000180008d6d f   node:node.exe
 0001:00007d79       __imp_load_?DisposeGlobal@V8@v8@@CAXPEAPEAVObject@internal@2@@Z 0000000180008d79 f   node:node.exe
 0001:00007d85       __imp_load_?GlobalizeReference@V8@v8@@CAPEAPEAVObject@internal@2@PEAVIsolate@42@PEAPEAV342@@Z 0000000180008d85 f   node:node.exe
 0001:00007d91       __imp_load_?NumberValue@Value@v8@@QEBANXZ 0000000180008d91 f   node:node.exe
 0001:00007d9d       __imp_load_?BooleanValue@Value@v8@@QEBA_NXZ 0000000180008d9d f   node:node.exe
 0001:00007da9       __imp_load_?IsBoolean@Value@v8@@QEBA_NXZ 0000000180008da9 f   node:node.exe
 0001:00007db5       __imp_load_??1Utf8Value@String@v8@@QEAA@XZ 0000000180008db5 f   node:node.exe
 0001:00007dc1       __imp_load_??0Utf8Value@String@v8@@QEAA@V?$Local@VValue@v8@@@2@@Z 0000000180008dc1 f   node:node.exe
 0001:00007dcd       __imp_load_?NewFromUtf8@String@v8@@SA?AV?$Local@VString@v8@@@2@PEAVIsolate@2@PEBDW4NewStringType@12@H@Z 0000000180008dcd f   node:node.exe
 0001:00007dd9       __imp_load_?New@Number@v8@@SA?AV?$Local@VNumber@v8@@@2@PEAVIsolate@2@N@Z 0000000180008dd9 f   node:node.exe
 0001:00007de5       __imp_load_?SlowGetAlignedPointerFromInternalField@Object@v8@@AEAAPEAXH@Z 0000000180008de5 f   node:node.exe
 0001:00007df1       __imp_load_?SetAlignedPointerInInternalField@Object@v8@@QEAAXHPEAX@Z 0000000180008df1 f   node:node.exe
 0001:00007dfd       __imp_load_?InternalFieldCount@Object@v8@@QEAAHXZ 0000000180008dfd f   node:node.exe
 0001:00007e09       __imp_load_?Set@Object@v8@@QEAA_NV?$Local@VValue@v8@@@2@0@Z 0000000180008e09 f   node:node.exe
 0001:00007e15       __imp_load_?SetName@Function@v8@@QEAAXV?$Local@VString@v8@@@2@@Z 0000000180008e15 f   node:node.exe
 0001:00007e21       __imp_load_?NewInstance@Function@v8@@QEBA?AV?$MaybeLocal@VObject@v8@@@2@V?$Local@VContext@v8@@@2@HQEAV?$Local@VValue@v8@@@2@@Z 0000000180008e21 f   node:node.exe
 0001:00007e2d       __imp_load_?SetInternalFieldCount@ObjectTemplate@v8@@QEAAXH@Z 0000000180008e2d f   node:node.exe
 0001:00007e39       __imp_load_node_module_register 0000000180008e39 f   node:node.exe
 0001:00007e45       __imp_load_?Data@Buffer@node@@YAPEADV?$Local@VObject@v8@@@v8@@@Z 0000000180008e45 f   node:node.exe
 0001:00007e51       __imp_load_?ToObject@Value@v8@@QEBA?AV?$Local@VObject@v8@@@2@XZ 0000000180008e51 f   node:node.exe
 0001:00007e60       ??0_Init_locks@std@@QEAA@XZ 0000000180008e60 f   libcpmt:xlock.obj
 0001:00007eac       ??0_Lockit@std@@QEAA@H@Z   0000000180008eac f   libcpmt:xlock.obj
 0001:00007ee8       ??1_Init_locks@std@@QEAA@XZ 0000000180008ee8 f   libcpmt:xlock.obj
 0001:00007f2c       ??1_Lockit@std@@QEAA@XZ    0000000180008f2c f   libcpmt:xlock.obj
 0001:00007f60       ??$use_facet@V?$codecvt@DDU_Mbstatet@@@std@@@std@@YAAEBV?$codecvt@DDU_Mbstatet@@@0@AEBVlocale@0@@Z 0000000180008f60 f i libcpmt:cout.obj
 0001:00008098       ??0?$basic_ostream@DU?$char_traits@D@std@@@std@@QEAA@PEAV?$basic_streambuf@DU?$char_traits@D@std@@@1@_N@Z 0000000180009098 f i libcpmt:cout.obj
 0001:00008160       ??0?$basic_streambuf@DU?$char_traits@D@std@@@std@@IEAA@XZ 0000000180009160 f i libcpmt:cout.obj
 0001:00008210       ??0_Init_cout@std@@QEAA@XZ 0000000180009210 f i libcpmt:cout.obj
 0001:0000827c       ??0bad_cast@std@@QEAA@AEBV01@@Z 000000018000927c f i libcpmt:cout.obj
 0001:000082bc       ??0bad_cast@std@@QEAA@XZ   00000001800092bc f i libcpmt:cout.obj
 0001:000082dc       ??0exception@std@@QEAA@AEBV01@@Z 00000001800092dc f i libcpmt:cout.obj
 0001:00008314       ??1?$basic_filebuf@DU?$char_traits@D@std@@@std@@UEAA@XZ 0000000180009314 f i libcpmt:cout.obj
 0001:000083c0       ??1?$basic_ios@DU?$char_traits@D@std@@@std@@UEAA@XZ 00000001800093c0 f i libcpmt:cout.obj
 0001:000083e4       ??_E?$basic_ostream@DU?$char_traits@D@std@@@std@@$4PPPPPPPM@A@EAAPEAXI@Z 00000001800093e4 f i libcpmt:cout.obj
 0001:000083f0       ??_G?$basic_filebuf@DU?$char_traits@D@std@@@std@@UEAAPEAXI@Z 00000001800093f0 f i libcpmt:cout.obj
 0001:000083f0       ??_E?$basic_filebuf@DU?$char_traits@D@std@@@std@@UEAAPEAXI@Z 00000001800093f0 f i libcpmt:cout.obj
 0001:00008424       ??_G?$basic_ios@DU?$char_traits@D@std@@@std@@UEAAPEAXI@Z 0000000180009424 f i libcpmt:cout.obj
 0001:00008424       ??_E?$basic_ios@DU?$char_traits@D@std@@@std@@UEAAPEAXI@Z 0000000180009424 f i libcpmt:cout.obj
 0001:00008470       ??_E?$basic_ostream@DU?$char_traits@D@std@@@std@@UEAAPEAXI@Z 0000000180009470 f i libcpmt:cout.obj
 0001:00008470       ??_G?$basic_ostream@DU?$char_traits@D@std@@@std@@UEAAPEAXI@Z 0000000180009470 f i libcpmt:cout.obj
 0001:000084e0       ??_G?$basic_streambuf@DU?$char_traits@D@std@@@std@@UEAAPEAXI@Z 00000001800094e0 f i libcpmt:cout.obj
 0001:000084e0       ??_E?$basic_streambuf@DU?$char_traits@D@std@@@std@@UEAAPEAXI@Z 00000001800094e0 f i libcpmt:cout.obj
 0001:00008530       ??_G?$codecvt@DDU_Mbstatet@@@std@@MEAAPEAXI@Z 0000000180009530 f i libcpmt:cout.obj
 0001:00008530       ??_E?$codecvt@DDU_Mbstatet@@@std@@MEAAPEAXI@Z 0000000180009530 f i libcpmt:cout.obj
 0001:0000855c       ??_Gios_base@std@@UEAAPEAXI@Z 000000018000955c f i libcpmt:cout.obj
 0001:0000855c       ??_Eios_base@std@@UEAAPEAXI@Z 000000018000955c f i libcpmt:cout.obj
 0001:000085a8       ??_Glocale@std@@QEAAPEAXI@Z 00000001800095a8 f i libcpmt:cout.obj
 0001:00008638       ?_Endwrite@?$basic_filebuf@DU?$char_traits@D@std@@@std@@IEAA_NXZ 0000000180009638 f i libcpmt:cout.obj
 0001:000087ec       ?_Getcat@?$codecvt@DDU_Mbstatet@@@std@@SA_KPEAPEBVfacet@locale@2@PEBV42@@Z 00000001800097ec f i libcpmt:cout.obj
 0001:000088b0       ?_Init@?$basic_filebuf@DU?$char_traits@D@std@@@std@@IEAAXPEAU_iobuf@@W4_Initfl@12@@Z 00000001800098b0 f i libcpmt:cout.obj
 0001:0000899c       ?_Init@ios_base@std@@IEAAXXZ 000000018000999c f i libcpmt:cout.obj
 0001:00008a1c       ?_Initcvt@?$basic_filebuf@DU?$char_traits@D@std@@@std@@IEAAXPEBV?$codecvt@DDU_Mbstatet@@@2@@Z 0000000180009a1c f i libcpmt:cout.obj
 0001:00008abc       ?_Lock@?$basic_filebuf@DU?$char_traits@D@std@@@std@@UEAAXXZ 0000000180009abc f i libcpmt:cout.obj
 0001:00008ad8       ?_Unlock@?$basic_filebuf@DU?$char_traits@D@std@@@std@@UEAAXXZ 0000000180009ad8 f i libcpmt:cout.obj
 0001:00008af4       ?do_always_noconv@?$codecvt@DDU_Mbstatet@@@std@@MEBA_NXZ 0000000180009af4 f i libcpmt:cout.obj
 0001:00008af4       __acrt_uninitialize_command_line 0000000180009af4 f i libucrt:argv_data.obj
 0001:00008af8       ?do_in@?$codecvt@DDU_Mbstatet@@@std@@MEBAHAEAU_Mbstatet@@PEBD1AEAPEBDPEAD3AEAPEAD@Z 0000000180009af8 f i libcpmt:cout.obj
 0001:00008af8       ?do_out@?$codecvt@DDU_Mbstatet@@@std@@MEBAHAEAU_Mbstatet@@PEBD1AEAPEBDPEAD3AEAPEAD@Z 0000000180009af8 f i libcpmt:cout.obj
 0001:00008b14       ?do_length@?$codecvt@DDU_Mbstatet@@@std@@MEBAHAEAU_Mbstatet@@PEBD1_K@Z 0000000180009b14 f i libcpmt:cout.obj
 0001:00008b28       ?do_unshift@?$codecvt@DDU_Mbstatet@@@std@@MEBAHAEAU_Mbstatet@@PEAD1AEAPEAD@Z 0000000180009b28 f i libcpmt:cout.obj
 0001:00008b34       ?imbue@?$basic_filebuf@DU?$char_traits@D@std@@@std@@MEAAXAEBVlocale@2@@Z 0000000180009b34 f i libcpmt:cout.obj
 0001:00008b58       ?overflow@?$basic_filebuf@DU?$char_traits@D@std@@@std@@MEAAHH@Z 0000000180009b58 f i libcpmt:cout.obj
 0001:00008db8       ?underflow@?$basic_streambuf@DU?$char_traits@D@std@@@std@@MEAAHXZ 0000000180009db8 f i libcpmt:cout.obj
 0001:00008db8       ?overflow@?$basic_streambuf@DU?$char_traits@D@std@@@std@@MEAAHH@Z 0000000180009db8 f i libcpmt:cout.obj
 0001:00008db8       ?pbackfail@?$basic_streambuf@DU?$char_traits@D@std@@@std@@MEAAHH@Z 0000000180009db8 f i libcpmt:cout.obj
 0001:00008dbc       ?pbackfail@?$basic_filebuf@DU?$char_traits@D@std@@@std@@MEAAHH@Z 0000000180009dbc f i libcpmt:cout.obj
 0001:00008e8c       ?seekoff@?$basic_filebuf@DU?$char_traits@D@std@@@std@@MEAA?AV?$fpos@U_Mbstatet@@@2@_JHH@Z 0000000180009e8c f i libcpmt:cout.obj
 0001:00008f78       ?seekpos@?$basic_filebuf@DU?$char_traits@D@std@@@std@@MEAA?AV?$fpos@U_Mbstatet@@@2@V32@H@Z 0000000180009f78 f i libcpmt:cout.obj
 0001:00009078       ?seekpos@?$basic_streambuf@DU?$char_traits@D@std@@@std@@MEAA?AV?$fpos@U_Mbstatet@@@2@V32@H@Z 000000018000a078 f i libcpmt:cout.obj
 0001:00009078       ?seekoff@?$basic_streambuf@DU?$char_traits@D@std@@@std@@MEAA?AV?$fpos@U_Mbstatet@@@2@_JHH@Z 000000018000a078 f i libcpmt:cout.obj
 0001:00009094       ?setbuf@?$basic_filebuf@DU?$char_traits@D@std@@@std@@MEAAPEAV?$basic_streambuf@DU?$char_traits@D@std@@@2@PEAD_J@Z 000000018000a094 f i libcpmt:cout.obj
 0001:000090e8       ?setbuf@?$basic_streambuf@DU?$char_traits@D@std@@@std@@MEAAPEAV12@PEAD_J@Z 000000018000a0e8 f i libcpmt:cout.obj
 0001:000090ec       ?sync@?$basic_filebuf@DU?$char_traits@D@std@@@std@@MEAAHXZ 000000018000a0ec f i libcpmt:cout.obj
 0001:0000914c       ?uflow@?$basic_filebuf@DU?$char_traits@D@std@@@std@@MEAAHXZ 000000018000a14c f i libcpmt:cout.obj
 0001:000093e4       ?uflow@?$basic_streambuf@DU?$char_traits@D@std@@@std@@MEAAHXZ 000000018000a3e4 f i libcpmt:cout.obj
 0001:00009430       ?underflow@?$basic_filebuf@DU?$char_traits@D@std@@@std@@MEAAHXZ 000000018000a430 f i libcpmt:cout.obj
 0001:000094a8       ?what@exception@std@@UEBAPEBDXZ 000000018000a4a8 f i libcpmt:cout.obj
 0001:000094bc       ?xsgetn@?$basic_streambuf@DU?$char_traits@D@std@@@std@@MEAA_JPEAD_J@Z 000000018000a4bc f i libcpmt:cout.obj
 0001:0000957c       ?xsputn@?$basic_streambuf@DU?$char_traits@D@std@@@std@@MEAA_JPEBD_J@Z 000000018000a57c f i libcpmt:cout.obj
 0001:00009640       ??4?$_Yarn@D@std@@QEAAAEAV01@PEBD@Z 000000018000a640 f i libcpmt:locale0.obj
 0001:000096b8       ??_G_Fac_node@std@@QEAAPEAXI@Z 000000018000a6b8 f i libcpmt:locale0.obj
 0001:00009744       ??_E_Locimp@locale@std@@MEAAPEAXI@Z 000000018000a744 f i libcpmt:locale0.obj
 0001:00009744       ??_G_Locimp@locale@std@@MEAAPEAXI@Z 000000018000a744 f i libcpmt:locale0.obj
 0001:000097b0       ?_Facet_Register@std@@YAXPEAV_Facet_base@1@@Z 000000018000a7b0 f   libcpmt:locale0.obj
 0001:000097e8       ?_Getgloballocale@locale@std@@CAPEAV_Locimp@12@XZ 000000018000a7e8 f   libcpmt:locale0.obj
 0001:000097f0       ?_Init@locale@std@@CAPEAV_Locimp@12@_N@Z 000000018000a7f0 f   libcpmt:locale0.obj
 0001:000098ac       ?_Locimp_dtor@_Locimp@locale@std@@CAXPEAV123@@Z 000000018000a8ac f   libcpmt:locale0.obj
 0001:00009954       ?_Locinfo_ctor@_Locinfo@std@@SAXPEAV12@PEBD@Z 000000018000a954 f   libcpmt:locale0.obj
 0001:000099c0       ?_Locinfo_dtor@_Locinfo@std@@SAXPEAV12@@Z 000000018000a9c0 f   libcpmt:locale0.obj
 0001:000099e4       ?_New_Locimp@_Locimp@locale@std@@CAPEAV123@_N@Z 000000018000a9e4 f   libcpmt:locale0.obj
 0001:00009a54       ?_Setgloballocale@locale@std@@CAXPEAX@Z 000000018000aa54 f   libcpmt:locale0.obj
 0001:00009a88       _Deletegloballocale        000000018000aa88 f   libcpmt:locale0.obj
 0001:00009b10       ??0bad_alloc@std@@QEAA@AEBV01@@Z 000000018000ab10 f i libcpmt:xthrow.obj
 0001:00009b50       ??0bad_alloc@std@@QEAA@XZ  000000018000ab50 f i libcpmt:xthrow.obj
 0001:00009b70       ??0length_error@std@@QEAA@AEBV01@@Z 000000018000ab70 f i libcpmt:xthrow.obj
 0001:00009bb0       ??0length_error@std@@QEAA@PEBD@Z 000000018000abb0 f i libcpmt:xthrow.obj
 0001:00009bfc       ??0logic_error@std@@QEAA@AEBV01@@Z 000000018000abfc f i libcpmt:xthrow.obj
 0001:00009c3c       ??0out_of_range@std@@QEAA@AEBV01@@Z 000000018000ac3c f i libcpmt:xthrow.obj
 0001:00009c7c       ??0out_of_range@std@@QEAA@PEBD@Z 000000018000ac7c f i libcpmt:xthrow.obj
 0001:00009cc8       ??1out_of_range@std@@UEAA@XZ 000000018000acc8 f i libcpmt:xthrow.obj
 0001:00009cc8       ??1bad_array_new_length@std@@UEAA@XZ 000000018000acc8 f i LIBCMT:throw_bad_alloc.obj
 0001:00009cc8       ??1bad_cast@std@@UEAA@XZ   000000018000acc8 f i libcpmt:cout.obj
 0001:00009cc8       ??1length_error@std@@UEAA@XZ 000000018000acc8 f i libcpmt:xthrow.obj
 0001:00009cc8       ??1bad_alloc@std@@UEAA@XZ  000000018000acc8 f i libcpmt:xthrow.obj
 0001:00009cc8       ??1bad_exception@std@@UEAA@XZ 000000018000acc8 f i libvcruntime:frame.obj
 0001:00009cdc       ??_Gout_of_range@std@@UEAAPEAXI@Z 000000018000acdc f i libcpmt:xthrow.obj
 0001:00009cdc       ??_Gbad_array_new_length@std@@UEAAPEAXI@Z 000000018000acdc f i LIBCMT:throw_bad_alloc.obj
 0001:00009cdc       ??_Elength_error@std@@UEAAPEAXI@Z 000000018000acdc f i libcpmt:xthrow.obj
 0001:00009cdc       ??_Ebad_cast@std@@UEAAPEAXI@Z 000000018000acdc f i libcpmt:cout.obj
 0001:00009cdc       ??_Elogic_error@std@@UEAAPEAXI@Z 000000018000acdc f i libcpmt:xthrow.obj
 0001:00009cdc       ??_Glength_error@std@@UEAAPEAXI@Z 000000018000acdc f i libcpmt:xthrow.obj
 0001:00009cdc       ??_Gbad_exception@std@@UEAAPEAXI@Z 000000018000acdc f i libvcruntime:frame.obj
 0001:00009cdc       ??_Eout_of_range@std@@UEAAPEAXI@Z 000000018000acdc f i libcpmt:xthrow.obj
 0001:00009cdc       ??_Ebad_array_new_length@std@@UEAAPEAXI@Z 000000018000acdc f i LIBCMT:throw_bad_alloc.obj
 0001:00009cdc       ??_Ebad_alloc@std@@UEAAPEAXI@Z 000000018000acdc f i libcpmt:xthrow.obj
 0001:00009cdc       ??_Gbad_alloc@std@@UEAAPEAXI@Z 000000018000acdc f i libcpmt:xthrow.obj
 0001:00009cdc       ??_Ebad_exception@std@@UEAAPEAXI@Z 000000018000acdc f i libvcruntime:frame.obj
 0001:00009cdc       ??_Glogic_error@std@@UEAAPEAXI@Z 000000018000acdc f i libcpmt:xthrow.obj
 0001:00009cdc       ??_Gexception@std@@UEAAPEAXI@Z 000000018000acdc f i libcpmt:cout.obj
 0001:00009cdc       ??_Eexception@std@@UEAAPEAXI@Z 000000018000acdc f i libcpmt:cout.obj
 0001:00009cdc       ??_Gbad_cast@std@@UEAAPEAXI@Z 000000018000acdc f i libcpmt:cout.obj
 0001:00009d20       ?_Xlength_error@std@@YAXPEBD@Z 000000018000ad20 f   libcpmt:xthrow.obj
 0001:00009d44       ?_Xout_of_range@std@@YAXPEBD@Z 000000018000ad44 f   libcpmt:xthrow.obj
 0001:00009d68       ?_Syserror_map@std@@YAPEBDH@Z 000000018000ad68 f   libcpmt:syserror.obj
 0001:00009d90       _Getctype                  000000018000ad90 f   libcpmt:_tolower.obj
 0001:00009e50       _Tolower                   000000018000ae50 f   libcpmt:_tolower.obj
 0001:00009f78       _Toupper                   000000018000af78 f   libcpmt:_toupper.obj
 0001:0000a0b0       _Mtxdst                    000000018000b0b0 f   libcpmt:xmtx.obj
 0001:0000a0b8       _Mtxinit                   000000018000b0b8 f   libcpmt:xmtx.obj
 0001:0000a0c8       _Mtxlock                   000000018000b0c8 f   libcpmt:xmtx.obj
 0001:0000a0d0       _Mtxunlock                 000000018000b0d0 f   libcpmt:xmtx.obj
 0001:0000a0d8       ?_Addstd@ios_base@std@@SAXPEAV12@@Z 000000018000b0d8 f   libcpmt:ios.obj
 0001:0000a148       ?_Ios_base_dtor@ios_base@std@@CAXPEAV12@@Z 000000018000b148 f   libcpmt:ios.obj
 0001:0000a18c       ?_Tidy@ios_base@std@@AEAAXXZ 000000018000b18c f i libcpmt:ios.obj
 0001:0000a21c       ?_Atexit@@YAXP6AXXZ@Z      000000018000b21c f   libcpmt:iosptrs.obj
 0001:0000a25c       __crtLCMapStringA          000000018000b25c f   libcpmt:StlLCMapStringA.obj
 0001:0000aa18       __crtInitializeCriticalSectionEx 000000018000ba18 f   libcpmt:winapisupp.obj
 0001:0000aa78       GetTableIndexFromLocaleName 000000018000ba78 f   libcpmt:winapinls.obj
 0001:0000ab04       __crtDownlevelLocaleNameToLCID 000000018000bb04 f   libcpmt:winapinls.obj
 0001:0000ab38       __crtLCMapStringEx         000000018000bb38 f   libcpmt:winapinls.obj
 0001:0000abf4       __wcsnicmp_ascii           000000018000bbf4 f   libcpmt:winapinls.obj
 0001:0000ac60       __security_check_cookie    000000018000bc60 f   LIBCMT:_amdsecgs_.obj
 0001:0000ac84       ??_V@YAXPEAX@Z             000000018000bc84 f   LIBCMT:delete_array.obj
 0001:0000ac84       ??3@YAXPEAX_K@Z            000000018000bc84 f   LIBCMT:delete_scalar_size.obj
 0001:0000add4       _Init_thread_footer        000000018000bdd4 f   LIBCMT:thread_safe_statics.obj
 0001:0000ae34       _Init_thread_header        000000018000be34 f   LIBCMT:thread_safe_statics.obj
 0001:0000ae9c       _Init_thread_notify        000000018000be9c f   LIBCMT:thread_safe_statics.obj
 0001:0000aef8       _Init_thread_wait          000000018000bef8 f   LIBCMT:thread_safe_statics.obj
 0001:0000af90       ??2@YAPEAX_K@Z             000000018000bf90 f   LIBCMT:new_scalar.obj
 0001:0000afcc       __scrt_acquire_startup_lock 000000018000bfcc f   LIBCMT:utility.obj
 0001:0000b008       __scrt_dllmain_after_initialize_c 000000018000c008 f   LIBCMT:utility.obj
 0001:0000b03c       __scrt_dllmain_before_initialize_c 000000018000c03c f   LIBCMT:utility.obj
 0001:0000b054       __scrt_dllmain_crt_thread_attach 000000018000c054 f   LIBCMT:utility.obj
 0001:0000b07c       __scrt_dllmain_crt_thread_detach 000000018000c07c f   LIBCMT:utility.obj
 0001:0000b094       __scrt_dllmain_exception_filter 000000018000c094 f   LIBCMT:utility.obj
 0001:0000b0f8       __scrt_dllmain_uninitialize_c 000000018000c0f8 f   LIBCMT:utility.obj
 0001:0000b128       __scrt_dllmain_uninitialize_critical 000000018000c128 f   LIBCMT:utility.obj
 0001:0000b13c       __scrt_initialize_crt      000000018000c13c f   LIBCMT:utility.obj
 0001:0000b188       __scrt_initialize_onexit_tables 000000018000c188 f   LIBCMT:utility.obj
 0001:0000b254       __scrt_is_nonwritable_in_current_image 000000018000c254 f   LIBCMT:utility.obj
 0001:0000b2f0       __scrt_release_startup_lock 000000018000c2f0 f   LIBCMT:utility.obj
 0001:0000b314       __scrt_uninitialize_crt    000000018000c314 f   LIBCMT:utility.obj
 0001:0000b340       _onexit                    000000018000c340 f   LIBCMT:utility.obj
 0001:0000b390       atexit                     000000018000c390 f   LIBCMT:utility.obj
 0001:0000b3a8       ??3@YAXPEAX@Z              000000018000c3a8 f   LIBCMT:delete_scalar.obj
 0001:0000b3b0       ??_U@YAPEAX_K@Z            000000018000c3b0 f   LIBCMT:new_array.obj
 0001:0000b704       _DllMainCRTStartup         000000018000c704 f   LIBCMT:dll_dllmain.obj
 0001:0000b744       __GSHandlerCheck           000000018000c744 f   LIBCMT:_gshandler_.obj
 0001:0000b764       __GSHandlerCheckCommon     000000018000c764 f   LIBCMT:_gshandler_.obj
 0001:0000b7c0       __GSHandlerCheck_EH        000000018000c7c0 f   LIBCMT:gshandlereh.obj
 0001:0000b840       _guard_check_icall         000000018000c840 f i LIBCMT:checkcfg.obj
 0001:0000b848       ??_Etype_info@@UEAAPEAXI@Z 000000018000c848 f i LIBCMT:std_type_info_static.obj
 0001:0000b848       ??_Gtype_info@@UEAAPEAXI@Z 000000018000c848 f i LIBCMT:std_type_info_static.obj
 0001:0000b890       __chkstk                   000000018000c890 f   LIBCMT:_chkstk_.obj
 0001:0000b890       _alloca_probe              000000018000c890 f   LIBCMT:_chkstk_.obj
 0001:0000b8e4       __raise_securityfailure    000000018000c8e4 f   LIBCMT:gs_report.obj
 0001:0000b918       __report_gsfailure         000000018000c918 f   LIBCMT:gs_report.obj
 0001:0000b9ec       __report_rangecheckfailure 000000018000c9ec f   LIBCMT:gs_report.obj
 0001:0000ba00       __report_securityfailure   000000018000ca00 f   LIBCMT:gs_report.obj
 0001:0000bb80       __crt_debugger_hook        000000018000cb80 f   LIBCMT:utility_desktop.obj
 0001:0000bb88       __scrt_fastfail            000000018000cb88 f   LIBCMT:utility_desktop.obj
 0001:0000bcd0       ??0bad_array_new_length@std@@QEAA@AEBV01@@Z 000000018000ccd0 f i LIBCMT:throw_bad_alloc.obj
 0001:0000bd10       ??0bad_array_new_length@std@@QEAA@XZ 000000018000cd10 f i LIBCMT:throw_bad_alloc.obj
 0001:0000bd30       ?__scrt_throw_std_bad_alloc@@YAXXZ 000000018000cd30 f   LIBCMT:throw_bad_alloc.obj
 0001:0000bd30       ?_Xbad_alloc@std@@YAXXZ    000000018000cd30 f   libcpmt:xthrow.obj
 0001:0000bd50       ?__scrt_throw_std_bad_array_new_length@@YAXXZ 000000018000cd50 f   LIBCMT:throw_bad_alloc.obj
 0001:0000bd70       __isa_available_init       000000018000cd70 f   LIBCMT:_cpu_disp_.obj
 0001:0000bf38       _get_startup_argv_mode     000000018000cf38 f   LIBCMT:argv_mode.obj
 0001:0000bf38       ?do_max_length@codecvt_base@std@@MEBAHXZ 000000018000cf38 f   libcpmt:cout.obj
 0001:0000bf38       ?do_encoding@codecvt_base@std@@MEBAHXZ 000000018000cf38 f   libcpmt:cout.obj
 0001:0000bf38       DllMain                    000000018000cf38 f   LIBCMT:dll_dllmain_stub.obj
 0001:0000bf40       __scrt_is_ucrt_dll_in_use  000000018000cf40 f   LIBCMT:ucrt_detection.obj
 0001:0000bf4c       __security_init_cookie     000000018000cf4c f   LIBCMT:gs_support.obj
 0001:0000bff8       ?__scrt_initialize_type_info@@YAXXZ 000000018000cff8 f   LIBCMT:tncleanup.obj
 0001:0000c008       ?__scrt_uninitialize_type_info@@YAXXZ 000000018000d008 f   LIBCMT:tncleanup.obj
 0001:0000c014       __local_stdio_scanf_options 000000018000d014 f i LIBCMT:default_local_stdio_options.obj
 0001:0000c01c       __scrt_initialize_default_local_stdio_options 000000018000d01c f   LIBCMT:default_local_stdio_options.obj
 0001:0000c038       __scrt_get_dyn_tls_init_callback 000000018000d038 f   LIBCMT:dyn_tls_init.obj
 0001:0000c040       _RTC_Initialize            000000018000d040 f   LIBCMT:_initsect_.obj
 0001:0000c08c       _RTC_Terminate             000000018000d08c f   LIBCMT:_initsect_.obj
 0001:0000c0f0       memcpy                     000000018000d0f0 f   libvcruntime:memcpy.obj
 0001:0000c0f0       memmove                    000000018000d0f0 f   libvcruntime:memcpy.obj
 0001:0000c528       _purecall                  000000018000d528 f   libvcruntime:purevirt.obj
 0001:0000c564       memchr                     000000018000d564 f   libvcruntime:memchr.obj
 0001:0000c580       __DestructExceptionObject  000000018000d580 f   libvcruntime:frame.obj
 0001:0000c608       ??0bad_exception@std@@QEAA@AEBV01@@Z 000000018000d608 f i libvcruntime:frame.obj
 0001:0000c648       ??0bad_exception@std@@QEAA@XZ 000000018000d648 f i libvcruntime:frame.obj
 0001:0000cfc4       ?_CallMemberFunction0@@YAXPEAXP6AX0@Z@Z 000000018000dfc4 f i libvcruntime:frame.obj
 0001:0000cfc8       ?_CallMemberFunction1@@YAXPEAXP6AX0@Z0@Z 000000018000dfc8 f i libvcruntime:frame.obj
 0001:0000cfd4       ?_CallMemberFunction2@@YAXPEAXP6AX0@Z0H@Z 000000018000dfd4 f i libvcruntime:frame.obj
 0001:0000cfe4       __AdjustPointer            000000018000dfe4 f   libvcruntime:frame.obj
 0001:0000d008       __BuildCatchObject         000000018000e008 f   libvcruntime:frame.obj
 0001:0000d0cc       __BuildCatchObjectHelper   000000018000e0cc f   libvcruntime:frame.obj
 0001:0000d2ac       __CxxCallCatchBlock        000000018000e2ac f   libvcruntime:frame.obj
 0001:0000d498       __FrameUnwindFilter        000000018000e498 f   libvcruntime:frame.obj
 0001:0000d4e4       __FrameUnwindToState       000000018000e4e4 f   libvcruntime:frame.obj
 0001:0000d678       __InternalCxxFrameHandler  000000018000e678 f   libvcruntime:frame.obj
 0001:0000d8d0       __TypeMatch                000000018000e8d0 f   libvcruntime:frame.obj
 0001:0000da10       __std_terminate            000000018000ea10 f   libvcruntime:frame.obj
 0001:0000da1c       strrchr                    000000018000ea1c f   libvcruntime:strrchr.obj
 0001:0000db5c       __std_exception_copy       000000018000eb5c f   libvcruntime:std_exception.obj
 0001:0000dbec       __std_exception_destroy    000000018000ebec f   libvcruntime:std_exception.obj
 0001:0000dc14       _CxxThrowException         000000018000ec14 f   libvcruntime:throw.obj
 0001:0000dcec       ?_ExecutionInCatch@@YAHPEAU_xDISPATCHER_CONTEXT@@PEBU_s_FuncInfo@@@Z 000000018000ecec f   libvcruntime:trnsctrl.obj
 0001:0000dd60       ?_GetEstablisherFrame@@YAPEA_KPEA_KPEAU_xDISPATCHER_CONTEXT@@PEBU_s_FuncInfo@@0@Z 000000018000ed60 f   libvcruntime:trnsctrl.obj
 0001:0000de2c       ?_GetRangeOfTrysToCheck@@YAPEBU_s_TryBlockMapEntry@@PEA_KPEBU_s_FuncInfo@@HHPEAI2PEAU_xDISPATCHER_CONTEXT@@@Z 000000018000ee2c f   libvcruntime:trnsctrl.obj
 0001:0000df58       ?__FrameUnwindToEmptyState@@YAXPEA_KPEAU_xDISPATCHER_CONTEXT@@PEBU_s_FuncInfo@@@Z 000000018000ef58 f   libvcruntime:trnsctrl.obj
 0001:0000dfec       ?__SehTransFilter@@YAHPEAU_EXCEPTION_POINTERS@@PEAUEHExceptionRecord@@PEA_KPEAU_CONTEXT@@PEAU_xDISPATCHER_CONTEXT@@PEBU_s_FuncInfo@@PEAH@Z 000000018000efec f   libvcruntime:trnsctrl.obj
 0001:0000e084       _CallSETranslator          000000018000f084 f   libvcruntime:trnsctrl.obj
 0001:0000e0dc       _CreateFrameInfo           000000018000f0dc f   libvcruntime:trnsctrl.obj
 0001:0000e118       _FindAndUnlinkFrame        000000018000f118 f   libvcruntime:trnsctrl.obj
 0001:0000e170       _GetImageBase              000000018000f170 f   libvcruntime:trnsctrl.obj
 0001:0000e184       _GetThrowImageBase         000000018000f184 f   libvcruntime:trnsctrl.obj
 0001:0000e198       _IsExceptionObjectToBeDestroyed 000000018000f198 f   libvcruntime:trnsctrl.obj
 0001:0000e1c8       _SetImageBase              000000018000f1c8 f   libvcruntime:trnsctrl.obj
 0001:0000e1e0       _SetThrowImageBase         000000018000f1e0 f   libvcruntime:trnsctrl.obj
 0001:0000e1f8       _UnwindNestedFrames        000000018000f1f8 f   libvcruntime:trnsctrl.obj
 0001:0000e31c       __CxxFrameHandler3         000000018000f31c f   libvcruntime:trnsctrl.obj
 0001:0000e3b0       memset                     000000018000f3b0 f   libvcruntime:memset.obj
 0001:0000e560       memcmp                     000000018000f560 f   libvcruntime:memcmp.obj
 0001:0000e7f0       __vcrt_FlsAlloc            000000018000f7f0 f   libvcruntime:winapi_downlevel.obj
 0001:0000e844       __vcrt_FlsFree             000000018000f844 f   libvcruntime:winapi_downlevel.obj
 0001:0000e898       __vcrt_FlsGetValue         000000018000f898 f   libvcruntime:winapi_downlevel.obj
 0001:0000e8ec       __vcrt_FlsSetValue         000000018000f8ec f   libvcruntime:winapi_downlevel.obj
 0001:0000e954       __vcrt_InitializeCriticalSectionEx 000000018000f954 f   libvcruntime:winapi_downlevel.obj
 0001:0000e9cc       __vcrt_initialize_winapi_thunks 000000018000f9cc f   libvcruntime:winapi_downlevel.obj
 0001:0000ea18       __vcrt_uninitialize_winapi_thunks 000000018000fa18 f   libvcruntime:winapi_downlevel.obj
 0001:0000ea58       __vcrt_initialize          000000018000fa58 f   libvcruntime:initialization.obj
 0001:0000ea8c       __vcrt_thread_attach       000000018000fa8c f   libvcruntime:initialization.obj
 0001:0000eaa0       __vcrt_thread_detach       000000018000faa0 f   libvcruntime:initialization.obj
 0001:0000eab4       __vcrt_uninitialize        000000018000fab4 f   libvcruntime:initialization.obj
 0001:0000ead4       __vcrt_uninitialize_critical 000000018000fad4 f   libvcruntime:initialization.obj
 0001:0000eae4       __C_specific_handler       000000018000fae4 f   libvcruntime:_chandler_.obj
 0001:0000ece0       __std_type_info_compare    000000018000fce0 f   libvcruntime:std_type_info.obj
 0001:0000ed08       __std_type_info_destroy_list 000000018000fd08 f   libvcruntime:std_type_info.obj
 0001:0000ed34       __vcrt_initialize_pure_virtual_call_handler 000000018000fd34 f   libvcruntime:purevirt_data.obj
 0001:0000ed58       __vcrt_freefls             000000018000fd58 f   libvcruntime:per_thread_data.obj
 0001:0000ed78       __vcrt_freeptd             000000018000fd78 f   libvcruntime:per_thread_data.obj
 0001:0000edc8       __vcrt_getptd              000000018000fdc8 f   libvcruntime:per_thread_data.obj
 0001:0000ede4       __vcrt_getptd_noexit       000000018000fde4 f   libvcruntime:per_thread_data.obj
 0001:0000ee9c       __vcrt_initialize_ptd      000000018000fe9c f   libvcruntime:per_thread_data.obj
 0001:0000eedc       __vcrt_uninitialize_ptd    000000018000fedc f   libvcruntime:per_thread_data.obj
 0001:0000ef00       ?__GetCurrentState@@YAHPEA_KPEAU_xDISPATCHER_CONTEXT@@PEBU_s_FuncInfo@@@Z 000000018000ff00 f   libvcruntime:ehstate.obj
 0001:0000ef28       ?__GetUnwindTryBlock@@YAHPEA_KPEAU_xDISPATCHER_CONTEXT@@PEBU_s_FuncInfo@@@Z 000000018000ff28 f   libvcruntime:ehstate.obj
 0001:0000ef54       ?__SetState@@YAXPEA_KPEAU_xDISPATCHER_CONTEXT@@PEBU_s_FuncInfo@@H@Z 000000018000ff54 f   libvcruntime:ehstate.obj
 0001:0000ef60       ?__SetUnwindTryBlock@@YAXPEA_KPEAU_xDISPATCHER_CONTEXT@@PEBU_s_FuncInfo@@H@Z 000000018000ff60 f   libvcruntime:ehstate.obj
 0001:0000ef9c       ?__StateFromControlPc@@YAHPEBU_s_FuncInfo@@PEAU_xDISPATCHER_CONTEXT@@@Z 000000018000ff9c f   libvcruntime:ehstate.obj
 0001:0000efa4       ?__StateFromIp@@YAHPEBU_s_FuncInfo@@PEAU_xDISPATCHER_CONTEXT@@_J@Z 000000018000ffa4 f   libvcruntime:ehstate.obj
 0001:0000f020       _CallSettingFrame          0000000180010020 f   libvcruntime:handlers.obj
 0001:0000f070       _local_unwind              0000000180010070 f   libvcruntime:_jmpuwind_.obj
 0001:0000f0a0       _NLG_Notify                00000001800100a0 f   libvcruntime:_jmpuwind_.obj
 0001:0000f0c0       __NLG_Dispatch2            00000001800100c0 f   libvcruntime:_jmpuwind_.obj
 0001:0000f0d0       __NLG_Return2              00000001800100d0 f   libvcruntime:_jmpuwind_.obj
 0001:0000f0d4       __vcrt_initialize_locks    00000001800100d4 f   libvcruntime:locks.obj
 0001:0000f11c       __vcrt_uninitialize_locks  000000018001011c f   libvcruntime:locks.obj
 0001:0000f154       abort                      0000000180010154 f   libucrt:abort.obj
 0001:0000f1ac       __acrt_call_reportfault    00000001800101ac f   libucrt:invalid_parameter.obj
 0001:0000f308       __acrt_initialize_invalid_parameter_handler 0000000180010308 f   libucrt:invalid_parameter.obj
 0001:0000f310       _invalid_parameter         0000000180010310 f   libucrt:invalid_parameter.obj
 0001:0000f3b8       _invalid_parameter_noinfo  00000001800103b8 f   libucrt:invalid_parameter.obj
 0001:0000f3d8       _invalid_parameter_noinfo_noreturn 00000001800103d8 f   libucrt:invalid_parameter.obj
 0001:0000f408       _invoke_watson             0000000180010408 f   libucrt:invalid_parameter.obj
 0001:0000f450       free                       0000000180010450 f   libucrt:free.obj
 0001:0000fe40       ??$ftprintf@PEAU_iobuf@@PEB_WAEBQEB_WAEBQEB_WAEBI@?$__crt_char_traits@_W@@SAH$$QEAPEAU_iobuf@@$$QEAPEB_WAEBQEB_W2AEBI@Z 0000000180010e40 f i libucrt:assert.obj
 0001:0000fe68       _wassert                   0000000180010e68 f   libucrt:assert.obj
 0001:0000feec       fwprintf                   0000000180010eec f i libucrt:assert.obj
 0001:0000ff30       swprintf                   0000000180010f30 f i libucrt:assert.obj
 0001:0000ff84       __acrt_initialize_stdio    0000000180010f84 f   libucrt:_file.obj
 0001:000100a4       __acrt_iob_func            00000001800110a4 f   libucrt:_file.obj
 0001:000100b8       __acrt_uninitialize_stdio  00000001800110b8 f   libucrt:_file.obj
 0001:00010114       _get_stream_buffer_pointers 0000000180011114 f   libucrt:_file.obj
 0001:0001015c       _lock_file                 000000018001115c f   libucrt:_file.obj
 0001:00010168       _unlock_file               0000000180011168 f   libucrt:_file.obj
 0001:00010174       ??$?RV<lambda_7b91131dde12e1c3dfc74ff76b3f2eac>@@AEAV<lambda_dd75445284c072d0bd3768540cc698fa>@@V<lambda_16bc4ecb55b4718497c16bceaea2ceaf>@@@?$__crt_seh_guarded_call@H@@QEAAH$$QEAV<lambda_7b91131dde12e1c3dfc74ff76b3f2eac>@@AEAV<lambda_dd75445284c072d0bd3768540cc698fa>@@$$QEAV<lambda_16bc4ecb55b4718497c16bceaea2ceaf>@@@Z 0000000180011174 f i libucrt:output.obj
 0001:000101b4       ??$?RV<lambda_aa279a7bcb127014629d5b1d62c7325d>@@AEAV<lambda_0a64b6a4deda75c01876f29c44fc5eb3>@@V<lambda_3323e69fbefe9d1a11713e670d47cdfa>@@@?$__crt_seh_guarded_call@H@@QEAAH$$QEAV<lambda_aa279a7bcb127014629d5b1d62c7325d>@@AEAV<lambda_0a64b6a4deda75c01876f29c44fc5eb3>@@$$QEAV<lambda_3323e69fbefe9d1a11713e670d47cdfa>@@@Z 00000001800111b4 f i libucrt:output.obj
 0001:000101f4       ??$ensure_buffer_is_big_enough@D@formatting_buffer@__crt_stdio_output@@QEAA_N_K@Z 00000001800111f4 f i libucrt:output.obj
 0001:000102a0       ??$is_wide_character_specifier@D@__crt_stdio_output@@YA_N_KDW4length_modifier@0@@Z 00000001800112a0 f i libucrt:output.obj
 0001:000102d0       ??$is_wide_character_specifier@_W@__crt_stdio_output@@YA_N_K_WW4length_modifier@0@@Z 00000001800112d0 f i libucrt:output.obj
 0001:00010314       ??$type_case_integer_parse_into_buffer@I@?$output_processor@_WV?$stream_output_adapter@_W@__crt_stdio_output@@V?$standard_base@_WV?$stream_output_adapter@_W@__crt_stdio_output@@@2@@__crt_stdio_output@@AEAAXII_N@Z 0000000180011314 f i libucrt:output.obj
 0001:00010314       ??$type_case_integer_parse_into_buffer@I@?$output_processor@_WV?$string_output_adapter@_W@__crt_stdio_output@@V?$standard_base@_WV?$string_output_adapter@_W@__crt_stdio_output@@@2@@__crt_stdio_output@@AEAAXII_N@Z 0000000180011314 f i libucrt:output.obj
 0001:00010314       ??$type_case_integer_parse_into_buffer@I@?$output_processor@DV?$stream_output_adapter@D@__crt_stdio_output@@V?$standard_base@DV?$stream_output_adapter@D@__crt_stdio_output@@@2@@__crt_stdio_output@@AEAAXII_N@Z 0000000180011314 f i libucrt:output.obj
 0001:000103b0       ??$type_case_integer_parse_into_buffer@_K@?$output_processor@_WV?$string_output_adapter@_W@__crt_stdio_output@@V?$standard_base@_WV?$string_output_adapter@_W@__crt_stdio_output@@@2@@__crt_stdio_output@@AEAAX_KI_N@Z 00000001800113b0 f i libucrt:output.obj
 0001:000103b0       ??$type_case_integer_parse_into_buffer@_K@?$output_processor@DV?$stream_output_adapter@D@__crt_stdio_output@@V?$standard_base@DV?$stream_output_adapter@D@__crt_stdio_output@@@2@@__crt_stdio_output@@AEAAX_KI_N@Z 00000001800113b0 f i libucrt:output.obj
 0001:000103b0       ??$type_case_integer_parse_into_buffer@_K@?$output_processor@_WV?$stream_output_adapter@_W@__crt_stdio_output@@V?$standard_base@_WV?$stream_output_adapter@_W@__crt_stdio_output@@@2@@__crt_stdio_output@@AEAAX_KI_N@Z 00000001800113b0 f i libucrt:output.obj
 0001:0001044c       ??$write_multiple_characters@V?$stream_output_adapter@D@__crt_stdio_output@@D@__crt_stdio_output@@YAXAEBV?$stream_output_adapter@D@0@DHQEAH@Z 000000018001144c f i libucrt:output.obj
 0001:000104d0       ??$write_multiple_characters@V?$stream_output_adapter@_W@__crt_stdio_output@@D@__crt_stdio_output@@YAXAEBV?$stream_output_adapter@_W@0@DHQEAH@Z 00000001800114d0 f i libucrt:output.obj
 0001:00010560       ??$write_multiple_characters@V?$string_output_adapter@_W@__crt_stdio_output@@D@__crt_stdio_output@@YAXAEBV?$string_output_adapter@_W@0@DHQEAH@Z 0000000180011560 f i libucrt:output.obj
 0001:000105d0       ??0?$output_processor@DV?$stream_output_adapter@D@__crt_stdio_output@@V?$standard_base@DV?$stream_output_adapter@D@__crt_stdio_output@@@2@@__crt_stdio_output@@QEAA@AEBV?$stream_output_adapter@D@1@_KQEBDQEAU__crt_locale_pointers@@QEAD@Z 00000001800115d0 f i libucrt:output.obj
 0001:0001064c       ??0?$output_processor@_WV?$stream_output_adapter@_W@__crt_stdio_output@@V?$standard_base@_WV?$stream_output_adapter@_W@__crt_stdio_output@@@2@@__crt_stdio_output@@QEAA@AEBV?$stream_output_adapter@_W@1@_KQEB_WQEAU__crt_locale_pointers@@QEAD@Z 000000018001164c f i libucrt:output.obj
 0001:0001064c       ??0?$output_processor@_WV?$string_output_adapter@_W@__crt_stdio_output@@V?$standard_base@_WV?$string_output_adapter@_W@__crt_stdio_output@@@2@@__crt_stdio_output@@QEAA@AEBV?$string_output_adapter@_W@1@_KQEB_WQEAU__crt_locale_pointers@@QEAD@Z 000000018001164c f i libucrt:output.obj
 0001:000106cc       ??0_LocaleUpdate@@QEAA@QEAU__crt_locale_pointers@@@Z 00000001800116cc f i libucrt:output.obj
 0001:0001093c       ?force_decimal_point@__crt_stdio_output@@YAXPEADQEAU__crt_locale_pointers@@@Z 000000018001193c f i libucrt:output.obj
 0001:000109ac       ?parse_int_from_format_string@?$output_processor@DV?$stream_output_adapter@D@__crt_stdio_output@@V?$standard_base@DV?$stream_output_adapter@D@__crt_stdio_output@@@2@@__crt_stdio_output@@AEAA_NQEAH@Z 00000001800119ac f i libucrt:output.obj
 0001:00010a30       ?parse_int_from_format_string@?$output_processor@_WV?$string_output_adapter@_W@__crt_stdio_output@@V?$standard_base@_WV?$string_output_adapter@_W@__crt_stdio_output@@@2@@__crt_stdio_output@@AEAA_NQEAH@Z 0000000180011a30 f i libucrt:output.obj
 0001:00010a30       ?parse_int_from_format_string@?$output_processor@_WV?$stream_output_adapter@_W@__crt_stdio_output@@V?$standard_base@_WV?$stream_output_adapter@_W@__crt_stdio_output@@@2@@__crt_stdio_output@@AEAA_NQEAH@Z 0000000180011a30 f i libucrt:output.obj
 0001:00010ab0       ?process@?$output_processor@DV?$stream_output_adapter@D@__crt_stdio_output@@V?$standard_base@DV?$stream_output_adapter@D@__crt_stdio_output@@@2@@__crt_stdio_output@@QEAAHXZ 0000000180011ab0 f i libucrt:output.obj
 0001:00010cc0       ?process@?$output_processor@_WV?$stream_output_adapter@_W@__crt_stdio_output@@V?$standard_base@_WV?$stream_output_adapter@_W@__crt_stdio_output@@@2@@__crt_stdio_output@@QEAAHXZ 0000000180011cc0 f i libucrt:output.obj
 0001:00010f38       ?process@?$output_processor@_WV?$string_output_adapter@_W@__crt_stdio_output@@V?$standard_base@_WV?$string_output_adapter@_W@__crt_stdio_output@@@2@@__crt_stdio_output@@QEAAHXZ 0000000180011f38 f i libucrt:output.obj
 0001:000111b4       ?state_case_normal@?$output_processor@DV?$stream_output_adapter@D@__crt_stdio_output@@V?$standard_base@DV?$stream_output_adapter@D@__crt_stdio_output@@@2@@__crt_stdio_output@@AEAA_NXZ 00000001800121b4 f i libucrt:output.obj
 0001:00011224       ?state_case_normal_tchar@?$output_processor@DV?$stream_output_adapter@D@__crt_stdio_output@@V?$standard_base@DV?$stream_output_adapter@D@__crt_stdio_output@@@2@@__crt_stdio_output@@AEAA_ND@Z 0000000180012224 f i libucrt:output.obj
 0001:000112b8       ?state_case_size@?$output_processor@DV?$stream_output_adapter@D@__crt_stdio_output@@V?$standard_base@DV?$stream_output_adapter@D@__crt_stdio_output@@@2@@__crt_stdio_output@@AEAA_NXZ 00000001800122b8 f i libucrt:output.obj
 0001:00011434       ?state_case_size@?$output_processor@_WV?$stream_output_adapter@_W@__crt_stdio_output@@V?$standard_base@_WV?$stream_output_adapter@_W@__crt_stdio_output@@@2@@__crt_stdio_output@@AEAA_NXZ 0000000180012434 f i libucrt:output.obj
 0001:000115d8       ?state_case_size@?$output_processor@_WV?$string_output_adapter@_W@__crt_stdio_output@@V?$standard_base@_WV?$string_output_adapter@_W@__crt_stdio_output@@@2@@__crt_stdio_output@@AEAA_NXZ 00000001800125d8 f i libucrt:output.obj
 0001:0001177c       ?state_case_type@?$output_processor@DV?$stream_output_adapter@D@__crt_stdio_output@@V?$standard_base@DV?$stream_output_adapter@D@__crt_stdio_output@@@2@@__crt_stdio_output@@AEAA_NXZ 000000018001277c f i libucrt:output.obj
 0001:000119f8       ?state_case_type@?$output_processor@_WV?$stream_output_adapter@_W@__crt_stdio_output@@V?$standard_base@_WV?$stream_output_adapter@_W@__crt_stdio_output@@@2@@__crt_stdio_output@@AEAA_NXZ 00000001800129f8 f i libucrt:output.obj
 0001:00011cc4       ?state_case_type@?$output_processor@_WV?$string_output_adapter@_W@__crt_stdio_output@@V?$standard_base@_WV?$string_output_adapter@_W@__crt_stdio_output@@@2@@__crt_stdio_output@@AEAA_NXZ 0000000180012cc4 f i libucrt:output.obj
 0001:00011f90       ?type_case_Z@?$output_processor@DV?$stream_output_adapter@D@__crt_stdio_output@@V?$standard_base@DV?$stream_output_adapter@D@__crt_stdio_output@@@2@@__crt_stdio_output@@AEAA_NXZ 0000000180012f90 f i libucrt:output.obj
 0001:00012010       ?type_case_Z@?$output_processor@_WV?$stream_output_adapter@_W@__crt_stdio_output@@V?$standard_base@_WV?$stream_output_adapter@_W@__crt_stdio_output@@@2@@__crt_stdio_output@@AEAA_NXZ 0000000180013010 f i libucrt:output.obj
 0001:00012010       ?type_case_Z@?$output_processor@_WV?$string_output_adapter@_W@__crt_stdio_output@@V?$standard_base@_WV?$string_output_adapter@_W@__crt_stdio_output@@@2@@__crt_stdio_output@@AEAA_NXZ 0000000180013010 f i libucrt:output.obj
 0001:00012090       ?type_case_a@?$output_processor@DV?$stream_output_adapter@D@__crt_stdio_output@@V?$standard_base@DV?$stream_output_adapter@D@__crt_stdio_output@@@2@@__crt_stdio_output@@AEAA_NXZ 0000000180013090 f i libucrt:output.obj
 0001:000122ac       ?type_case_a@?$output_processor@_WV?$stream_output_adapter@_W@__crt_stdio_output@@V?$standard_base@_WV?$stream_output_adapter@_W@__crt_stdio_output@@@2@@__crt_stdio_output@@AEAA_NXZ 00000001800132ac f i libucrt:output.obj
 0001:000122ac       ?type_case_a@?$output_processor@_WV?$string_output_adapter@_W@__crt_stdio_output@@V?$standard_base@_WV?$string_output_adapter@_W@__crt_stdio_output@@@2@@__crt_stdio_output@@AEAA_NXZ 00000001800132ac f i libucrt:output.obj
 0001:000124f0       ?type_case_c_tchar@?$output_processor@DV?$stream_output_adapter@D@__crt_stdio_output@@V?$standard_base@DV?$stream_output_adapter@D@__crt_stdio_output@@@2@@__crt_stdio_output@@AEAA_ND@Z 00000001800134f0 f i libucrt:output.obj
 0001:000125a4       ?type_case_c_tchar@?$output_processor@_WV?$stream_output_adapter@_W@__crt_stdio_output@@V?$standard_base@_WV?$stream_output_adapter@_W@__crt_stdio_output@@@2@@__crt_stdio_output@@AEAA_N_W@Z 00000001800135a4 f i libucrt:output.obj
 0001:000125a4       ?type_case_c_tchar@?$output_processor@_WV?$string_output_adapter@_W@__crt_stdio_output@@V?$standard_base@_WV?$string_output_adapter@_W@__crt_stdio_output@@@2@@__crt_stdio_output@@AEAA_N_W@Z 00000001800135a4 f i libucrt:output.obj
 0001:0001264c       ?type_case_integer@?$output_processor@_WV?$string_output_adapter@_W@__crt_stdio_output@@V?$standard_base@_WV?$string_output_adapter@_W@__crt_stdio_output@@@2@@__crt_stdio_output@@AEAA_NI_N@Z 000000018001364c f i libucrt:output.obj
 0001:0001264c       ?type_case_integer@?$output_processor@DV?$stream_output_adapter@D@__crt_stdio_output@@V?$standard_base@DV?$stream_output_adapter@D@__crt_stdio_output@@@2@@__crt_stdio_output@@AEAA_NI_N@Z 000000018001364c f i libucrt:output.obj
 0001:0001264c       ?type_case_integer@?$output_processor@_WV?$stream_output_adapter@_W@__crt_stdio_output@@V?$standard_base@_WV?$stream_output_adapter@_W@__crt_stdio_output@@@2@@__crt_stdio_output@@AEAA_NI_N@Z 000000018001364c f i libucrt:output.obj
 0001:000127ec       ?type_case_n@?$output_processor@_WV?$string_output_adapter@_W@__crt_stdio_output@@V?$standard_base@_WV?$string_output_adapter@_W@__crt_stdio_output@@@2@@__crt_stdio_output@@AEAA_NXZ 00000001800137ec f i libucrt:output.obj
 0001:000127ec       ?type_case_n@?$output_processor@DV?$stream_output_adapter@D@__crt_stdio_output@@V?$standard_base@DV?$stream_output_adapter@D@__crt_stdio_output@@@2@@__crt_stdio_output@@AEAA_NXZ 00000001800137ec f i libucrt:output.obj
 0001:000127ec       ?type_case_n@?$output_processor@_WV?$stream_output_adapter@_W@__crt_stdio_output@@V?$standard_base@_WV?$stream_output_adapter@_W@__crt_stdio_output@@@2@@__crt_stdio_output@@AEAA_NXZ 00000001800137ec f i libucrt:output.obj
 0001:000128c8       ?type_case_s@?$output_processor@DV?$stream_output_adapter@D@__crt_stdio_output@@V?$standard_base@DV?$stream_output_adapter@D@__crt_stdio_output@@@2@@__crt_stdio_output@@AEAA_NXZ 00000001800138c8 f i libucrt:output.obj
 0001:00012958       ?type_case_s@?$output_processor@_WV?$stream_output_adapter@_W@__crt_stdio_output@@V?$standard_base@_WV?$stream_output_adapter@_W@__crt_stdio_output@@@2@@__crt_stdio_output@@AEAA_NXZ 0000000180013958 f i libucrt:output.obj
 0001:00012958       ?type_case_s@?$output_processor@_WV?$string_output_adapter@_W@__crt_stdio_output@@V?$standard_base@_WV?$string_output_adapter@_W@__crt_stdio_output@@@2@@__crt_stdio_output@@AEAA_NXZ 0000000180013958 f i libucrt:output.obj
 0001:00012a20       ?validate_stream_is_ansi_if_required@?$__acrt_stdio_char_traits@D@@SA_NQEAU_iobuf@@@Z 0000000180013a20 f i libucrt:output.obj
 0001:00012aac       ?write_stored_string_tchar@?$output_processor@DV?$stream_output_adapter@D@__crt_stdio_output@@V?$standard_base@DV?$stream_output_adapter@D@__crt_stdio_output@@@2@@__crt_stdio_output@@AEAA_ND@Z 0000000180013aac f i libucrt:output.obj
 0001:00012b84       ?write_stored_string_tchar@?$output_processor@_WV?$stream_output_adapter@_W@__crt_stdio_output@@V?$standard_base@_WV?$stream_output_adapter@_W@__crt_stdio_output@@@2@@__crt_stdio_output@@AEAA_N_W@Z 0000000180013b84 f i libucrt:output.obj
 0001:00012c70       ?write_stored_string_tchar@?$output_processor@_WV?$string_output_adapter@_W@__crt_stdio_output@@V?$standard_base@_WV?$string_output_adapter@_W@__crt_stdio_output@@@2@@__crt_stdio_output@@AEAA_N_W@Z 0000000180013c70 f i libucrt:output.obj
 0001:00012d60       ?write_string@?$stream_output_adapter@D@__crt_stdio_output@@QEBAXQEBDHQEAH1@Z 0000000180013d60 f i libucrt:output.obj
 0001:00012e58       ?write_string@?$stream_output_adapter@_W@__crt_stdio_output@@QEBAXQEB_WHQEAH1@Z 0000000180013e58 f i libucrt:output.obj
 0001:00012f64       ?write_string@?$string_output_adapter@_W@__crt_stdio_output@@QEBAXQEB_WHQEAH1@Z 0000000180013f64 f i libucrt:output.obj
 0001:00013024       __stdio_common_vfprintf    0000000180014024 f   libucrt:output.obj
 0001:000130b0       __stdio_common_vfwprintf   00000001800140b0 f   libucrt:output.obj
 0001:0001313c       __stdio_common_vswprintf   000000018001413c f   libucrt:output.obj
 0001:00013374       __ascii_stricmp            0000000180014374 f   libucrt:stricmp.obj
 0001:000133b0       _stricmp                   00000001800143b0 f   libucrt:stricmp.obj
 0001:000133f8       _stricmp_l                 00000001800143f8 f   libucrt:stricmp.obj
 0001:000134ac       __acrt_initialize_locks    00000001800144ac f   libucrt:locks.obj
 0001:000134f4       __acrt_lock                00000001800144f4 f   libucrt:locks.obj
 0001:00013510       __acrt_uninitialize_locks  0000000180014510 f   libucrt:locks.obj
 0001:00013548       __acrt_unlock              0000000180014548 f   libucrt:locks.obj
 0001:00013564       _lock_locales              0000000180014564 f   libucrt:locks.obj
 0001:00013574       _unlock_locales            0000000180014574 f   libucrt:locks.obj
 0001:00013584       __acrt_errno_from_os_error 0000000180014584 f   libucrt:errno.obj
 0001:000135cc       __acrt_errno_map_os_error  00000001800145cc f   libucrt:errno.obj
 0001:0001361c       __doserrno                 000000018001461c f   libucrt:errno.obj
 0001:0001363c       _errno                     000000018001463c f   libucrt:errno.obj
 0001:0001365c       _fclose_nolock             000000018001465c f   libucrt:fclose.obj
 0001:000136e0       fclose                     00000001800146e0 f   libucrt:fclose.obj
 0001:0001374c       __acrt_stdio_flush_nolock  000000018001474c f   libucrt:fflush.obj
 0001:000137c4       _fflush_nolock             00000001800147c4 f   libucrt:fflush.obj
 0001:00013810       _flushall                  0000000180014810 f   libucrt:fflush.obj
 0001:00013900       fflush                     0000000180014900 f   libucrt:fflush.obj
 0001:00013944       _fgetc_nolock              0000000180014944 f   libucrt:fgetc.obj
 0001:00013988       fgetc                      0000000180014988 f   libucrt:fgetc.obj
 0001:00013a8c       fgetpos                    0000000180014a8c f   libucrt:fgetpos.obj
 0001:00013ad8       _fputc_nolock              0000000180014ad8 f   libucrt:fputc.obj
 0001:00013af0       fputc                      0000000180014af0 f   libucrt:fputc.obj
 0001:00013c10       fsetpos                    0000000180014c10 f   libucrt:fsetpos.obj
 0001:00013ebc       _fseeki64                  0000000180014ebc f   libucrt:fseek.obj
 0001:00013ec4       ??$?RV<lambda_5d4c3fee44080f75d5d9762853974fe0>@@AEAV<lambda_532e024f4337e6fc7ad266c2bef9f4ed>@@V<lambda_c87bdc10097eb2402edb8ba9bdf0697b>@@@?$__crt_seh_guarded_call@_K@@QEAA_K$$QEAV<lambda_5d4c3fee44080f75d5d9762853974fe0>@@AEAV<lambda_532e024f4337e6fc7ad266c2bef9f4ed>@@$$QEAV<lambda_c87bdc10097eb2402edb8ba9bdf0697b>@@@Z 0000000180014ec4 f i libucrt:fwrite.obj
 0001:00013f68       _fwrite_nolock             0000000180014f68 f   libucrt:fwrite.obj
 0001:00014104       fwrite                     0000000180015104 f   libucrt:fwrite.obj
 0001:00014188       ??$?RV<lambda_7a5ef57ff966f610505f1d28a3d40618>@@AEAV<lambda_b721fa326cdb32351d23dfa67958c160>@@V<lambda_5e0fb27672408a07956fe59e48ccb2aa>@@@?$__crt_seh_guarded_call@H@@QEAAH$$QEAV<lambda_7a5ef57ff966f610505f1d28a3d40618>@@AEAV<lambda_b721fa326cdb32351d23dfa67958c160>@@$$QEAV<lambda_5e0fb27672408a07956fe59e48ccb2aa>@@@Z 0000000180015188 f i libucrt:setvbuf.obj
 0001:000142b8       setvbuf                    00000001800152b8 f   libucrt:setvbuf.obj
 0001:00014358       _ungetc_nolock             0000000180015358 f   libucrt:ungetc.obj
 0001:00014468       ungetc                     0000000180015468 f   libucrt:ungetc.obj
 0001:000144c8       malloc                     00000001800154c8 f   libucrt:malloc.obj
 0001:000145b8       setlocale                  00000001800155b8 f   libucrt:setlocale.obj
 0001:00014784       _calloc_base               0000000180015784 f   libucrt:calloc_base.obj
 0001:000147fc       __pctype_func              00000001800157fc f   libucrt:ctype.obj
 0001:0001482c       isdigit                    000000018001582c f i libucrt:_ctype.obj
 0001:000148a0       islower                    00000001800158a0 f i libucrt:_ctype.obj
 0001:00014914       isupper                    0000000180015914 f i libucrt:_ctype.obj
 0001:00014988       _wcsdup                    0000000180015988 f   libucrt:wcsdup.obj
 0001:00014a0c       ___lc_codepage_func        0000000180015a0c f   libucrt:initctype.obj
 0001:00014a3c       ___lc_locale_name_func     0000000180015a3c f   libucrt:initctype.obj
 0001:00014a70       __acrt_locale_initialize_ctype 0000000180015a70 f   libucrt:initctype.obj
 0001:00015044       _malloc_base               0000000180016044 f   libucrt:malloc_base.obj
 0001:000150a4       _realloc_base              00000001800160a4 f   libucrt:realloc_base.obj
 0001:00015128       ??$make_c_string_character_source@_WPEAPEA_W@__crt_strtox@@YA?AV?$c_string_character_source@_W@0@QEB_WQEAPEA_W@Z 0000000180016128 f i libucrt:strtod.obj
 0001:00015128       ??$make_c_string_character_source@_W$$T@__crt_strtox@@YA?AV?$c_string_character_source@_W@0@QEB_W$$T@Z 0000000180016128 f i libucrt:atox.obj
 0001:00015128       ??$make_c_string_character_source@DPEAPEAD@__crt_strtox@@YA?AV?$c_string_character_source@D@0@QEBDQEAPEAD@Z 0000000180016128 f i libucrt:strtod.obj
 0001:00015140       ?divide@__crt_strtox@@YA_KAEAUbig_integer@1@AEBU21@@Z 0000000180016140 f i libucrt:strtod.obj
 0001:00015610       pow                        0000000180016610 f   libucrt:pow.obj
 0001:00016cb0       powf                       0000000180017cb0 f   libucrt:powf.obj
 0001:00017b78       __strncnt                  0000000180018b78 f   libucrt:strncnt.obj
 0001:00017b90       _free_base                 0000000180018b90 f   libucrt:free_base.obj
 0001:00017c48       _ismbblead                 0000000180018c48 f   libucrt:ismbbyte.obj
 0001:00017cac       _tolower_l                 0000000180018cac f   libucrt:tolower_toupper.obj
 0001:00017dec       tolower                    0000000180018dec f   libucrt:tolower_toupper.obj
 0001:00017e18       wcscpy_s                   0000000180018e18 f   libucrt:wcscpy_s.obj
 0001:00017e80       strnlen                    0000000180018e80 f   libucrt:strnlen.obj
 0001:00017fdc       wcsnlen                    0000000180018fdc f   libucrt:strnlen.obj
 0001:000181cc       __acrt_initialize_new_handler 00000001800191cc f   libucrt:new_handler.obj
 0001:000181d4       _callnewh                  00000001800191d4 f   libucrt:new_handler.obj
 0001:00018214       _query_new_handler         0000000180019214 f   libucrt:new_handler.obj
 0001:00018248       _seh_filter_dll            0000000180019248 f   libucrt:exception_filter.obj
 0001:0001825c       _seh_filter_exe            000000018001925c f   libucrt:exception_filter.obj
 0001:0001861c       __acrt_initialize_thread_local_exit_callback 000000018001961c f   libucrt:exit.obj
 0001:00018624       _cexit                     0000000180019624 f   libucrt:exit.obj
 0001:00018634       _exit                      0000000180019634 f   libucrt:exit.obj
 0001:00018640       _is_c_termination_complete 0000000180019640 f   libucrt:exit.obj
 0001:00018804       __acrt_allocate_buffer_for_argv 0000000180019804 f   libucrt:argv_parsing.obj
 0001:00018868       _configure_narrow_argv     0000000180019868 f   libucrt:argv_parsing.obj
 0001:00018bc4       __dcrt_uninitialize_environments_nolock 0000000180019bc4 f   libucrt:environment_initialization.obj
 0001:00018bfc       _initialize_narrow_environment 0000000180019bfc f   libucrt:environment_initialization.obj
 0001:00018c04       ??$?RV<lambda_b8c45f8f788dd370798f47cfe8ac3a86>@@AEAV<lambda_4e60a939b0d047cfe11ddc22648dfba9>@@V<lambda_332c3edc96d0294ec56c57d38c1cdfd5>@@@?$__crt_seh_guarded_call@H@@QEAAH$$QEAV<lambda_b8c45f8f788dd370798f47cfe8ac3a86>@@AEAV<lambda_4e60a939b0d047cfe11ddc22648dfba9>@@$$QEAV<lambda_332c3edc96d0294ec56c57d38c1cdfd5>@@@Z 0000000180019c04 f i libucrt:onexit.obj
 0001:00018c40       ??$?RV<lambda_e24bbb7b643b32fcea6fa61b31d4c984>@@AEAV<lambda_275893d493268fdec8709772e3fcec0e>@@V<lambda_9d71df4d7cf3f480f8d633942495c3b0>@@@?$__crt_seh_guarded_call@H@@QEAAH$$QEAV<lambda_e24bbb7b643b32fcea6fa61b31d4c984>@@AEAV<lambda_275893d493268fdec8709772e3fcec0e>@@$$QEAV<lambda_9d71df4d7cf3f480f8d633942495c3b0>@@@Z 0000000180019c40 f i libucrt:onexit.obj
 0001:00018fbc       _crt_atexit                0000000180019fbc f   libucrt:onexit.obj
 0001:00018fcc       _execute_onexit_table      0000000180019fcc f   libucrt:onexit.obj
 0001:00019008       _initialize_onexit_table   000000018001a008 f   libucrt:onexit.obj
 0001:00019048       _register_onexit_function  000000018001a048 f   libucrt:onexit.obj
 0001:000191c4       __acrt_initialize          000000018001a1c4 f   libucrt:initialization.obj
 0001:000191d8       __acrt_thread_attach       000000018001a1d8 f   libucrt:initialization.obj
 0001:000191ec       __acrt_thread_detach       000000018001a1ec f   libucrt:initialization.obj
 0001:000191fc       __acrt_uninitialize        000000018001a1fc f   libucrt:initialization.obj
 0001:00019210       __acrt_uninitialize_critical 000000018001a210 f   libucrt:initialization.obj
 0001:00019220       _initterm                  000000018001a220 f   libucrt:initterm.obj
 0001:00019298       _initterm_e                000000018001a298 f   libucrt:initterm.obj
 0001:000192e4       terminate                  000000018001a2e4 f   libucrt:terminate.obj
 0001:0001930c       strcpy_s                   000000018001a30c f   libucrt:strcpy_s.obj
 0001:0001936c       ??$is_overflow_condition@K@__crt_strtox@@YA_NIK@Z 000000018001a36c f i libucrt:atox.obj
 0001:00019398       ??$parse_integer@KV?$c_string_character_source@D@__crt_strtox@@@__crt_strtox@@YAKQEAU__crt_locale_pointers@@V?$c_string_character_source@D@0@H_N@Z 000000018001a398 f i libucrt:atox.obj
 0001:000196ac       ??$parse_integer@KV?$c_string_character_source@_W@__crt_strtox@@@__crt_strtox@@YAKQEAU__crt_locale_pointers@@V?$c_string_character_source@_W@0@H_N@Z 000000018001a6ac f i libucrt:atox.obj
 0001:00019d80       _wtol                      000000018001ad80 f   libucrt:atox.obj
 0001:00019dac       ??$?RV<lambda_c36588078e9f5dfd39652860aa6b3aaf>@@AEAV<lambda_ec61778202f4f5fc7e7711acc23c3bca>@@V<lambda_dc9d2797ccde5d239b4a0efae8ebd7db>@@@?$__crt_seh_guarded_call@P6AXH@Z@@QEAAP6AXH@Z$$QEAV<lambda_c36588078e9f5dfd39652860aa6b3aaf>@@AEAV<lambda_ec61778202f4f5fc7e7711acc23c3bca>@@$$QEAV<lambda_dc9d2797ccde5d239b4a0efae8ebd7db>@@@Z 000000018001adac f i libucrt:signal.obj
 0001:00019df4       __acrt_get_sigabrt_handler 000000018001adf4 f   libucrt:signal.obj
 0001:00019e24       __acrt_initialize_signal_handlers 000000018001ae24 f   libucrt:signal.obj
 0001:00019e44       raise                      000000018001ae44 f   libucrt:signal.obj
 0001:0001a0e0       ??$?RV<lambda_46352004c1216016012b18bd6f87e700>@@AEAV<lambda_3bd07e1a1191394380780325891bf33f>@@V<lambda_334532d3f185bcaa59b5be82d7d22bff>@@@?$__crt_seh_guarded_call@X@@QEAAX$$QEAV<lambda_46352004c1216016012b18bd6f87e700>@@AEAV<lambda_3bd07e1a1191394380780325891bf33f>@@$$QEAV<lambda_334532d3f185bcaa59b5be82d7d22bff>@@@Z 000000018001b0e0 f i libucrt:per_thread_data.obj
[...]
 0004:00002208       $pdata$?dtor$2@?0??FindBetweenWithSuffix@UniquePosition@@CA?AV?$basic_string@DU?$char_traits@D@std@@V?$allocator@D@2@@std@@AEBV23@00@Z@4HA 0000000180048208     uniquePosition.obj
 0004:00002214       $pdata$?dtor$0@?0??Compress@UniquePosition@@CA?AV?$basic_string@DU?$char_traits@D@std@@V?$allocator@D@2@@std@@AEBV23@@Z@4HA 0000000180048214     uniquePosition.obj
 0004:00002220       $pdata$?dtor$0@?0??CompressImpl@UniquePosition@@CA?AV?$basic_string@DU?$char_traits@D@std@@V?$allocator@D@2@@std@@AEBV23@@Z@4HA 0000000180048220     uniquePosition.obj
 0004:0000222c       $pdata$?dtor$0@?0???$?HDU?$char_traits@D@std@@V?$allocator@D@1@@std@@YA?AV?$basic_string@DU?$char_traits@D@std@@V?$allocator@D@2@@0@AEBV10@0@Z@4HA 000000018004822c     uniquePosition.obj
 0004:0000222c       $pdata$?dtor$0@?0??Uncompress@UniquePosition@@CA?AV?$basic_string@DU?$char_traits@D@std@@V?$allocator@D@2@@std@@AEBV23@@Z@4HA 000000018004822c     uniquePosition.obj
 0004:0000222c       $pdata$?dtor$0@?0???$?HDU?$char_traits@D@std@@V?$allocator@D@1@@std@@YA?AV?$basic_string@DU?$char_traits@D@std@@V?$allocator@D@2@@0@PEBDAEBV10@@Z@4HA 000000018004822c     uniquePosition.obj
 0004:00002238       $pdata$?dtor$0@?0???0?$basic_ostream@DU?$char_traits@D@std@@@std@@QEAA@PEAV?$basic_streambuf@DU?$char_traits@D@std@@@1@_N@Z@4HA 0000000180048238     libcpmt:cout.obj
 0004:00002244       $pdata$?dtor$0@?0??_Getcat@?$codecvt@DDU_Mbstatet@@@std@@SA_KPEAPEBVfacet@locale@2@PEBV42@@Z@4HA 0000000180048244     libcpmt:cout.obj
 0004:00002250       $pdata$__scrt_is_nonwritable_in_current_image$filt$0 0000000180048250     LIBCMT:utility.obj
 0004:0000225c       $pdata$?fin$0@?0??dllmain_crt_process_attach@@YAHQEAUHINSTANCE__@@QEAX@Z@4HA 000000018004825c     LIBCMT:dll_dllmain.obj
 0004:00002268       $pdata$?fin$0@?0??dllmain_crt_process_detach@@YAH_N@Z@4HA 0000000180048268     LIBCMT:dll_dllmain.obj
 0004:00002274       $pdata$?filt$0@?0??dllmain_dispatch@@YAHQEAUHINSTANCE__@@KQEAX@Z@4HA 0000000180048274     LIBCMT:dll_dllmain.obj
 0004:00002280       $pdata$__CxxCallCatchBlock$filt$0 0000000180048280     libvcruntime:frame.obj
 0004:0000228c       $pdata$__CxxCallCatchBlock$fin$1 000000018004828c     libvcruntime:frame.obj
 0004:00002298       $pdata$__DestructExceptionObject$filt$0 0000000180048298     libvcruntime:frame.obj
 0004:000022a4       $pdata$__FrameUnwindToState$filt$0 00000001800482a4     libvcruntime:frame.obj
 0004:000022b0       $pdata$__FrameUnwindToState$fin$1 00000001800482b0     libvcruntime:frame.obj
 0004:000022bc       $pdata$_CallSETranslator$filt$0 00000001800482bc     libvcruntime:trnsctrl.obj
 0004:000022c8       $pdata$common_flush_all$fin$0 00000001800482c8     libucrt:fflush.obj
 0004:000022d4       $pdata$common_flush_all$fin$1 00000001800482d4     libucrt:fflush.obj
 0004:000022e0       $pdata$fclose$fin$0        00000001800482e0     libucrt:fclose.obj
 0004:000022e0       $pdata$fflush$fin$0        00000001800482e0     libucrt:fflush.obj
 0004:000022ec       $pdata$fgetc$fin$0         00000001800482ec     libucrt:fgetc.obj
 0004:000022f8       $pdata$fputc$fin$0         00000001800482f8     libucrt:fputc.obj
 0004:00002304       $pdata$?fin$0@?0???$?RV<lambda_5d4c3fee44080f75d5d9762853974fe0>@@AEAV<lambda_532e024f4337e6fc7ad266c2bef9f4ed>@@V<lambda_c87bdc10097eb2402edb8ba9bdf0697b>@@@?$__crt_seh_guarded_call@_K@@QEAA_K$$QEAV<lambda_5d4c3fee44080f75d5d9762853974fe0>@@AEAV<lambda_532e024f4337e6fc7ad266c2bef9f4ed>@@$$QEAV<lambda_c87bdc10097eb2402edb8ba9bdf0697b>@@@Z@4HA 0000000180048304     libucrt:fwrite.obj
 0004:00002304       $pdata$?fin$0@?0???$?RV<lambda_aa279a7bcb127014629d5b1d62c7325d>@@AEAV<lambda_0a64b6a4deda75c01876f29c44fc5eb3>@@V<lambda_3323e69fbefe9d1a11713e670d47cdfa>@@@?$__crt_seh_guarded_call@H@@QEAAH$$QEAV<lambda_aa279a7bcb127014629d5b1d62c7325d>@@AEAV<lambda_0a64b6a4deda75c01876f29c44fc5eb3>@@$$QEAV<lambda_3323e69fbefe9d1a11713e670d47cdfa>@@@Z@4HA 0000000180048304     libucrt:output.obj
 0004:00002304       $pdata$?fin$0@?0???$?RV<lambda_7b91131dde12e1c3dfc74ff76b3f2eac>@@AEAV<lambda_dd75445284c072d0bd3768540cc698fa>@@V<lambda_16bc4ecb55b4718497c16bceaea2ceaf>@@@?$__crt_seh_guarded_call@H@@QEAAH$$QEAV<lambda_7b91131dde12e1c3dfc74ff76b3f2eac>@@AEAV<lambda_dd75445284c072d0bd3768540cc698fa>@@$$QEAV<lambda_16bc4ecb55b4718497c16bceaea2ceaf>@@@Z@4HA 0000000180048304     libucrt:output.obj
 0004:00002304       $pdata$?fin$0@?0???$?RV<lambda_7a5ef57ff966f610505f1d28a3d40618>@@AEAV<lambda_b721fa326cdb32351d23dfa67958c160>@@V<lambda_5e0fb27672408a07956fe59e48ccb2aa>@@@?$__crt_seh_guarded_call@H@@QEAAH$$QEAV<lambda_7a5ef57ff966f610505f1d28a3d40618>@@AEAV<lambda_b721fa326cdb32351d23dfa67958c160>@@$$QEAV<lambda_5e0fb27672408a07956fe59e48ccb2aa>@@@Z@4HA 0000000180048304     libucrt:setvbuf.obj
 0004:00002310       $pdata$ungetc$fin$0        0000000180048310     libucrt:ungetc.obj
 0004:0000231c       $pdata$setlocale$fin$0     000000018004831c     libucrt:setlocale.obj
 0004:00002328       $pdata$_query_new_handler$fin$0 0000000180048328     libucrt:new_handler.obj
 0004:00002334       $pdata$?filt$0@?0??common_exit@@YAXHW4_crt_exit_cleanup_mode@@W4_crt_exit_return_mode@@@Z@4HA 0000000180048334     libucrt:exit.obj
 0004:00002340       $pdata$?fin$1@?0??common_exit@@YAXHW4_crt_exit_cleanup_mode@@W4_crt_exit_return_mode@@@Z@4HA 0000000180048340     libucrt:exit.obj
 0004:0000234c       $pdata$?fin$0@?0???$?RV<lambda_e24bbb7b643b32fcea6fa61b31d4c984>@@AEAV<lambda_275893d493268fdec8709772e3fcec0e>@@V<lambda_9d71df4d7cf3f480f8d633942495c3b0>@@@?$__crt_seh_guarded_call@H@@QEAAH$$QEAV<lambda_e24bbb7b643b32fcea6fa61b31d4c984>@@AEAV<lambda_275893d493268fdec8709772e3fcec0e>@@$$QEAV<lambda_9d71df4d7cf3f480f8d633942495c3b0>@@@Z@4HA 000000018004834c     libucrt:onexit.obj
 0004:00002358       $pdata$raise$fin$0         0000000180048358     libucrt:signal.obj
 0004:00002364       $pdata$?fin$0@?0???$?RV<lambda_c36588078e9f5dfd39652860aa6b3aaf>@@AEAV<lambda_ec61778202f4f5fc7e7711acc23c3bca>@@V<lambda_dc9d2797ccde5d239b4a0efae8ebd7db>@@@?$__crt_seh_guarded_call@P6AXH@Z@@QEAAP6AXH@Z$$QEAV<lambda_c36588078e9f5dfd39652860aa6b3aaf>@@AEAV<lambda_ec61778202f4f5fc7e7711acc23c3bca>@@$$QEAV<lambda_dc9d2797ccde5d239b4a0efae8ebd7db>@@@Z@4HA 0000000180048364     libucrt:signal.obj
 0004:00002364       $pdata$?fin$0@?0???$?RV<lambda_d67e8342c384adda8f857579ab50b2ae>@@AEAV<lambda_30712929f77e709619002f448b6a9510>@@V<lambda_4525336fd7e478d965fb7ca7a337cad8>@@@?$__crt_seh_guarded_call@X@@QEAAX$$QEAV<lambda_d67e8342c384adda8f857579ab50b2ae>@@AEAV<lambda_30712929f77e709619002f448b6a9510>@@$$QEAV<lambda_4525336fd7e478d965fb7ca7a337cad8>@@@Z@4HA 0000000180048364     libucrt:wsetlocale.obj
 0004:00002364       $pdata$?fin$0@?0???$?RV<lambda_99476a1ad63dd22509b5d3e65b0ffc95>@@AEAV<lambda_ad1ced32f4ac17aa236e5ef05d6b3b7c>@@V<lambda_f7424dd8d45958661754dc4f2697e9c3>@@@?$__crt_seh_guarded_call@X@@QEAAX$$QEAV<lambda_99476a1ad63dd22509b5d3e65b0ffc95>@@AEAV<lambda_ad1ced32f4ac17aa236e5ef05d6b3b7c>@@$$QEAV<lambda_f7424dd8d45958661754dc4f2697e9c3>@@@Z@4HA 0000000180048364     libucrt:mbctype.obj
 0004:00002364       $pdata$?fin$0@?0???$?RV<lambda_72d1df2b273a38828b1ce30cbf4cdab5>@@AEAV<lambda_876a65b173b8412d3a47c70a915b0cf4>@@V<lambda_41932305e351933ebe8f8be3ed8bb5dc>@@@?$__crt_seh_guarded_call@X@@QEAAX$$QEAV<lambda_72d1df2b273a38828b1ce30cbf4cdab5>@@AEAV<lambda_876a65b173b8412d3a47c70a915b0cf4>@@$$QEAV<lambda_41932305e351933ebe8f8be3ed8bb5dc>@@@Z@4HA 0000000180048364     libucrt:per_thread_data.obj
 0004:00002364       $pdata$?fin$0@?0???$?RV<lambda_630b2aca97f6d20d5b5ea6529ea6b6af>@@AEAV<lambda_af91936f1d075d609f72d9d8cba980af>@@V<lambda_e82fa975f615b5c7c7b0e4d178fdae67>@@@?$__crt_seh_guarded_call@H@@QEAAH$$QEAV<lambda_630b2aca97f6d20d5b5ea6529ea6b6af>@@AEAV<lambda_af91936f1d075d609f72d9d8cba980af>@@$$QEAV<lambda_e82fa975f615b5c7c7b0e4d178fdae67>@@@Z@4HA 0000000180048364     libucrt:winapi_thunks.obj
 0004:00002364       $pdata$?fin$0@?0???$?RV<lambda_5e887d1dcbef67a5eb4283622ba103bf>@@AEAV<lambda_4466841279450cc726390878d4a41900>@@V<lambda_341c25c0346d94847f1f3c463c57e077>@@@?$__crt_seh_guarded_call@X@@QEAAX$$QEAV<lambda_5e887d1dcbef67a5eb4283622ba103bf>@@AEAV<lambda_4466841279450cc726390878d4a41900>@@$$QEAV<lambda_341c25c0346d94847f1f3c463c57e077>@@@Z@4HA 0000000180048364     libucrt:per_thread_data.obj
 0004:00002364       $pdata$?fin$0@?0???$?RV<lambda_fb3a7dec4e47f37f22dae91bb15c9095>@@AEAV<lambda_698284760c8add0bfb0756c19673e34b>@@V<lambda_dfb8eca1e75fef3034a8fb18dd509707>@@@?$__crt_seh_guarded_call@X@@QEAAX$$QEAV<lambda_fb3a7dec4e47f37f22dae91bb15c9095>@@AEAV<lambda_698284760c8add0bfb0756c19673e34b>@@$$QEAV<lambda_dfb8eca1e75fef3034a8fb18dd509707>@@@Z@4HA 0000000180048364     libucrt:per_thread_data.obj
 0004:00002364       $pdata$?fin$0@?0???$?RV<lambda_46352004c1216016012b18bd6f87e700>@@AEAV<lambda_3bd07e1a1191394380780325891bf33f>@@V<lambda_334532d3f185bcaa59b5be82d7d22bff>@@@?$__crt_seh_guarded_call@X@@QEAAX$$QEAV<lambda_46352004c1216016012b18bd6f87e700>@@AEAV<lambda_3bd07e1a1191394380780325891bf33f>@@$$QEAV<lambda_334532d3f185bcaa59b5be82d7d22bff>@@@Z@4HA 0000000180048364     libucrt:per_thread_data.obj
 0004:00002364       $pdata$?fin$0@?0???$?RV<lambda_b8c45f8f788dd370798f47cfe8ac3a86>@@AEAV<lambda_4e60a939b0d047cfe11ddc22648dfba9>@@V<lambda_332c3edc96d0294ec56c57d38c1cdfd5>@@@?$__crt_seh_guarded_call@H@@QEAAH$$QEAV<lambda_b8c45f8f788dd370798f47cfe8ac3a86>@@AEAV<lambda_4e60a939b0d047cfe11ddc22648dfba9>@@$$QEAV<lambda_332c3edc96d0294ec56c57d38c1cdfd5>@@@Z@4HA 0000000180048364     libucrt:onexit.obj
 0004:00002370       $pdata$_fcloseall$fin$0    0000000180048370     libucrt:closeall.obj
 0004:0000237c       $pdata$?fin$0@?0???$?RV<lambda_5df02c53a8f32f81fd64e5bbb78039f1>@@AEAV<lambda_2af78c5f5901b1372d98f9ab3177dfa6>@@AEAV<lambda_f51fe5fd7c79a33db34fc9310f277369>@@@?$__crt_seh_guarded_call@X@@QEAAX$$QEAV<lambda_5df02c53a8f32f81fd64e5bbb78039f1>@@AEAV<lambda_2af78c5f5901b1372d98f9ab3177dfa6>@@AEAV<lambda_f51fe5fd7c79a33db34fc9310f277369>@@@Z@4HA 000000018004837c     libucrt:wsetlocale.obj
 0004:00002388       $pdata$?fin$0@?0???$?RV<lambda_b521505b218e5242e90febf6bfebc422>@@AEAV<lambda_6978c1fb23f02e42e1d9e99668cc68aa>@@V<lambda_314360699dd331753a4119843814e9a7>@@@?$__crt_seh_guarded_call@H@@QEAAH$$QEAV<lambda_b521505b218e5242e90febf6bfebc422>@@AEAV<lambda_6978c1fb23f02e42e1d9e99668cc68aa>@@$$QEAV<lambda_314360699dd331753a4119843814e9a7>@@@Z@4HA 0000000180048388     libucrt:commit.obj
 0004:00002388       $pdata$?fin$0@?0???$?RV<lambda_bfedae4ebbf01fab1bb6dcc6a9e276e0>@@AEAV<lambda_2fe9b910cf3cbf4a0ab98a02ba45b3ec>@@V<lambda_237c231691f317818eb88cc1d5d642d6>@@@?$__crt_seh_guarded_call@H@@QEAAH$$QEAV<lambda_bfedae4ebbf01fab1bb6dcc6a9e276e0>@@AEAV<lambda_2fe9b910cf3cbf4a0ab98a02ba45b3ec>@@$$QEAV<lambda_237c231691f317818eb88cc1d5d642d6>@@@Z@4HA 0000000180048388     libucrt:close.obj
 0004:00002394       $pdata$?fin$0@?0??common_fseek@@YAHV__crt_stdio_stream@@_JH@Z@4HA 0000000180048394     libucrt:fseek.obj
 0004:00002394       $pdata$?fin$0@?0???$common_ftell@_J@@YA_JV__crt_stdio_stream@@@Z@4HA 0000000180048394     libucrt:ftell.obj
 0004:000023a0       $pdata$_ctrlfp$filt$0      00000001800483a0     libucrt:fpctrl.obj
 0004:000023a0       $pdata$common_control87$filt$0 00000001800483a0     libucrt:ieee.obj
 0004:000023ac       $pdata$__acrt_update_thread_multibyte_data$fin$0 00000001800483ac     libucrt:mbctype.obj
 0004:000023b8       $pdata$__acrt_update_thread_locale_data$fin$0 00000001800483b8     libucrt:locale_refcounting.obj
 0004:000023b8       $pdata$__acrt_uninitialize_locale$fin$0 00000001800483b8     libucrt:wsetlocale.obj
 0004:000023c4       $pdata$__acrt_initialize_lowio$fin$0 00000001800483c4     libucrt:ioinit.obj
 0004:000023c4       $pdata$__acrt_lowio_ensure_fh_exists$fin$0 00000001800483c4     libucrt:osfinfo.obj
 0004:000023d0       $pdata$_read$fin$0         00000001800483d0     libucrt:read.obj
 0004:000023d0       $pdata$?fin$0@?0???$common_lseek@_J@@YA_JH_JH@Z@4HA 00000001800483d0     libucrt:lseek.obj
 0004:000023d0       $pdata$_write$fin$0        00000001800483d0     libucrt:write.obj
 0004:000023dc       $pdata$_IsNonwritableInCurrentImage$filt$0 00000001800483dc     LIBCMT:pesect.obj
 0004:000023e8       $pdata$??__F?constructor@UniquePosition@@0V?$Persistent@VFunction@v8@@V?$NonCopyablePersistentTraits@VFunction@v8@@@2@@v8@@A@@YAXXZ 00000001800483e8     uniquePosition.obj
 0004:000023f4       $pdata$??__Fcout@std@@YAXXZ 00000001800483f4     libcpmt:cout.obj
 0004:00002400       $pdata$??__F_Fac_tidy_reg@std@@YAXXZ 0000000180048400     libcpmt:locale0.obj
 0004:0000240c       $pdata$??__Fclassic_locale@std@@YAXXZ 000000018004840c     libcpmt:locale0.obj
 0004:00002418       $pdata$??__Finit_atexit@@YAXXZ 0000000180048418     libcpmt:iosptrs.obj
 0005:00000000       __guard_fids__             0000000180049000     libucrt:initialization.obj
 0005:00000060       __guard_fids___acrt_initialize_ptd 0000000180049060     libucrt:per_thread_data.obj
 0005:00000064       __guard_fids___acrt_show_wide_message_box 0000000180049064     libucrt:crtmbox.obj
 0005:00000068       __guard_fids__             0000000180049068     libucrt:stdio_initializer.obj
 0005:0000006c       __guard_fids__             000000018004906c     libucrt:stdio_initializer.obj
 0005:00000070       __guard_fids_??$?RV<lambda_630b2aca97f6d20d5b5ea6529ea6b6af>@@AEAV<lambda_af91936f1d075d609f72d9d8cba980af>@@V<lambda_e82fa975f615b5c7c7b0e4d178fdae67>@@@?$__crt_seh_guarded_call@H@@QEAAH$$QEAV<lambda_630b2aca97f6d20d5b5ea6529ea6b6af>@@AEAV<lambda_af91936f1d075d609f72d9d8cba980af>@@$$QEAV<lambda_e82fa975f615b5c7c7b0e4d178fdae67>@@@Z 0000000180049070     libucrt:winapi_thunks.obj
 0005:00000074       __guard_fids__             0000000180049074     libucrt:wsetlocale.obj
 0005:0000008c       __guard_fids_??$expand_argument_wildcards@D@@YAHQEAD0AEAV?$argument_list@D@?A0xca0879c4@@@Z 000000018004908c     libucrt:argv_wildcards.obj
 0005:00000090       __guard_fids__             0000000180049090     libucrt:locale_initializer.obj
 0005:00000094       __guard_fids_GetLocaleNameFromLangCountry 0000000180049094     libucrt:get_qualified_locale.obj
 0005:00000098       __guard_fids_GetLocaleNameFromLanguage 0000000180049098     libucrt:get_qualified_locale.obj
 0005:0000009c       __guard_fids___acrt_get_qualified_locale_downlevel 000000018004909c     libucrt:getqloc_downlevel.obj
 0005:000000a0       __guard_fids_GetLcidFromLangCountry 00000001800490a0     libucrt:getqloc_downlevel.obj
 0005:000000a4       __guard_fids_GetLcidFromLanguage 00000001800490a4     libucrt:getqloc_downlevel.obj
 0005:000000a8       __guard_fids__             00000001800490a8     libucrt:fma3_initializer.obj
 0005:000000ac       __guard_fids__             00000001800490ac     libucrt:timeset_initializer.obj
 0005:000000b0       __guard_fids__             00000001800490b0     libucrt:multibyte_initializer.obj
 0005:000000b4       __guard_fids__             00000001800490b4     libucrt:console_output_initializer.obj
 0005:000000b8       __guard_fids_??__Einitlocks@std@@YAXXZ 00000001800490b8     libcpmt:xlock.obj
 0005:000000bc       __guard_fids__             00000001800490bc     libcpmt:xlock.obj
 0005:000000c0       __guard_fids_??__Einitlocks@@YAXXZ 00000001800490c0     libcpmt:cout.obj
 0005:000000c4       __guard_fids_??__Efout@std@@YAXXZ 00000001800490c4     libcpmt:cout.obj
 0005:000000c8       __guard_fids_??__Ecout@std@@YAXXZ 00000001800490c8     libcpmt:cout.obj
 0005:000000cc       __guard_fids__             00000001800490cc     libcpmt:cout.obj
 0005:000000d4       __guard_fids__             00000001800490d4     libcpmt:cout.obj
 0005:000000dc       __guard_fids__             00000001800490dc     libcpmt:cout.obj
 0005:000000e4       __guard_fids__             00000001800490e4     libcpmt:cout.obj
 0005:000000f0       __guard_fids__             00000001800490f0     libcpmt:cout.obj
 0005:0000011c       __guard_fids__             000000018004911c     libcpmt:cout.obj
 0005:00000134       __guard_fids__             0000000180049134     libcpmt:cout.obj
 0005:0000013c       __guard_fids__             000000018004913c     libcpmt:cout.obj
 0005:00000154       __guard_fids__             0000000180049154     libcpmt:cout.obj
 0005:0000015c       __guard_fids__             000000018004915c     libcpmt:cout.obj
 0005:00000160       __guard_fids__             0000000180049160     libcpmt:cout.obj
 0005:0000019c       __guard_fids__             000000018004919c     libcpmt:cout.obj
 0005:000001d8       __guard_fids__             00000001800491d8     libcpmt:cout.obj
 0005:000001dc       __guard_fids__             00000001800491dc     libcpmt:cout.obj
 0005:000001e0       __guard_fids__             00000001800491e0     libcpmt:cout.obj
 0005:00000208       __guard_fids__             0000000180049208     libcpmt:cout.obj
 0005:0000020c       __guard_fids__             000000018004920c     libcpmt:cout.obj
 0005:00000210       __guard_fids__             0000000180049210     libcpmt:cout.obj
 0005:00000214       __guard_fids__             0000000180049214     libcpmt:cout.obj
 0005:00000218       __guard_fids_??__E_Fac_tidy_reg@std@@YAXXZ 0000000180049218     libcpmt:locale0.obj
 0005:0000021c       __guard_fids_?_Setgloballocale@locale@std@@CAXPEAX@Z 000000018004921c     libcpmt:locale0.obj
 0005:00000220       __guard_fids_??__Eclassic_locale@std@@YAXXZ 0000000180049220     libcpmt:locale0.obj
 0005:00000224       __guard_fids__             0000000180049224     libcpmt:locale0.obj
 0005:00000230       __guard_fids__             0000000180049230     libcpmt:locale0.obj
 0005:00000234       __guard_fids__             0000000180049234     libcpmt:locale0.obj
 0005:00000238       __guard_fids__             0000000180049238     libcpmt:xthrow.obj
 0005:00000240       __guard_fids__             0000000180049240     libcpmt:xthrow.obj
 0005:00000248       __guard_fids__             0000000180049248     libcpmt:xthrow.obj
 0005:00000250       __guard_fids__             0000000180049250     libcpmt:xthrow.obj
 0005:00000258       __guard_fids_??__Einitlocks@std@@YAXXZ 0000000180049258     libcpmt:iosptrs.obj
 0005:0000025c       __guard_fids_??__Einit_atexit@@YAXXZ 000000018004925c     libcpmt:iosptrs.obj
 0005:00000260       __guard_fids__             0000000180049260     libcpmt:iosptrs.obj
 0005:00000264       __guard_fids__             0000000180049264     libcpmt:iosptrs.obj
 0005:00000268       __guard_fids__             0000000180049268     libcpmt:winapisupp.obj
 0005:0000026c       __guard_fids__             000000018004926c     LIBCMT:thread_safe_statics.obj
 0005:00000270       __guard_fids_?__scrt_initialize_thread_safe_statics@@YAHXZ 0000000180049270     LIBCMT:thread_safe_statics.obj
 0005:00000274       __guard_fids_?dllmain_crt_process_attach@@YAHQEAUHINSTANCE__@@QEAX@Z 0000000180049274     LIBCMT:dll_dllmain.obj
 0005:0000027c       __guard_fids_?dllmain_dispatch@@YAHQEAUHINSTANCE__@@KQEAX@Z 000000018004927c     LIBCMT:dll_dllmain.obj
 0005:00000280       __guard_fids__             0000000180049280     LIBCMT:std_type_info_static.obj
 0005:00000284       __guard_fids__             0000000180049284     LIBCMT:throw_bad_alloc.obj
 0005:0000028c       __guard_fids__             000000018004928c     LIBCMT:guard_support.obj
 0005:00000290       __guard_fids__             0000000180049290     libvcruntime:frame.obj
 0005:00000294       __guard_fids__             0000000180049294     libvcruntime:frame.obj
 0005:0000029c       __guard_fids__UnwindNestedFrames 000000018004929c     libvcruntime:trnsctrl.obj
 0005:000002a0       __guard_fids___vcrt_initialize_ptd 00000001800492a0     libvcruntime:per_thread_data.obj
 0007:00000060       $R000000                   000000018004b060     * linker generated manifest res *

 Exports

  ordinal    name

        1    _register_UniquePosition_
