 UniquePosition

 Timestamp is 5902d059 (Fri Apr 28 13:17:13 2017)

 Preferred load address is 0000000180000000

 Start         Length     Name                   Class
 0001:00000000 000001dbH .text                   CODE
 0001:000001e0 00000128H .text$di                CODE
 0001:00000310 0002672cH .text$mn                CODE
 0001:00026a40 00000012H .text$mn$00             CODE
 0001:00026a60 00000b20H .text$x                 CODE
 0001:00027580 00000194H .text$yd                CODE
 0002:00000000 000002b0H .idata$5                DATA
 0002:000002b0 00000010H .00cfg                  DATA
 0002:000002c0 00000008H .CRT$XCA                DATA
 0002:000002c8 00000038H .CRT$XCC                DATA
 0002:00000300 00000010H .CRT$XCL                DATA
 0002:00000310 00000010H .CRT$XCU                DATA
 0002:00000320 00000008H .CRT$XCZ                DATA
 0002:00000328 00000008H .CRT$XIA                DATA
 0002:00000330 00000030H .CRT$XIC                DATA
 0002:00000360 00000008H .CRT$XIZ                DATA
 0002:00000368 00000008H .CRT$XLA                DATA
 0002:00000370 00000008H .CRT$XLZ                DATA
 0002:00000378 00000008H .CRT$XPA                DATA
 0002:00000380 00000010H .CRT$XPX                DATA
 0002:00000390 00000008H .CRT$XPXA               DATA
 0002:00000398 00000008H .CRT$XPZ                DATA
 0002:000003a0 00000008H .CRT$XTA                DATA
 0002:000003a8 00000008H .CRT$XTZ                DATA
 0002:000003b0 0000d774H .rdata                  DATA
 0002:0000db28 00000028H .rdata$T                DATA
 0002:0000db50 00000f44H .rdata$r                DATA
 0002:0000ea98 00000010H .rdata$zETW0            DATA
 0002:0000eaa8 00000077H .rdata$zETW1            DATA
 0002:0000eb1f 0000002cH .rdata$zETW2            DATA
 0002:0000eb4b 00000001H .rdata$zETW9            DATA
 0002:0000eb4c 00000508H .rdata$zzzdbg           DATA
 0002:0000f058 00000008H .rtc$IAA                DATA
 0002:0000f060 00000008H .rtc$IZZ                DATA
 0002:0000f068 00000008H .rtc$TAA                DATA
 0002:0000f070 00000008H .rtc$TZZ                DATA
 0002:0000f080 00002cf8H .xdata                  DATA
 0002:00011d78 000002a4H .xdata$x                DATA
 0002:0001201c 00000020H .didat$2                DATA
 0002:0001203c 00000020H .didat$3                DATA
 0002:00012060 00000110H .didat$4                DATA
 0002:00012170 00000892H .didat$6                DATA
 0002:00012a08 00000110H .didat$7                DATA
 0002:00012b20 00000060H .edata                  DATA
 0002:00012b80 00000028H .idata$2                DATA
 0002:00012ba8 00000014H .idata$3                DATA
 0002:00012bc0 000002b0H .idata$4                DATA
 0002:00012e70 00000632H .idata$6                DATA
 0003:00000000 00000d28H .data                   DATA
 0003:00000d30 00000590H .data$r                 DATA
 0003:000012c0 00000110H .didat$5                DATA
 0003:000013d0 0000188cH .bss                    DATA
 0004:00000000 000023a0H .pdata                  DATA
 0005:00000000 000000b4H .gfids$x                DATA
 0005:000000b4 000001f4H .gfids$y                DATA
 0006:00000000 00000001H .tls                    DATA
 0006:00000004 00000004H .tls$                   DATA
 0006:00000008 00000001H .tls$ZZZ                DATA
 0007:00000000 00000058H .rsrc$01                DATA
 0007:00000060 00000180H .rsrc$02                DATA

  Address         Publics by Value              Rva+Base               Lib:Object

 0000:00000000       __guard_iat_table          0000000000000000     <absolute>
 0000:00000000       __guard_iat_count          0000000000000000     <absolute>
 0000:00000000       __guard_longjmp_table      0000000000000000     <absolute>
 0000:00000000       __guard_longjmp_count      0000000000000000     <absolute>
 0000:00000000       __guard_fids_count         0000000000000000     <absolute>
 0000:00000000       ___safe_se_handler_table   0000000000000000     <absolute>
 0000:00000000       ___safe_se_handler_count   0000000000000000     <absolute>
 0000:00000000       __guard_fids_table         0000000000000000     <absolute>
 0000:00000100       __guard_flags              0000000000000100     <absolute>
 0000:00000000       __ImageBase                0000000180000000     <linker-defined>
 0001:00000000       ?TraceLoggingRegister@__vcrt_trace_logging_provider@@YAJPEBU_TlgProvider_t@1@PEBU_GUID@@P6AX1KE_K2PEAU_EVENT_FILTER_DESCRIPTOR@@PEAX@Z4@Z 0000000180001000 f i libvcruntime:telemetry.obj
 0001:0000007c       ?_TlgEnableCallback@__vcrt_trace_logging_provider@@YAXPEBU_GUID@@KE_K1PEAU_EVENT_FILTER_DESCRIPTOR@@PEAX@Z 000000018000107c f i libvcruntime:telemetry.obj
 0001:00000140       ?_TlgWrite@__vcrt_trace_logging_provider@@YAJPEBU_TlgProvider_t@1@PEFBXPEBU_GUID@@2IPEAU_EVENT_DATA_DESCRIPTOR@@@Z 0000000180001140 f i libvcruntime:telemetry.obj
 0001:00000310       ?what@exception@stdext@@UEBAPEBDXZ 0000000180001310 f i UniquePosition.obj
 0001:00000330       ?_Raise@exception@stdext@@QEBAXXZ 0000000180001330 f i UniquePosition.obj
 0001:00000370       ?imbue@?$basic_streambuf@DU?$char_traits@D@std@@@std@@MEAAXAEBVlocale@2@@Z 0000000180001370 f i libcpmt:cout.obj
 0001:00000370       ?_Lock@?$basic_streambuf@DU?$char_traits@D@std@@@std@@UEAAXXZ 0000000180001370 f i libcpmt:cout.obj
 0001:00000370       ?_Doraise@exception@stdext@@MEBAXXZ 0000000180001370 f i UniquePosition.obj
 0001:00000370       _guard_check_icall_nop     0000000180001370 f i LIBCMT:guard_support.obj
 0001:00000370       ?_Unlock@?$basic_streambuf@DU?$char_traits@D@std@@@std@@UEAAXXZ 0000000180001370 f i libcpmt:cout.obj
 0001:00000370       __except_validate_context_record 0000000180001370 f i libvcruntime:jbcxrval.obj
 0001:00000380       ??_Eexception@stdext@@UEAAPEAXI@Z 0000000180001380 f i * CIL library *:* CIL module *
 0001:00000380       ??_Gexception@stdext@@UEAAPEAXI@Z 0000000180001380 f i UniquePosition.obj
 0001:00000380       ??_Gruntime_error@std@@UEAAPEAXI@Z 0000000180001380 f i UniquePosition.obj
 0001:00000380       ??_Eruntime_error@std@@UEAAPEAXI@Z 0000000180001380 f i * CIL library *:* CIL module *
 0001:000003b0       ?_Deallocate@std@@YAXPEAX_K1@Z 00000001800013b0 f i UniquePosition.obj
 0001:00000420       ??1failure@ios_base@std@@UEAA@XZ 0000000180001420 f i UniquePosition.obj
 0001:00000420       ??1runtime_error@std@@UEAA@XZ 0000000180001420 f i UniquePosition.obj
 0001:00000430       ??0_Locinfo@std@@QEAA@PEBD@Z 0000000180001430 f i UniquePosition.obj
 0001:000004d0       ??1_Locinfo@std@@QEAA@XZ   00000001800014d0 f i UniquePosition.obj
 0001:00000570       ??_E_Facet_base@std@@UEAAPEAXI@Z 0000000180001570 f i * CIL library *:* CIL module *
 0001:00000570       ??_G_Facet_base@std@@UEAAPEAXI@Z 0000000180001570 f i UniquePosition.obj
 0001:000005a0       ?_Incref@facet@locale@std@@UEAAXXZ 00000001800015a0 f i UniquePosition.obj
 0001:000005b0       ?_Decref@facet@locale@std@@UEAAPEAV_Facet_base@3@XZ 00000001800015b0 f i UniquePosition.obj
 0001:000005d0       ??1locale@std@@QEAA@XZ     00000001800015d0 f i UniquePosition.obj
 0001:00000600       ?_Getcat@?$ctype@D@std@@SA_KPEAPEBVfacet@locale@2@PEBV42@@Z 0000000180001600 f i UniquePosition.obj
 0001:00000760       ?do_tolower@?$ctype@D@std@@MEBADD@Z 0000000180001760 f i UniquePosition.obj
 0001:00000770       ?do_tolower@?$ctype@D@std@@MEBAPEBDPEADPEBD@Z 0000000180001770 f i UniquePosition.obj
 0001:000007d0       ?do_toupper@?$ctype@D@std@@MEBADD@Z 00000001800017d0 f i UniquePosition.obj
 0001:000007e0       ?do_toupper@?$ctype@D@std@@MEBAPEBDPEADPEBD@Z 00000001800017e0 f i UniquePosition.obj
 0001:00000840       ?do_widen@?$ctype@D@std@@MEBADD@Z 0000000180001840 f i UniquePosition.obj
 0001:00000840       ?do_narrow@?$ctype@D@std@@MEBADDD@Z 0000000180001840 f i UniquePosition.obj
 0001:00000850       ?do_widen@?$ctype@D@std@@MEBAPEBDPEBD0PEAD@Z 0000000180001850 f i UniquePosition.obj
 0001:00000870       ?do_narrow@?$ctype@D@std@@MEBAPEBDPEBD0DPEAD@Z 0000000180001870 f i UniquePosition.obj
 0001:00000890       ??_E?$ctype@D@std@@MEAAPEAXI@Z 0000000180001890 f i * CIL library *:* CIL module *
 0001:00000890       ??_G?$ctype@D@std@@MEAAPEAXI@Z 0000000180001890 f i UniquePosition.obj
 0001:00000900       ??_G_Iostream_error_category@std@@UEAAPEAXI@Z 0000000180001900 f i UniquePosition.obj
 0001:00000900       ??_E_Iostream_error_category@std@@UEAAPEAXI@Z 0000000180001900 f i * CIL library *:* CIL module *
 0001:00000900       ??_Eerror_category@std@@UEAAPEAXI@Z 0000000180001900 f i * CIL library *:* CIL module *
 0001:00000900       ??_Gerror_category@std@@UEAAPEAXI@Z 0000000180001900 f i UniquePosition.obj
 0001:00000930       ?message@error_code@std@@QEBA?AV?$basic_string@DU?$char_traits@D@std@@V?$allocator@D@2@@2@XZ 0000000180001930 f i UniquePosition.obj
 0001:00000960       ?default_error_condition@error_category@std@@UEBA?AVerror_condition@2@H@Z 0000000180001960 f i UniquePosition.obj
 0001:00000970       ?equivalent@error_category@std@@UEBA_NHAEBVerror_condition@2@@Z 0000000180001970 f i UniquePosition.obj
 0001:000009d0       ?equivalent@error_category@std@@UEBA_NAEBVerror_code@2@H@Z 00000001800019d0 f i UniquePosition.obj
 0001:000009f0       ?_Makestr@_System_error@std@@CA?AV?$basic_string@DU?$char_traits@D@std@@V?$allocator@D@2@@2@Verror_code@2@V32@@Z 00000001800019f0 f i UniquePosition.obj
 0001:00000b50       ??_G_System_error@std@@UEAAPEAXI@Z 0000000180001b50 f i UniquePosition.obj
 0001:00000b50       ??_E_System_error@std@@UEAAPEAXI@Z 0000000180001b50 f i * CIL library *:* CIL module *
 0001:00000b50       ??_Gfailure@ios_base@std@@UEAAPEAXI@Z 0000000180001b50 f i UniquePosition.obj
 0001:00000b50       ??_Efailure@ios_base@std@@UEAAPEAXI@Z 0000000180001b50 f i * CIL library *:* CIL module *
 0001:00000b80       ?message@_Generic_error_category@std@@UEBA?AV?$basic_string@DU?$char_traits@D@std@@V?$allocator@D@2@@2@H@Z 0000000180001b80 f i UniquePosition.obj
 0001:00000be0       ?name@_Iostream_error_category@std@@UEBAPEBDXZ 0000000180001be0 f i UniquePosition.obj
 0001:00000bf0       ?message@_Iostream_error_category@std@@UEBA?AV?$basic_string@DU?$char_traits@D@std@@V?$allocator@D@2@@2@H@Z 0000000180001bf0 f i UniquePosition.obj
 0001:00000c40       ?clear@ios_base@std@@QEAAXH_N@Z 0000000180001c40 f i UniquePosition.obj
 0001:000010b0       ?getloc@ios_base@std@@QEBA?AVlocale@2@XZ 00000001800020b0 f i UniquePosition.obj
 0001:000010e0       ?NODE_SET_METHOD@node@@YAXV?$Local@VObject@v8@@@v8@@PEBDP6AXAEBV?$FunctionCallbackInfo@VValue@v8@@@3@@Z@Z 00000001800020e0 f i UniquePosition.obj
 0001:000011c0       ?NODE_SET_PROTOTYPE_METHOD@node@@YAXV?$Local@VFunctionTemplate@v8@@@v8@@PEBDP6AXAEBV?$FunctionCallbackInfo@VValue@v8@@@3@@Z@Z 00000001800021c0 f i UniquePosition.obj
 0001:000012e0       ??1ObjectWrap@node@@UEAA@XZ 00000001800022e0 f i UniquePosition.obj
 0001:00001360       ?Wrap@ObjectWrap@node@@IEAAXV?$Local@VObject@v8@@@v8@@@Z 0000000180002360 f i UniquePosition.obj
 0001:00001440       ?Ref@ObjectWrap@node@@MEAAXXZ 0000000180002440 f i UniquePosition.obj
 0001:00001480       ?Unref@ObjectWrap@node@@MEAAXXZ 0000000180002480 f i UniquePosition.obj
 0001:00001530       ?WeakCallback@ObjectWrap@node@@CAXAEBV?$WeakCallbackInfo@VObjectWrap@node@@@v8@@@Z 0000000180002530 f i UniquePosition.obj
 0001:00001590       ??_EObjectWrap@node@@UEAAPEAXI@Z 0000000180002590 f i * CIL library *:* CIL module *
 0001:00001590       ??_GObjectWrap@node@@UEAAPEAXI@Z 0000000180002590 f i UniquePosition.obj
 0001:000015d0       ?HexEncode@@YA?AV?$basic_string@DU?$char_traits@D@std@@V?$allocator@D@2@@std@@PEBX_K@Z 00000001800025d0 f   UniquePosition.obj
 0001:00001690       ??0UniquePosition@@QEAA@AEBV?$basic_string@DU?$char_traits@D@std@@V?$allocator@D@2@@std@@@Z 0000000180002690 f   UniquePosition.obj
 0001:000017b0       ??_EUniquePosition@@UEAAPEAXI@Z 00000001800027b0 f i * CIL library *:* CIL module *
 0001:000017b0       ??_GUniquePosition@@UEAAPEAXI@Z 00000001800027b0 f i UniquePosition.obj
 0001:00001800       ??0UniquePosition@@AEAA@AEBV?$basic_string@DU?$char_traits@D@std@@V?$allocator@D@2@@std@@0@Z 0000000180002800 f   UniquePosition.obj
 0001:00001920       ?Init@UniquePosition@@SAXV?$Local@VObject@v8@@@v8@@0@Z 0000000180002920 f   UniquePosition.obj
 0001:00001b90       ?New@UniquePosition@@SAXAEBV?$FunctionCallbackInfo@VValue@v8@@@v8@@@Z 0000000180002b90 f   UniquePosition.obj
 0001:00001ee0       ?parseCString@@YA?AV?$basic_string@DU?$char_traits@D@std@@V?$allocator@D@2@@std@@AEBV?$FunctionCallbackInfo@VValue@v8@@@v8@@H@Z 0000000180002ee0 f   UniquePosition.obj
 0001:00001fa0       ?IsValidSuffix_@UniquePosition@@SAXAEBV?$FunctionCallbackInfo@VValue@v8@@@v8@@@Z 0000000180002fa0 f   UniquePosition.obj
 0001:00002110       ?IsValidBytes_@UniquePosition@@SAXAEBV?$FunctionCallbackInfo@VValue@v8@@@v8@@@Z 0000000180003110 f   UniquePosition.obj
 0001:000022a0       ?CreateInvalid@UniquePosition@@SAXAEBV?$FunctionCallbackInfo@VValue@v8@@@v8@@@Z 00000001800032a0 f   UniquePosition.obj
 0001:00002360       ?FromInt64@UniquePosition@@SAXAEBV?$FunctionCallbackInfo@VValue@v8@@@v8@@@Z 0000000180003360 f   UniquePosition.obj
 0001:00002730       ?InitialPosition@UniquePosition@@SAXAEBV?$FunctionCallbackInfo@VValue@v8@@@v8@@@Z 0000000180003730 f   UniquePosition.obj
 0001:00002900       ?Before@UniquePosition@@SAXAEBV?$FunctionCallbackInfo@VValue@v8@@@v8@@@Z 0000000180003900 f   UniquePosition.obj
 0001:00002d10       ?After@UniquePosition@@SAXAEBV?$FunctionCallbackInfo@VValue@v8@@@v8@@@Z 0000000180003d10 f   UniquePosition.obj
 0001:00003120       ?Between@UniquePosition@@SAXAEBV?$FunctionCallbackInfo@VValue@v8@@@v8@@@Z 0000000180004120 f   UniquePosition.obj
 0001:000036a0       ?LessThan@UniquePosition@@QEBA_NAEBV1@@Z 00000001800046a0 f   UniquePosition.obj
 0001:00003770       ?LessThan_@UniquePosition@@SAXAEBV?$FunctionCallbackInfo@VValue@v8@@@v8@@@Z 0000000180004770 f   UniquePosition.obj
 0001:000038b0       ?Equals@UniquePosition@@QEBA_NAEBV1@@Z 00000001800048b0 f   UniquePosition.obj
 0001:00003950       ?Equals_@UniquePosition@@SAXAEBV?$FunctionCallbackInfo@VValue@v8@@@v8@@@Z 0000000180004950 f   UniquePosition.obj
 0001:00003aa0       ?getCompressValue@UniquePosition@@QEBA?AV?$basic_string@DU?$char_traits@D@std@@V?$allocator@D@2@@std@@_N@Z 0000000180004aa0 f   UniquePosition.obj
 0001:00003b40       ?getCompressValue_@UniquePosition@@SAXAEBV?$FunctionCallbackInfo@VValue@v8@@@v8@@@Z 0000000180004b40 f   UniquePosition.obj
 0001:00003cf0       ?ToInt64@UniquePosition@@QEBA_JXZ 0000000180004cf0 f   UniquePosition.obj
 0001:00003df0       ?ToInt64_@UniquePosition@@SAXAEBV?$FunctionCallbackInfo@VValue@v8@@@v8@@@Z 0000000180004df0 f   UniquePosition.obj
 0001:00003ee0       ?IsValid_@UniquePosition@@SAXAEBV?$FunctionCallbackInfo@VValue@v8@@@v8@@@Z 0000000180004ee0 f   UniquePosition.obj
 0001:00003fb0       ?ToDebugString@UniquePosition@@QEBA?AV?$basic_string@DU?$char_traits@D@std@@V?$allocator@D@2@@std@@XZ 0000000180004fb0 f   UniquePosition.obj
 0001:000044b0       ?ToDebugString_@UniquePosition@@SAXAEBV?$FunctionCallbackInfo@VValue@v8@@@v8@@@Z 00000001800054b0 f   UniquePosition.obj
 0001:00004660       ?GetSuffixForTest@UniquePosition@@QEBA?AV?$basic_string@DU?$char_traits@D@std@@V?$allocator@D@2@@std@@XZ 0000000180005660 f   UniquePosition.obj
 0001:00004730       ?GetSuffixForTest_@UniquePosition@@SAXAEBV?$FunctionCallbackInfo@VValue@v8@@@v8@@@Z 0000000180005730 f   UniquePosition.obj
 0001:000048e0       ?FindSmallerWithSuffix@UniquePosition@@CA?AV?$basic_string@DU?$char_traits@D@std@@V?$allocator@D@2@@std@@AEBV23@0@Z 00000001800058e0 f   UniquePosition.obj
 0001:00004c60       ?FindGreaterWithSuffix@UniquePosition@@CA?AV?$basic_string@DU?$char_traits@D@std@@V?$allocator@D@2@@std@@AEBV23@0@Z 0000000180005c60 f   UniquePosition.obj
 0001:00004f50       ?FindBetweenWithSuffix@UniquePosition@@CA?AV?$basic_string@DU?$char_traits@D@std@@V?$allocator@D@2@@std@@AEBV23@00@Z 0000000180005f50 f   UniquePosition.obj
 0001:00005d20       ?Compress@UniquePosition@@CA?AV?$basic_string@DU?$char_traits@D@std@@V?$allocator@D@2@@std@@AEBV23@@Z 0000000180006d20 f   UniquePosition.obj
 0001:00005ef0       ?CompressImpl@UniquePosition@@CA?AV?$basic_string@DU?$char_traits@D@std@@V?$allocator@D@2@@std@@AEBV23@@Z 0000000180006ef0 f   UniquePosition.obj
 0001:000060d0       ?Uncompress@UniquePosition@@CA?AV?$basic_string@DU?$char_traits@D@std@@V?$allocator@D@2@@std@@AEBV23@@Z 00000001800070d0 f   UniquePosition.obj
 0001:000062c0       ?IsValidCompressed@UniquePosition@@CA_NAEBV?$basic_string@DU?$char_traits@D@std@@V?$allocator@D@2@@std@@@Z 00000001800072c0 f   UniquePosition.obj
 0001:00006470       ??1?$_Yarn@D@std@@QEAA@XZ  0000000180007470 f i UniquePosition.obj
 0001:00006470       ??1?$_Yarn@_W@std@@QEAA@XZ 0000000180007470 f i UniquePosition.obj
 0001:000064a0       ?substr@?$basic_string@DU?$char_traits@D@std@@V?$allocator@D@2@@std@@QEBA?AV12@_K0@Z 00000001800074a0 f i UniquePosition.obj
 0001:000064e0       ?find_first_not_of@?$basic_string@DU?$char_traits@D@std@@V?$allocator@D@2@@std@@QEBA_KD_K@Z 00000001800074e0 f i UniquePosition.obj
 0001:00006590       ?reserve@?$basic_string@DU?$char_traits@D@std@@V?$allocator@D@2@@std@@QEAAX_K@Z 0000000180007590 f i UniquePosition.obj
 0001:00006640       ?append@?$basic_string@DU?$char_traits@D@std@@V?$allocator@D@2@@std@@QEAAAEAV12@_KD@Z 0000000180007640 f i UniquePosition.obj
 0001:00006750       ?append@?$basic_string@DU?$char_traits@D@std@@V?$allocator@D@2@@std@@QEAAAEAV12@AEBV12@_K1@Z 0000000180007750 f i UniquePosition.obj
 0001:00006880       ??1?$basic_string@DU?$char_traits@D@std@@V?$allocator@D@2@@std@@QEAA@XZ 0000000180007880 f i UniquePosition.obj
 0001:00006910       ??0?$basic_string@DU?$char_traits@D@std@@V?$allocator@D@2@@std@@QEAA@$$QEAV01@@Z 0000000180007910 f i UniquePosition.obj
 0001:00006990       ?_Myptr@?$_String_alloc@U?$_String_base_types@DV?$allocator@D@std@@@std@@@std@@QEBAPEBDXZ 0000000180007990 f i UniquePosition.obj
 0001:000069a0       ?_Tidy@?$basic_string@DU?$char_traits@D@std@@V?$allocator@D@2@@std@@QEAAX_N_K@Z 00000001800079a0 f i UniquePosition.obj
 0001:00006a50       ?rfind@?$basic_string@DU?$char_traits@D@std@@V?$allocator@D@2@@std@@QEBA_KPEBD_K1@Z 0000000180007a50 f i UniquePosition.obj
 0001:00006b10       ?assign@?$basic_string@DU?$char_traits@D@std@@V?$allocator@D@2@@std@@QEAAAEAV12@_KD@Z 0000000180007b10 f i UniquePosition.obj
 0001:00006c20       ?assign@?$basic_string@DU?$char_traits@D@std@@V?$allocator@D@2@@std@@QEAAAEAV12@PEBD_K@Z 0000000180007c20 f i UniquePosition.obj
 0001:00006d60       ?assign@?$basic_string@DU?$char_traits@D@std@@V?$allocator@D@2@@std@@QEAAAEAV12@AEBV12@_K1@Z 0000000180007d60 f i UniquePosition.obj
 0001:00006e90       ?append@?$basic_string@DU?$char_traits@D@std@@V?$allocator@D@2@@std@@QEAAAEAV12@PEBD_K@Z 0000000180007e90 f i UniquePosition.obj
 0001:00006fe0       ?_Assign_rv@?$basic_string@DU?$char_traits@D@std@@V?$allocator@D@2@@std@@QEAAX$$QEAV12@@Z 0000000180007fe0 f i UniquePosition.obj
 0001:00007050       ?deallocate@?$_Wrap_alloc@V?$allocator@D@std@@@std@@QEAAXPEAD_K@Z 0000000180008050 f i UniquePosition.obj
 0001:000070b0       ?_Copy@?$basic_string@DU?$char_traits@D@std@@V?$allocator@D@2@@std@@QEAAX_K0@Z 00000001800080b0 f i UniquePosition.obj
 0001:00007240       ?erase@?$basic_string@DU?$char_traits@D@std@@V?$allocator@D@2@@std@@QEAAAEAV12@_K0@Z 0000000180008240 f i UniquePosition.obj
 0001:00007310       ?insert@?$basic_string@DU?$char_traits@D@std@@V?$allocator@D@2@@std@@QEAAAEAV12@_K0D@Z 0000000180008310 f i UniquePosition.obj
 0001:00007480       ??$use_facet@V?$ctype@D@std@@@std@@YAAEBV?$ctype@D@0@AEBVlocale@0@@Z 0000000180008480 f i UniquePosition.obj
 0001:000075b0       ??$_Immortalize@V_Iostream_error_category@std@@@std@@YAAEAV_Iostream_error_category@0@XZ 00000001800085b0 f i UniquePosition.obj
 0001:00007630       ??$?6U?$char_traits@D@std@@@std@@YAAEAV?$basic_ostream@DU?$char_traits@D@std@@@0@AEAV10@PEBD@Z 0000000180008630 f i UniquePosition.obj
 0001:000078a0       ??$endl@DU?$char_traits@D@std@@@std@@YAAEAV?$basic_ostream@DU?$char_traits@D@std@@@0@AEAV10@@Z 00000001800088a0 f i UniquePosition.obj
 0001:00007940       ??$?HDU?$char_traits@D@std@@V?$allocator@D@1@@std@@YA?AV?$basic_string@DU?$char_traits@D@std@@V?$allocator@D@2@@0@AEBV10@0@Z 0000000180008940 f i UniquePosition.obj
 0001:000079d0       ??$?MDU?$char_traits@D@std@@V?$allocator@D@1@@std@@YA_NAEBV?$basic_string@DU?$char_traits@D@std@@V?$allocator@D@2@@0@0@Z 00000001800089d0 f i UniquePosition.obj
 0001:00007a50       ??$?8DU?$char_traits@D@std@@V?$allocator@D@1@@std@@YA_NAEBV?$basic_string@DU?$char_traits@D@std@@V?$allocator@D@2@@0@0@Z 0000000180008a50 f i UniquePosition.obj
 0001:00007ad0       ??$?HDU?$char_traits@D@std@@V?$allocator@D@1@@std@@YA?AV?$basic_string@DU?$char_traits@D@std@@V?$allocator@D@2@@0@PEBDAEBV10@@Z 0000000180008ad0 f i UniquePosition.obj
 0001:00007b90       ??$?HDU?$char_traits@D@std@@V?$allocator@D@1@@std@@YA?AV?$basic_string@DU?$char_traits@D@std@@V?$allocator@D@2@@0@$$QEAV10@PEBD@Z 0000000180008b90 f i UniquePosition.obj
 0001:00007c30       ??$?HDU?$char_traits@D@std@@V?$allocator@D@1@@std@@YA?AV?$basic_string@DU?$char_traits@D@std@@V?$allocator@D@2@@0@$$QEAV10@D@Z 0000000180008c30 f i UniquePosition.obj
 0001:00007d80       ??$?ODU?$char_traits@D@std@@V?$allocator@D@1@@std@@YA_NAEBV?$basic_string@DU?$char_traits@D@std@@V?$allocator@D@2@@0@0@Z 0000000180008d80 f i UniquePosition.obj
 0001:00007e00       ??1sentry@?$basic_ostream@DU?$char_traits@D@std@@@std@@QEAA@XZ 0000000180008e00 f i UniquePosition.obj
 0001:00007e80       ??0sentry@?$basic_ostream@DU?$char_traits@D@std@@@std@@QEAA@AEAV12@@Z 0000000180008e80 f i UniquePosition.obj
 0001:00007f00       ?flush@?$basic_ostream@DU?$char_traits@D@std@@@std@@QEAAAEAV12@XZ 0000000180008f00 f i UniquePosition.obj
 0001:00007ff0       ?put@?$basic_ostream@DU?$char_traits@D@std@@@std@@QEAAAEAV12@D@Z 0000000180008ff0 f i UniquePosition.obj
 0001:00008160       ?widen@?$basic_ios@DU?$char_traits@D@std@@@std@@QEBADD@Z 0000000180009160 f i UniquePosition.obj
 0001:000081e0       ??1_Sentry_base@?$basic_ostream@DU?$char_traits@D@std@@@std@@QEAA@XZ 00000001800091e0 f i UniquePosition.obj
 0001:00008200       __local_stdio_printf_options 0000000180009200 f i base64.obj
 0001:00008210       printf                     0000000180009210 f i base64.obj
 0001:00008270       ?base64_encode@@YAPEADPEBDH@Z 0000000180009270 f   base64.obj
 0001:0000840c       __imp_load_?New@Signature@v8@@SA?AV?$Local@VSignature@v8@@@2@PEAVIsolate@2@V?$Local@VFunctionTemplate@v8@@@2@@Z 000000018000940c f   node:node.exe
 0001:00008418       __tailMerge_node_exe       0000000180009418 f i node:node.exe
 0001:00008491       __imp_load_?GetCurrentContext@Isolate@v8@@QEAA?AV?$Local@VContext@v8@@@2@XZ 0000000180009491 f   node:node.exe
 0001:0000849d       __imp_load_?GetCurrent@Isolate@v8@@SAPEAV12@XZ 000000018000949d f   node:node.exe
 0001:000084a9       __imp_load_?CreateHandle@HandleScope@v8@@KAPEAPEAVObject@internal@2@PEAVIsolate@42@PEAV342@@Z 00000001800094a9 f   node:node.exe
 0001:000084b5       __imp_load_??1HandleScope@v8@@QEAA@XZ 00000001800094b5 f   node:node.exe
 0001:000084c1       __imp_load_??0HandleScope@v8@@QEAA@PEAVIsolate@1@@Z 00000001800094c1 f   node:node.exe
 0001:000084cd       __imp_load_?Set@Template@v8@@QEAAXV?$Local@VName@v8@@@2@V?$Local@VData@v8@@@2@W4PropertyAttribute@2@@Z 00000001800094cd f   node:node.exe
 0001:000084d9       __imp_load_?SetClassName@FunctionTemplate@v8@@QEAAXV?$Local@VString@v8@@@2@@Z 00000001800094d9 f   node:node.exe
 0001:000084e5       __imp_load_?PrototypeTemplate@FunctionTemplate@v8@@QEAA?AV?$Local@VObjectTemplate@v8@@@2@XZ 00000001800094e5 f   node:node.exe
 0001:000084f1       __imp_load_?InstanceTemplate@FunctionTemplate@v8@@QEAA?AV?$Local@VObjectTemplate@v8@@@2@XZ 00000001800094f1 f   node:node.exe
 0001:000084fd       __imp_load_?GetFunction@FunctionTemplate@v8@@QEAA?AV?$Local@VFunction@v8@@@2@XZ 00000001800094fd f   node:node.exe
 0001:00008509       __imp_load_?New@FunctionTemplate@v8@@SA?AV?$Local@VFunctionTemplate@v8@@@2@PEAVIsolate@2@P6AXAEBV?$FunctionCallbackInfo@VValue@v8@@@2@@ZV?$Local@VValue@v8@@@2@V?$Local@VSignature@v8@@@2@H@Z 0000000180009509 f   node:node.exe
 0001:00008515       __imp_load_?ToLocalEmpty@V8@v8@@CAXXZ 0000000180009515 f   node:node.exe
 0001:00008521       __imp_load_?ClearWeak@V8@v8@@CAPEAXPEAPEAVObject@internal@2@@Z 0000000180009521 f   node:node.exe
 0001:0000852d       __imp_load_?MakeWeak@V8@v8@@CAXPEAPEAVObject@internal@2@PEAXP6AXAEBV?$WeakCallbackInfo@X@2@@ZW4WeakCallbackType@2@@Z 000000018000952d f   node:node.exe
 0001:00008539       __imp_load_?DisposeGlobal@V8@v8@@CAXPEAPEAVObject@internal@2@@Z 0000000180009539 f   node:node.exe
 0001:00008545       __imp_load_?GlobalizeReference@V8@v8@@CAPEAPEAVObject@internal@2@PEAVIsolate@42@PEAPEAV342@@Z 0000000180009545 f   node:node.exe
 0001:00008551       __imp_load_?NumberValue@Value@v8@@QEBANXZ 0000000180009551 f   node:node.exe
 0001:0000855d       __imp_load_?BooleanValue@Value@v8@@QEBA_NXZ 000000018000955d f   node:node.exe
 0001:00008569       __imp_load_??1Utf8Value@String@v8@@QEAA@XZ 0000000180009569 f   node:node.exe
 0001:00008575       __imp_load_??0Utf8Value@String@v8@@QEAA@V?$Local@VValue@v8@@@2@@Z 0000000180009575 f   node:node.exe
 0001:00008581       __imp_load_?NewFromUtf8@String@v8@@SA?AV?$Local@VString@v8@@@2@PEAVIsolate@2@PEBDW4NewStringType@12@H@Z 0000000180009581 f   node:node.exe
 0001:0000858d       __imp_load_?New@Number@v8@@SA?AV?$Local@VNumber@v8@@@2@PEAVIsolate@2@N@Z 000000018000958d f   node:node.exe
 0001:00008599       __imp_load_?SlowGetAlignedPointerFromInternalField@Object@v8@@AEAAPEAXH@Z 0000000180009599 f   node:node.exe
 0001:000085a5       __imp_load_?SetAlignedPointerInInternalField@Object@v8@@QEAAXHPEAX@Z 00000001800095a5 f   node:node.exe
 0001:000085b1       __imp_load_?InternalFieldCount@Object@v8@@QEAAHXZ 00000001800095b1 f   node:node.exe
 0001:000085bd       __imp_load_?Set@Object@v8@@QEAA_NV?$Local@VValue@v8@@@2@0@Z 00000001800095bd f   node:node.exe
 0001:000085c9       __imp_load_?SetName@Function@v8@@QEAAXV?$Local@VString@v8@@@2@@Z 00000001800095c9 f   node:node.exe
 0001:000085d5       __imp_load_?NewInstance@Function@v8@@QEBA?AV?$MaybeLocal@VObject@v8@@@2@V?$Local@VContext@v8@@@2@HQEAV?$Local@VValue@v8@@@2@@Z 00000001800095d5 f   node:node.exe
 0001:000085e1       __imp_load_?SetInternalFieldCount@ObjectTemplate@v8@@QEAAXH@Z 00000001800095e1 f   node:node.exe
 0001:000085ed       __imp_load_node_module_register 00000001800095ed f   node:node.exe
 0001:000085f9       __imp_load_?Data@Buffer@node@@YAPEADV?$Local@VObject@v8@@@v8@@@Z 00000001800095f9 f   node:node.exe
 0001:00008605       __imp_load_?ToObject@Value@v8@@QEBA?AV?$Local@VObject@v8@@@2@XZ 0000000180009605 f   node:node.exe
 0001:00008614       ??0_Init_locks@std@@QEAA@XZ 0000000180009614 f   libcpmt:xlock.obj
 0001:00008660       ??0_Lockit@std@@QEAA@H@Z   0000000180009660 f   libcpmt:xlock.obj
 0001:0000869c       ??1_Init_locks@std@@QEAA@XZ 000000018000969c f   libcpmt:xlock.obj
 0001:000086e0       ??1_Lockit@std@@QEAA@XZ    00000001800096e0 f   libcpmt:xlock.obj
 0001:00008714       ??$use_facet@V?$codecvt@DDU_Mbstatet@@@std@@@std@@YAAEBV?$codecvt@DDU_Mbstatet@@@0@AEBVlocale@0@@Z 0000000180009714 f i libcpmt:cout.obj
 0001:0000884c       ??0?$basic_ostream@DU?$char_traits@D@std@@@std@@QEAA@PEAV?$basic_streambuf@DU?$char_traits@D@std@@@1@_N@Z 000000018000984c f i libcpmt:cout.obj
 0001:00008914       ??0?$basic_streambuf@DU?$char_traits@D@std@@@std@@IEAA@XZ 0000000180009914 f i libcpmt:cout.obj
 0001:000089c4       ??0_Init_cout@std@@QEAA@XZ 00000001800099c4 f i libcpmt:cout.obj
 0001:00008a30       ??0bad_cast@std@@QEAA@AEBV01@@Z 0000000180009a30 f i libcpmt:cout.obj
 0001:00008a70       ??0bad_cast@std@@QEAA@XZ   0000000180009a70 f i libcpmt:cout.obj
 0001:00008a90       ??0exception@std@@QEAA@AEBV01@@Z 0000000180009a90 f i libcpmt:cout.obj
 0001:00008ac8       ??1?$basic_filebuf@DU?$char_traits@D@std@@@std@@UEAA@XZ 0000000180009ac8 f i libcpmt:cout.obj
 0001:00008b74       ??1?$basic_ios@DU?$char_traits@D@std@@@std@@UEAA@XZ 0000000180009b74 f i libcpmt:cout.obj
 0001:00008b98       ??_E?$basic_ostream@DU?$char_traits@D@std@@@std@@$4PPPPPPPM@A@EAAPEAXI@Z 0000000180009b98 f i libcpmt:cout.obj
 0001:00008ba4       ??_E?$basic_filebuf@DU?$char_traits@D@std@@@std@@UEAAPEAXI@Z 0000000180009ba4 f i libcpmt:cout.obj
 0001:00008ba4       ??_G?$basic_filebuf@DU?$char_traits@D@std@@@std@@UEAAPEAXI@Z 0000000180009ba4 f i libcpmt:cout.obj
 0001:00008bd8       ??_E?$basic_ios@DU?$char_traits@D@std@@@std@@UEAAPEAXI@Z 0000000180009bd8 f i libcpmt:cout.obj
 0001:00008bd8       ??_G?$basic_ios@DU?$char_traits@D@std@@@std@@UEAAPEAXI@Z 0000000180009bd8 f i libcpmt:cout.obj
 0001:00008c24       ??_G?$basic_ostream@DU?$char_traits@D@std@@@std@@UEAAPEAXI@Z 0000000180009c24 f i libcpmt:cout.obj
 0001:00008c24       ??_E?$basic_ostream@DU?$char_traits@D@std@@@std@@UEAAPEAXI@Z 0000000180009c24 f i libcpmt:cout.obj
 0001:00008c98       ??_E?$basic_streambuf@DU?$char_traits@D@std@@@std@@UEAAPEAXI@Z 0000000180009c98 f i libcpmt:cout.obj
 0001:00008c98       ??_G?$basic_streambuf@DU?$char_traits@D@std@@@std@@UEAAPEAXI@Z 0000000180009c98 f i libcpmt:cout.obj
 0001:00008ce8       ??_E?$codecvt@DDU_Mbstatet@@@std@@MEAAPEAXI@Z 0000000180009ce8 f i libcpmt:cout.obj
 0001:00008ce8       ??_G?$codecvt@DDU_Mbstatet@@@std@@MEAAPEAXI@Z 0000000180009ce8 f i libcpmt:cout.obj
 0001:00008d14       ??_Eios_base@std@@UEAAPEAXI@Z 0000000180009d14 f i libcpmt:cout.obj
 0001:00008d14       ??_Gios_base@std@@UEAAPEAXI@Z 0000000180009d14 f i libcpmt:cout.obj
 0001:00008d60       ??_Glocale@std@@QEAAPEAXI@Z 0000000180009d60 f i libcpmt:cout.obj
 0001:00008df0       ?_Endwrite@?$basic_filebuf@DU?$char_traits@D@std@@@std@@IEAA_NXZ 0000000180009df0 f i libcpmt:cout.obj
 0001:00008fa4       ?_Getcat@?$codecvt@DDU_Mbstatet@@@std@@SA_KPEAPEBVfacet@locale@2@PEBV42@@Z 0000000180009fa4 f i libcpmt:cout.obj
 0001:00009068       ?_Init@?$basic_filebuf@DU?$char_traits@D@std@@@std@@IEAAXPEAU_iobuf@@W4_Initfl@12@@Z 000000018000a068 f i libcpmt:cout.obj
 0001:00009154       ?_Init@ios_base@std@@IEAAXXZ 000000018000a154 f i libcpmt:cout.obj
 0001:000091d4       ?_Initcvt@?$basic_filebuf@DU?$char_traits@D@std@@@std@@IEAAXPEBV?$codecvt@DDU_Mbstatet@@@2@@Z 000000018000a1d4 f i libcpmt:cout.obj
 0001:00009274       ?_Lock@?$basic_filebuf@DU?$char_traits@D@std@@@std@@UEAAXXZ 000000018000a274 f i libcpmt:cout.obj
 0001:00009290       ?_Unlock@?$basic_filebuf@DU?$char_traits@D@std@@@std@@UEAAXXZ 000000018000a290 f i libcpmt:cout.obj
 0001:000092ac       ?do_length@?$codecvt@DDU_Mbstatet@@@std@@MEBAHAEAU_Mbstatet@@PEBD1_K@Z 000000018000a2ac f i libcpmt:cout.obj
 0001:000092c0       ?do_in@?$codecvt@DDU_Mbstatet@@@std@@MEBAHAEAU_Mbstatet@@PEBD1AEAPEBDPEAD3AEAPEAD@Z 000000018000a2c0 f i libcpmt:cout.obj
 0001:000092c0       ?do_out@?$codecvt@DDU_Mbstatet@@@std@@MEBAHAEAU_Mbstatet@@PEBD1AEAPEBDPEAD3AEAPEAD@Z 000000018000a2c0 f i libcpmt:cout.obj
 0001:000092dc       ?do_unshift@?$codecvt@DDU_Mbstatet@@@std@@MEBAHAEAU_Mbstatet@@PEAD1AEAPEAD@Z 000000018000a2dc f i libcpmt:cout.obj
 0001:000092e8       ?imbue@?$basic_filebuf@DU?$char_traits@D@std@@@std@@MEAAXAEBVlocale@2@@Z 000000018000a2e8 f i libcpmt:cout.obj
 0001:0000930c       ?overflow@?$basic_filebuf@DU?$char_traits@D@std@@@std@@MEAAHH@Z 000000018000a30c f i libcpmt:cout.obj
 0001:00009564       ?underflow@?$basic_streambuf@DU?$char_traits@D@std@@@std@@MEAAHXZ 000000018000a564 f i libcpmt:cout.obj
 0001:00009564       ?pbackfail@?$basic_streambuf@DU?$char_traits@D@std@@@std@@MEAAHH@Z 000000018000a564 f i libcpmt:cout.obj
 0001:00009564       ?overflow@?$basic_streambuf@DU?$char_traits@D@std@@@std@@MEAAHH@Z 000000018000a564 f i libcpmt:cout.obj
 0001:00009568       ?pbackfail@?$basic_filebuf@DU?$char_traits@D@std@@@std@@MEAAHH@Z 000000018000a568 f i libcpmt:cout.obj
 0001:00009638       ?seekoff@?$basic_filebuf@DU?$char_traits@D@std@@@std@@MEAA?AV?$fpos@U_Mbstatet@@@2@_JHH@Z 000000018000a638 f i libcpmt:cout.obj
 0001:00009724       ?seekpos@?$basic_filebuf@DU?$char_traits@D@std@@@std@@MEAA?AV?$fpos@U_Mbstatet@@@2@V32@H@Z 000000018000a724 f i libcpmt:cout.obj
 0001:00009824       ?seekoff@?$basic_streambuf@DU?$char_traits@D@std@@@std@@MEAA?AV?$fpos@U_Mbstatet@@@2@_JHH@Z 000000018000a824 f i libcpmt:cout.obj
 0001:00009824       ?seekpos@?$basic_streambuf@DU?$char_traits@D@std@@@std@@MEAA?AV?$fpos@U_Mbstatet@@@2@V32@H@Z 000000018000a824 f i libcpmt:cout.obj
 0001:00009840       ?setbuf@?$basic_filebuf@DU?$char_traits@D@std@@@std@@MEAAPEAV?$basic_streambuf@DU?$char_traits@D@std@@@2@PEAD_J@Z 000000018000a840 f i libcpmt:cout.obj
 0001:00009894       ?setbuf@?$basic_streambuf@DU?$char_traits@D@std@@@std@@MEAAPEAV12@PEAD_J@Z 000000018000a894 f i libcpmt:cout.obj
 0001:00009898       ?sync@?$basic_filebuf@DU?$char_traits@D@std@@@std@@MEAAHXZ 000000018000a898 f i libcpmt:cout.obj
 0001:000098f8       ?uflow@?$basic_filebuf@DU?$char_traits@D@std@@@std@@MEAAHXZ 000000018000a8f8 f i libcpmt:cout.obj
 0001:00009b90       ?uflow@?$basic_streambuf@DU?$char_traits@D@std@@@std@@MEAAHXZ 000000018000ab90 f i libcpmt:cout.obj
 0001:00009bdc       ?underflow@?$basic_filebuf@DU?$char_traits@D@std@@@std@@MEAAHXZ 000000018000abdc f i libcpmt:cout.obj
 0001:00009c54       ?what@exception@std@@UEBAPEBDXZ 000000018000ac54 f i libcpmt:cout.obj
 0001:00009c68       ?xsgetn@?$basic_streambuf@DU?$char_traits@D@std@@@std@@MEAA_JPEAD_J@Z 000000018000ac68 f i libcpmt:cout.obj
 0001:00009d28       ?xsputn@?$basic_streambuf@DU?$char_traits@D@std@@@std@@MEAA_JPEBD_J@Z 000000018000ad28 f i libcpmt:cout.obj
 0001:00009dec       ??4?$_Yarn@D@std@@QEAAAEAV01@PEBD@Z 000000018000adec f i libcpmt:locale0.obj
 0001:00009e64       ??_G_Fac_node@std@@QEAAPEAXI@Z 000000018000ae64 f i libcpmt:locale0.obj
 0001:00009ef0       ??_E_Locimp@locale@std@@MEAAPEAXI@Z 000000018000aef0 f i libcpmt:locale0.obj
 0001:00009ef0       ??_G_Locimp@locale@std@@MEAAPEAXI@Z 000000018000aef0 f i libcpmt:locale0.obj
 0001:00009f5c       ?_Facet_Register@std@@YAXPEAV_Facet_base@1@@Z 000000018000af5c f   libcpmt:locale0.obj
 0001:00009f94       ?_Getgloballocale@locale@std@@CAPEAV_Locimp@12@XZ 000000018000af94 f   libcpmt:locale0.obj
 0001:00009f9c       ?_Init@locale@std@@CAPEAV_Locimp@12@_N@Z 000000018000af9c f   libcpmt:locale0.obj
 0001:0000a058       ?_Locimp_dtor@_Locimp@locale@std@@CAXPEAV123@@Z 000000018000b058 f   libcpmt:locale0.obj
 0001:0000a100       ?_Locinfo_ctor@_Locinfo@std@@SAXPEAV12@PEBD@Z 000000018000b100 f   libcpmt:locale0.obj
 0001:0000a16c       ?_Locinfo_dtor@_Locinfo@std@@SAXPEAV12@@Z 000000018000b16c f   libcpmt:locale0.obj
 0001:0000a190       ?_New_Locimp@_Locimp@locale@std@@CAPEAV123@_N@Z 000000018000b190 f   libcpmt:locale0.obj
 0001:0000a200       ?_Setgloballocale@locale@std@@CAXPEAX@Z 000000018000b200 f   libcpmt:locale0.obj
 0001:0000a234       _Deletegloballocale        000000018000b234 f   libcpmt:locale0.obj
 0001:0000a2bc       ??0bad_alloc@std@@QEAA@AEBV01@@Z 000000018000b2bc f i libcpmt:xthrow.obj
 0001:0000a2fc       ??0bad_alloc@std@@QEAA@XZ  000000018000b2fc f i libcpmt:xthrow.obj
 0001:0000a31c       ??0length_error@std@@QEAA@AEBV01@@Z 000000018000b31c f i libcpmt:xthrow.obj
 0001:0000a35c       ??0length_error@std@@QEAA@PEBD@Z 000000018000b35c f i libcpmt:xthrow.obj
 0001:0000a3a8       ??0logic_error@std@@QEAA@AEBV01@@Z 000000018000b3a8 f i libcpmt:xthrow.obj
 0001:0000a3e8       ??0out_of_range@std@@QEAA@AEBV01@@Z 000000018000b3e8 f i libcpmt:xthrow.obj
 0001:0000a428       ??0out_of_range@std@@QEAA@PEBD@Z 000000018000b428 f i libcpmt:xthrow.obj
 0001:0000a474       ??1bad_alloc@std@@UEAA@XZ  000000018000b474 f i libcpmt:xthrow.obj
 0001:0000a474       ??1bad_exception@std@@UEAA@XZ 000000018000b474 f i libvcruntime:frame.obj
 0001:0000a474       ??1bad_cast@std@@UEAA@XZ   000000018000b474 f i libcpmt:cout.obj
 0001:0000a474       ??1bad_array_new_length@std@@UEAA@XZ 000000018000b474 f i LIBCMT:throw_bad_alloc.obj
 0001:0000a474       ??1out_of_range@std@@UEAA@XZ 000000018000b474 f i libcpmt:xthrow.obj
 0001:0000a474       ??1length_error@std@@UEAA@XZ 000000018000b474 f i libcpmt:xthrow.obj
 0001:0000a488       ??_Ebad_array_new_length@std@@UEAAPEAXI@Z 000000018000b488 f i LIBCMT:throw_bad_alloc.obj
 0001:0000a488       ??_Glogic_error@std@@UEAAPEAXI@Z 000000018000b488 f i libcpmt:xthrow.obj
 0001:0000a488       ??_Elength_error@std@@UEAAPEAXI@Z 000000018000b488 f i libcpmt:xthrow.obj
 0001:0000a488       ??_Gbad_array_new_length@std@@UEAAPEAXI@Z 000000018000b488 f i LIBCMT:throw_bad_alloc.obj
 0001:0000a488       ??_Eexception@std@@UEAAPEAXI@Z 000000018000b488 f i libcpmt:cout.obj
 0001:0000a488       ??_Eout_of_range@std@@UEAAPEAXI@Z 000000018000b488 f i libcpmt:xthrow.obj
 0001:0000a488       ??_Gexception@std@@UEAAPEAXI@Z 000000018000b488 f i libcpmt:cout.obj
 0001:0000a488       ??_Ebad_cast@std@@UEAAPEAXI@Z 000000018000b488 f i libcpmt:cout.obj
 0001:0000a488       ??_Gbad_alloc@std@@UEAAPEAXI@Z 000000018000b488 f i libcpmt:xthrow.obj
 0001:0000a488       ??_Gout_of_range@std@@UEAAPEAXI@Z 000000018000b488 f i libcpmt:xthrow.obj
 0001:0000a488       ??_Ebad_exception@std@@UEAAPEAXI@Z 000000018000b488 f i libvcruntime:frame.obj
 0001:0000a488       ??_Gbad_exception@std@@UEAAPEAXI@Z 000000018000b488 f i libvcruntime:frame.obj
 0001:0000a488       ??_Glength_error@std@@UEAAPEAXI@Z 000000018000b488 f i libcpmt:xthrow.obj
 0001:0000a488       ??_Elogic_error@std@@UEAAPEAXI@Z 000000018000b488 f i libcpmt:xthrow.obj
 0001:0000a488       ??_Gbad_cast@std@@UEAAPEAXI@Z 000000018000b488 f i libcpmt:cout.obj
 0001:0000a488       ??_Ebad_alloc@std@@UEAAPEAXI@Z 000000018000b488 f i libcpmt:xthrow.obj
 0001:0000a4cc       ?_Xbad_alloc@std@@YAXXZ    000000018000b4cc f   libcpmt:xthrow.obj
 0001:0000a4cc       ?__scrt_throw_std_bad_alloc@@YAXXZ 000000018000b4cc f   LIBCMT:throw_bad_alloc.obj
 0001:0000a4ec       ?_Xlength_error@std@@YAXPEBD@Z 000000018000b4ec f   libcpmt:xthrow.obj
 0001:0000a510       ?_Xout_of_range@std@@YAXPEBD@Z 000000018000b510 f   libcpmt:xthrow.obj
 0001:0000a534       ?_Syserror_map@std@@YAPEBDH@Z 000000018000b534 f   libcpmt:syserror.obj
 0001:0000a55c       _Getctype                  000000018000b55c f   libcpmt:_tolower.obj
 0001:0000a61c       _Tolower                   000000018000b61c f   libcpmt:_tolower.obj
 0001:0000a744       _Toupper                   000000018000b744 f   libcpmt:_toupper.obj
 0001:0000a87c       _Mtxdst                    000000018000b87c f   libcpmt:xmtx.obj
 0001:0000a884       _Mtxinit                   000000018000b884 f   libcpmt:xmtx.obj
 0001:0000a894       _Mtxlock                   000000018000b894 f   libcpmt:xmtx.obj
 0001:0000a89c       _Mtxunlock                 000000018000b89c f   libcpmt:xmtx.obj
 0001:0000a8a4       ?_Addstd@ios_base@std@@SAXPEAV12@@Z 000000018000b8a4 f   libcpmt:ios.obj
 0001:0000a914       ?_Ios_base_dtor@ios_base@std@@CAXPEAV12@@Z 000000018000b914 f   libcpmt:ios.obj
 0001:0000a958       ?_Tidy@ios_base@std@@AEAAXXZ 000000018000b958 f i libcpmt:ios.obj
 0001:0000a9e8       ?_Atexit@@YAXP6AXXZ@Z      000000018000b9e8 f   libcpmt:iosptrs.obj
 0001:0000aa28       __crtLCMapStringA          000000018000ba28 f   libcpmt:StlLCMapStringA.obj
 0001:0000b1ec       __crtInitializeCriticalSectionEx 000000018000c1ec f   libcpmt:winapisupp.obj
 0001:0000b24c       GetTableIndexFromLocaleName 000000018000c24c f   libcpmt:winapinls.obj
 0001:0000b2d8       __crtDownlevelLocaleNameToLCID 000000018000c2d8 f   libcpmt:winapinls.obj
 0001:0000b30c       __crtLCMapStringEx         000000018000c30c f   libcpmt:winapinls.obj
 0001:0000b3c8       __wcsnicmp_ascii           000000018000c3c8 f   libcpmt:winapinls.obj
 0001:0000b430       __security_check_cookie    000000018000c430 f   LIBCMT:_amdsecgs_.obj
 0001:0000b454       ??_V@YAXPEAX@Z             000000018000c454 f   LIBCMT:delete_array.obj
 0001:0000b454       ??3@YAXPEAX_K@Z            000000018000c454 f   LIBCMT:delete_scalar_size.obj
 0001:0000b5a4       _Init_thread_footer        000000018000c5a4 f   LIBCMT:thread_safe_statics.obj
 0001:0000b604       _Init_thread_header        000000018000c604 f   LIBCMT:thread_safe_statics.obj
 0001:0000b66c       _Init_thread_notify        000000018000c66c f   LIBCMT:thread_safe_statics.obj
 0001:0000b6c8       _Init_thread_wait          000000018000c6c8 f   LIBCMT:thread_safe_statics.obj
 0001:0000b760       ??2@YAPEAX_K@Z             000000018000c760 f   LIBCMT:new_scalar.obj
 0001:0000b79c       __scrt_acquire_startup_lock 000000018000c79c f   LIBCMT:utility.obj
 0001:0000b7d8       __scrt_dllmain_after_initialize_c 000000018000c7d8 f   LIBCMT:utility.obj
 0001:0000b7f8       __scrt_dllmain_before_initialize_c 000000018000c7f8 f   LIBCMT:utility.obj
 0001:0000b810       __scrt_dllmain_crt_thread_attach 000000018000c810 f   LIBCMT:utility.obj
 0001:0000b838       __scrt_dllmain_crt_thread_detach 000000018000c838 f   LIBCMT:utility.obj
 0001:0000b850       __scrt_dllmain_exception_filter 000000018000c850 f   LIBCMT:utility.obj
 0001:0000b8b4       __scrt_dllmain_uninitialize_c 000000018000c8b4 f   LIBCMT:utility.obj
 0001:0000b8e4       __scrt_dllmain_uninitialize_critical 000000018000c8e4 f   LIBCMT:utility.obj
 0001:0000b8f8       __scrt_initialize_crt      000000018000c8f8 f   LIBCMT:utility.obj
 0001:0000b944       __scrt_initialize_onexit_tables 000000018000c944 f   LIBCMT:utility.obj
 0001:0000ba10       __scrt_is_nonwritable_in_current_image 000000018000ca10 f   LIBCMT:utility.obj
 0001:0000baac       __scrt_release_startup_lock 000000018000caac f   LIBCMT:utility.obj
 0001:0000bad0       __scrt_uninitialize_crt    000000018000cad0 f   LIBCMT:utility.obj
 0001:0000bafc       _onexit                    000000018000cafc f   LIBCMT:utility.obj
 0001:0000bb4c       atexit                     000000018000cb4c f   LIBCMT:utility.obj
 0001:0000bb64       ??3@YAXPEAX@Z              000000018000cb64 f   LIBCMT:delete_scalar.obj
 0001:0000bb6c       ??_U@YAPEAX_K@Z            000000018000cb6c f   LIBCMT:new_array.obj
 0001:0000bed0       _DllMainCRTStartup         000000018000ced0 f   LIBCMT:dll_dllmain.obj
 0001:0000bf10       __GSHandlerCheck           000000018000cf10 f   LIBCMT:_gshandler_.obj
 0001:0000bf30       __GSHandlerCheckCommon     000000018000cf30 f   LIBCMT:_gshandler_.obj
 0001:0000bf8c       __GSHandlerCheck_EH        000000018000cf8c f   LIBCMT:gshandlereh.obj
 0001:0000c01c       _guard_check_icall         000000018000d01c f i LIBCMT:checkcfg.obj
 0001:0000c024       ??_Etype_info@@UEAAPEAXI@Z 000000018000d024 f i LIBCMT:std_type_info_static.obj
 0001:0000c024       ??_Gtype_info@@UEAAPEAXI@Z 000000018000d024 f i LIBCMT:std_type_info_static.obj
 0001:0000c060       __chkstk                   000000018000d060 f   LIBCMT:_chkstk_.obj
 0001:0000c060       _alloca_probe              000000018000d060 f   LIBCMT:_chkstk_.obj
 0001:0000c0b4       __raise_securityfailure    000000018000d0b4 f   LIBCMT:gs_report.obj
 0001:0000c0e8       __report_gsfailure         000000018000d0e8 f   LIBCMT:gs_report.obj
 0001:0000c1bc       __report_rangecheckfailure 000000018000d1bc f   LIBCMT:gs_report.obj
 0001:0000c1d0       __report_securityfailure   000000018000d1d0 f   LIBCMT:gs_report.obj
 0001:0000c350       __crt_debugger_hook        000000018000d350 f   LIBCMT:utility_desktop.obj
 0001:0000c358       __scrt_fastfail            000000018000d358 f   LIBCMT:utility_desktop.obj
 0001:0000c4a0       ??0bad_array_new_length@std@@QEAA@AEBV01@@Z 000000018000d4a0 f i LIBCMT:throw_bad_alloc.obj
 0001:0000c4e0       ??0bad_array_new_length@std@@QEAA@XZ 000000018000d4e0 f i LIBCMT:throw_bad_alloc.obj
 0001:0000c500       ?__scrt_throw_std_bad_array_new_length@@YAXXZ 000000018000d500 f   LIBCMT:throw_bad_alloc.obj
 0001:0000c520       __isa_available_init       000000018000d520 f   LIBCMT:_cpu_disp_.obj
 0001:0000c6e4       __scrt_is_ucrt_dll_in_use  000000018000d6e4 f   LIBCMT:ucrt_detection.obj
 0001:0000c6f0       __security_init_cookie     000000018000d6f0 f   LIBCMT:gs_support.obj
 0001:0000c79c       DllMain                    000000018000d79c f   LIBCMT:dll_dllmain_stub.obj
 0001:0000c79c       ?do_max_length@codecvt_base@std@@MEBAHXZ 000000018000d79c f   libcpmt:cout.obj
 0001:0000c79c       ?do_encoding@codecvt_base@std@@MEBAHXZ 000000018000d79c f   libcpmt:cout.obj
 0001:0000c7a4       ?__scrt_initialize_type_info@@YAXXZ 000000018000d7a4 f   LIBCMT:tncleanup.obj
 0001:0000c7b4       ?__scrt_uninitialize_type_info@@YAXXZ 000000018000d7b4 f   LIBCMT:tncleanup.obj
 0001:0000c7c0       __local_stdio_scanf_options 000000018000d7c0 f i LIBCMT:default_local_stdio_options.obj
 0001:0000c7c8       __scrt_initialize_default_local_stdio_options 000000018000d7c8 f   LIBCMT:default_local_stdio_options.obj
 0001:0000c7e4       __scrt_get_dyn_tls_init_callback 000000018000d7e4 f   LIBCMT:dyn_tls_init.obj
 0001:0000c7ec       _RTC_Initialize            000000018000d7ec f   LIBCMT:_initsect_.obj
 0001:0000c838       _RTC_Terminate             000000018000d838 f   LIBCMT:_initsect_.obj
 0001:0000c8a0       memcpy                     000000018000d8a0 f   libvcruntime:memcpy.obj
 0001:0000c8a0       memmove                    000000018000d8a0 f   libvcruntime:memcpy.obj
 0001:0000ccd8       _purecall                  000000018000dcd8 f   libvcruntime:purevirt.obj
 0001:0000cd14       memchr                     000000018000dd14 f   libvcruntime:memchr.obj
 0001:0000cd30       __DestructExceptionObject  000000018000dd30 f   libvcruntime:frame.obj
 0001:0000cdb8       ??0bad_exception@std@@QEAA@AEBV01@@Z 000000018000ddb8 f i libvcruntime:frame.obj
 0001:0000cdf8       ??0bad_exception@std@@QEAA@XZ 000000018000ddf8 f i libvcruntime:frame.obj
 0001:0000d740       ?_CallMemberFunction0@@YAXPEAXP6AX0@Z@Z 000000018000e740 f i libvcruntime:frame.obj
 0001:0000d744       ?_CallMemberFunction1@@YAXPEAXP6AX0@Z0@Z 000000018000e744 f i libvcruntime:frame.obj
 0001:0000d750       ?_CallMemberFunction2@@YAXPEAXP6AX0@Z0H@Z 000000018000e750 f i libvcruntime:frame.obj
 0001:0000d760       __AdjustPointer            000000018000e760 f   libvcruntime:frame.obj
 0001:0000d784       __BuildCatchObject         000000018000e784 f   libvcruntime:frame.obj
 0001:0000d84c       __BuildCatchObjectHelper   000000018000e84c f   libvcruntime:frame.obj
 0001:0000da30       __CxxCallCatchBlock        000000018000ea30 f   libvcruntime:frame.obj
 0001:0000dc1c       __FrameUnwindFilter        000000018000ec1c f   libvcruntime:frame.obj
 0001:0000dc68       __FrameUnwindToState       000000018000ec68 f   libvcruntime:frame.obj
 0001:0000ddfc       __InternalCxxFrameHandler  000000018000edfc f   libvcruntime:frame.obj
 0001:0000e054       __TypeMatch                000000018000f054 f   libvcruntime:frame.obj
 0001:0000e194       __std_terminate            000000018000f194 f   libvcruntime:frame.obj
 0001:0000e1a0       strrchr                    000000018000f1a0 f   libvcruntime:strrchr.obj
 0001:0000e2e4       __std_exception_copy       000000018000f2e4 f   libvcruntime:std_exception.obj
 0001:0000e374       __std_exception_destroy    000000018000f374 f   libvcruntime:std_exception.obj
 0001:0000e39c       _CxxThrowException         000000018000f39c f   libvcruntime:throw.obj
 0001:0000e474       ?_GetEstablisherFrame@@YAPEA_KPEA_KPEAU_xDISPATCHER_CONTEXT@@PEBU_s_FuncInfo@@0@Z 000000018000f474 f   libvcruntime:trnsctrl.obj
 0001:0000e540       ?_GetRangeOfTrysToCheck@@YAPEBU_s_TryBlockMapEntry@@PEA_KPEBU_s_FuncInfo@@HHPEAI2PEAU_xDISPATCHER_CONTEXT@@@Z 000000018000f540 f   libvcruntime:trnsctrl.obj
 0001:0000e66c       ?__FrameUnwindToEmptyState@@YAXPEA_KPEAU_xDISPATCHER_CONTEXT@@PEBU_s_FuncInfo@@@Z 000000018000f66c f   libvcruntime:trnsctrl.obj
 0001:0000e700       ?__SehTransFilter@@YAHPEAU_EXCEPTION_POINTERS@@PEAUEHExceptionRecord@@PEA_KPEAU_CONTEXT@@PEAU_xDISPATCHER_CONTEXT@@PEBU_s_FuncInfo@@PEAH@Z 000000018000f700 f   libvcruntime:trnsctrl.obj
 0001:0000e798       _CallSETranslator          000000018000f798 f   libvcruntime:trnsctrl.obj
 0001:0000e7f0       _CreateFrameInfo           000000018000f7f0 f   libvcruntime:trnsctrl.obj
 0001:0000e82c       _FindAndUnlinkFrame        000000018000f82c f   libvcruntime:trnsctrl.obj
 0001:0000e884       _GetImageBase              000000018000f884 f   libvcruntime:trnsctrl.obj
 0001:0000e898       _GetThrowImageBase         000000018000f898 f   libvcruntime:trnsctrl.obj
 0001:0000e8ac       _IsExceptionObjectToBeDestroyed 000000018000f8ac f   libvcruntime:trnsctrl.obj
 0001:0000e8dc       _SetImageBase              000000018000f8dc f   libvcruntime:trnsctrl.obj
 0001:0000e8f4       _SetThrowImageBase         000000018000f8f4 f   libvcruntime:trnsctrl.obj
 0001:0000e90c       _UnwindNestedFrames        000000018000f90c f   libvcruntime:trnsctrl.obj
 0001:0000ea30       __CxxFrameHandler3         000000018000fa30 f   libvcruntime:trnsctrl.obj
 0001:0000eac0       memset                     000000018000fac0 f   libvcruntime:memset.obj
 0001:0000ec70       memcmp                     000000018000fc70 f   libvcruntime:memcmp.obj
 0001:0000ef00       __vcrt_EventRegister       000000018000ff00 f   libvcruntime:winapi_downlevel.obj
 0001:0000ef84       __vcrt_EventSetInformation 000000018000ff84 f   libvcruntime:winapi_downlevel.obj
 0001:0000f008       __vcrt_EventUnregister     0000000180010008 f   libvcruntime:winapi_downlevel.obj
 0001:0000f05c       __vcrt_EventWriteTransfer  000000018001005c f   libvcruntime:winapi_downlevel.obj
 0001:0000f0f4       __vcrt_FlsAlloc            00000001800100f4 f   libvcruntime:winapi_downlevel.obj
 0001:0000f148       __vcrt_FlsFree             0000000180010148 f   libvcruntime:winapi_downlevel.obj
 0001:0000f19c       __vcrt_FlsGetValue         000000018001019c f   libvcruntime:winapi_downlevel.obj
 0001:0000f1f0       __vcrt_FlsSetValue         00000001800101f0 f   libvcruntime:winapi_downlevel.obj
 0001:0000f258       __vcrt_InitializeCriticalSectionEx 0000000180010258 f   libvcruntime:winapi_downlevel.obj
 0001:0000f2d0       __vcrt_initialize_winapi_thunks 00000001800102d0 f   libvcruntime:winapi_downlevel.obj
 0001:0000f308       __vcrt_uninitialize_winapi_thunks 0000000180010308 f   libvcruntime:winapi_downlevel.obj
 0001:0000f348       __vcrt_initialize          0000000180010348 f   libvcruntime:initialization.obj
 0001:0000f380       __vcrt_thread_attach       0000000180010380 f   libvcruntime:initialization.obj
 0001:0000f394       __vcrt_thread_detach       0000000180010394 f   libvcruntime:initialization.obj
 0001:0000f3a8       __vcrt_uninitialize        00000001800103a8 f   libvcruntime:initialization.obj
 0001:0000f3d4       __vcrt_uninitialize_critical 00000001800103d4 f   libvcruntime:initialization.obj
 0001:0000f3e4       __C_specific_handler       00000001800103e4 f   libvcruntime:_chandler_.obj
 0001:0000f5d8       __telemetry_main_invoke_trigger 00000001800105d8 f   libvcruntime:telemetry.obj
 0001:0000f6f0       __telemetry_main_return_trigger 00000001800106f0 f   libvcruntime:telemetry.obj
 0001:0000f808       __vcrt_initialize_telemetry_provider 0000000180010808 f   libvcruntime:telemetry.obj
 0001:0000f81c       __vcrt_uninitialize_telemetry_provider 000000018001081c f   libvcruntime:telemetry.obj
 0001:0000f83c       __std_type_info_compare    000000018001083c f   libvcruntime:std_type_info.obj
 0001:0000f864       __std_type_info_destroy_list 0000000180010864 f   libvcruntime:std_type_info.obj
 0001:0000f890       __vcrt_initialize_pure_virtual_call_handler 0000000180010890 f   libvcruntime:purevirt_data.obj
 0001:0000f8b4       __vcrt_freefls             00000001800108b4 f   libvcruntime:per_thread_data.obj
 0001:0000f8d4       __vcrt_freeptd             00000001800108d4 f   libvcruntime:per_thread_data.obj
 0001:0000f924       __vcrt_getptd              0000000180010924 f   libvcruntime:per_thread_data.obj
 0001:0000f940       __vcrt_getptd_noexit       0000000180010940 f   libvcruntime:per_thread_data.obj
 0001:0000f9e8       __vcrt_initialize_ptd      00000001800109e8 f   libvcruntime:per_thread_data.obj
 0001:0000fa28       __vcrt_uninitialize_ptd    0000000180010a28 f   libvcruntime:per_thread_data.obj
 0001:0000fa4c       ?__GetCurrentState@@YAHPEA_KPEAU_xDISPATCHER_CONTEXT@@PEBU_s_FuncInfo@@@Z 0000000180010a4c f   libvcruntime:ehstate.obj
 0001:0000fa74       ?__GetUnwindTryBlock@@YAHPEA_KPEAU_xDISPATCHER_CONTEXT@@PEBU_s_FuncInfo@@@Z 0000000180010a74 f   libvcruntime:ehstate.obj
 0001:0000faa0       ?__SetState@@YAXPEA_KPEAU_xDISPATCHER_CONTEXT@@PEBU_s_FuncInfo@@H@Z 0000000180010aa0 f   libvcruntime:ehstate.obj
 0001:0000faac       ?__SetUnwindTryBlock@@YAXPEA_KPEAU_xDISPATCHER_CONTEXT@@PEBU_s_FuncInfo@@H@Z 0000000180010aac f   libvcruntime:ehstate.obj
 0001:0000fae8       ?__StateFromControlPc@@YAHPEBU_s_FuncInfo@@PEAU_xDISPATCHER_CONTEXT@@@Z 0000000180010ae8 f   libvcruntime:ehstate.obj
 0001:0000faf0       ?__StateFromIp@@YAHPEBU_s_FuncInfo@@PEAU_xDISPATCHER_CONTEXT@@_J@Z 0000000180010af0 f   libvcruntime:ehstate.obj
 0001:0000fb70       _CallSettingFrame          0000000180010b70 f   libvcruntime:handlers.obj
 0001:0000fbc0       _local_unwind              0000000180010bc0 f   libvcruntime:_jmpuwind_.obj
 0001:0000fbf0       _NLG_Notify                0000000180010bf0 f   libvcruntime:_jmpuwind_.obj
 0001:0000fc10       __NLG_Dispatch2            0000000180010c10 f   libvcruntime:_jmpuwind_.obj
 0001:0000fc20       __NLG_Return2              0000000180010c20 f   libvcruntime:_jmpuwind_.obj
 0001:0000fc24       __vcrt_initialize_locks    0000000180010c24 f   libvcruntime:locks.obj
 0001:0000fc6c       __vcrt_uninitialize_locks  0000000180010c6c f   libvcruntime:locks.obj
 0001:0000fca4       abort                      0000000180010ca4 f   libucrt:abort.obj
 0001:0000fcfc       __acrt_call_reportfault    0000000180010cfc f   libucrt:invalid_parameter.obj
 0001:0000fe58       __acrt_initialize_invalid_parameter_handler 0000000180010e58 f   libucrt:invalid_parameter.obj
 0001:0000fe60       _invalid_parameter         0000000180010e60 f   libucrt:invalid_parameter.obj
 0001:0000ff08       _invalid_parameter_noinfo  0000000180010f08 f   libucrt:invalid_parameter.obj
 0001:0000ff28       _invalid_parameter_noinfo_noreturn 0000000180010f28 f   libucrt:invalid_parameter.obj
 0001:0000ff58       _invoke_watson             0000000180010f58 f   libucrt:invalid_parameter.obj
 0001:0000ffa0       free                       0000000180010fa0 f   libucrt:free.obj
 0001:00010990       ??$ftprintf@PEAU_iobuf@@PEB_WAEBQEB_WAEBQEB_WAEBI@?$__crt_char_traits@_W@@SAH$$QEAPEAU_iobuf@@$$QEAPEB_WAEBQEB_W2AEBI@Z 0000000180011990 f i libucrt:assert.obj
 0001:000109b8       _wassert                   00000001800119b8 f   libucrt:assert.obj
 0001:00010a3c       fwprintf                   0000000180011a3c f i libucrt:assert.obj
 0001:00010a80       swprintf                   0000000180011a80 f i libucrt:assert.obj
 0001:00010ad4       __acrt_initialize_stdio    0000000180011ad4 f   libucrt:_file.obj
 0001:00010bf4       __acrt_iob_func            0000000180011bf4 f   libucrt:_file.obj
 0001:00010c08       __acrt_uninitialize_stdio  0000000180011c08 f   libucrt:_file.obj
 0001:00010c64       _get_stream_buffer_pointers 0000000180011c64 f   libucrt:_file.obj
 0001:00010cac       _lock_file                 0000000180011cac f   libucrt:_file.obj
 0001:00010cb8       _unlock_file               0000000180011cb8 f   libucrt:_file.obj
 0001:00010cc4       ??$?RV<lambda_7b91131dde12e1c3dfc74ff76b3f2eac>@@AEAV<lambda_dd75445284c072d0bd3768540cc698fa>@@V<lambda_16bc4ecb55b4718497c16bceaea2ceaf>@@@?$__crt_seh_guarded_call@H@@QEAAH$$QEAV<lambda_7b91131dde12e1c3dfc74ff76b3f2eac>@@AEAV<lambda_dd75445284c072d0bd3768540cc698fa>@@$$QEAV<lambda_16bc4ecb55b4718497c16bceaea2ceaf>@@@Z 0000000180011cc4 f i libucrt:output.obj
 0001:00010d04       ??$?RV<lambda_aa279a7bcb127014629d5b1d62c7325d>@@AEAV<lambda_0a64b6a4deda75c01876f29c44fc5eb3>@@V<lambda_3323e69fbefe9d1a11713e670d47cdfa>@@@?$__crt_seh_guarded_call@H@@QEAAH$$QEAV<lambda_aa279a7bcb127014629d5b1d62c7325d>@@AEAV<lambda_0a64b6a4deda75c01876f29c44fc5eb3>@@$$QEAV<lambda_3323e69fbefe9d1a11713e670d47cdfa>@@@Z 0000000180011d04 f i libucrt:output.obj
 0001:00010d44       ??$ensure_buffer_is_big_enough@D@formatting_buffer@__crt_stdio_output@@QEAA_N_K@Z 0000000180011d44 f i libucrt:output.obj
 0001:00010df0       ??$is_wide_character_specifier@D@__crt_stdio_output@@YA_N_KDW4length_modifier@0@@Z 0000000180011df0 f i libucrt:output.obj
 0001:00010e20       ??$is_wide_character_specifier@_W@__crt_stdio_output@@YA_N_K_WW4length_modifier@0@@Z 0000000180011e20 f i libucrt:output.obj
 0001:00010e64       ??$type_case_integer_parse_into_buffer@I@?$output_processor@_WV?$stream_output_adapter@_W@__crt_stdio_output@@V?$standard_base@_WV?$stream_output_adapter@_W@__crt_stdio_output@@@2@@__crt_stdio_output@@AEAAXII_N@Z 0000000180011e64 f i libucrt:output.obj
 0001:00010e64       ??$type_case_integer_parse_into_buffer@I@?$output_processor@_WV?$string_output_adapter@_W@__crt_stdio_output@@V?$standard_base@_WV?$string_output_adapter@_W@__crt_stdio_output@@@2@@__crt_stdio_output@@AEAAXII_N@Z 0000000180011e64 f i libucrt:output.obj
 0001:00010e64       ??$type_case_integer_parse_into_buffer@I@?$output_processor@DV?$stream_output_adapter@D@__crt_stdio_output@@V?$standard_base@DV?$stream_output_adapter@D@__crt_stdio_output@@@2@@__crt_stdio_output@@AEAAXII_N@Z 0000000180011e64 f i libucrt:output.obj
 0001:00010f00       ??$type_case_integer_parse_into_buffer@_K@?$output_processor@_WV?$string_output_adapter@_W@__crt_stdio_output@@V?$standard_base@_WV?$string_output_adapter@_W@__crt_stdio_output@@@2@@__crt_stdio_output@@AEAAX_KI_N@Z 0000000180011f00 f i libucrt:output.obj
 0001:00010f00       ??$type_case_integer_parse_into_buffer@_K@?$output_processor@_WV?$stream_output_adapter@_W@__crt_stdio_output@@V?$standard_base@_WV?$stream_output_adapter@_W@__crt_stdio_output@@@2@@__crt_stdio_output@@AEAAX_KI_N@Z 0000000180011f00 f i libucrt:output.obj
 0001:00010f00       ??$type_case_integer_parse_into_buffer@_K@?$output_processor@DV?$stream_output_adapter@D@__crt_stdio_output@@V?$standard_base@DV?$stream_output_adapter@D@__crt_stdio_output@@@2@@__crt_stdio_output@@AEAAX_KI_N@Z 0000000180011f00 f i libucrt:output.obj
 0001:00010f9c       ??$write_multiple_characters@V?$stream_output_adapter@D@__crt_stdio_output@@D@__crt_stdio_output@@YAXAEBV?$stream_output_adapter@D@0@DHQEAH@Z 0000000180011f9c f i libucrt:output.obj
 0001:00011020       ??$write_multiple_characters@V?$stream_output_adapter@_W@__crt_stdio_output@@D@__crt_stdio_output@@YAXAEBV?$stream_output_adapter@_W@0@DHQEAH@Z 0000000180012020 f i libucrt:output.obj
 0001:000110b0       ??$write_multiple_characters@V?$string_output_adapter@_W@__crt_stdio_output@@D@__crt_stdio_output@@YAXAEBV?$string_output_adapter@_W@0@DHQEAH@Z 00000001800120b0 f i libucrt:output.obj
 0001:00011120       ??0?$output_processor@DV?$stream_output_adapter@D@__crt_stdio_output@@V?$standard_base@DV?$stream_output_adapter@D@__crt_stdio_output@@@2@@__crt_stdio_output@@QEAA@AEBV?$stream_output_adapter@D@1@_KQEBDQEAU__crt_locale_pointers@@QEAD@Z 0000000180012120 f i libucrt:output.obj
 0001:0001119c       ??0?$output_processor@_WV?$string_output_adapter@_W@__crt_stdio_output@@V?$standard_base@_WV?$string_output_adapter@_W@__crt_stdio_output@@@2@@__crt_stdio_output@@QEAA@AEBV?$string_output_adapter@_W@1@_KQEB_WQEAU__crt_locale_pointers@@QEAD@Z 000000018001219c f i libucrt:output.obj
 0001:0001119c       ??0?$output_processor@_WV?$stream_output_adapter@_W@__crt_stdio_output@@V?$standard_base@_WV?$stream_output_adapter@_W@__crt_stdio_output@@@2@@__crt_stdio_output@@QEAA@AEBV?$stream_output_adapter@_W@1@_KQEB_WQEAU__crt_locale_pointers@@QEAD@Z 000000018001219c f i libucrt:output.obj
 0001:0001121c       ??0_LocaleUpdate@@QEAA@QEAU__crt_locale_pointers@@@Z 000000018001221c f i libucrt:output.obj
 0001:0001148c       ?force_decimal_point@__crt_stdio_output@@YAXPEADQEAU__crt_locale_pointers@@@Z 000000018001248c f i libucrt:output.obj
 0001:000114fc       ?parse_int_from_format_string@?$output_processor@DV?$stream_output_adapter@D@__crt_stdio_output@@V?$standard_base@DV?$stream_output_adapter@D@__crt_stdio_output@@@2@@__crt_stdio_output@@AEAA_NQEAH@Z 00000001800124fc f i libucrt:output.obj
 0001:00011580       ?parse_int_from_format_string@?$output_processor@_WV?$stream_output_adapter@_W@__crt_stdio_output@@V?$standard_base@_WV?$stream_output_adapter@_W@__crt_stdio_output@@@2@@__crt_stdio_output@@AEAA_NQEAH@Z 0000000180012580 f i libucrt:output.obj
 0001:00011580       ?parse_int_from_format_string@?$output_processor@_WV?$string_output_adapter@_W@__crt_stdio_output@@V?$standard_base@_WV?$string_output_adapter@_W@__crt_stdio_output@@@2@@__crt_stdio_output@@AEAA_NQEAH@Z 0000000180012580 f i libucrt:output.obj
 0001:00011600       ?process@?$output_processor@DV?$stream_output_adapter@D@__crt_stdio_output@@V?$standard_base@DV?$stream_output_adapter@D@__crt_stdio_output@@@2@@__crt_stdio_output@@QEAAHXZ 0000000180012600 f i libucrt:output.obj
 0001:00011810       ?process@?$output_processor@_WV?$stream_output_adapter@_W@__crt_stdio_output@@V?$standard_base@_WV?$stream_output_adapter@_W@__crt_stdio_output@@@2@@__crt_stdio_output@@QEAAHXZ 0000000180012810 f i libucrt:output.obj
 0001:00011a88       ?process@?$output_processor@_WV?$string_output_adapter@_W@__crt_stdio_output@@V?$standard_base@_WV?$string_output_adapter@_W@__crt_stdio_output@@@2@@__crt_stdio_output@@QEAAHXZ 0000000180012a88 f i libucrt:output.obj
 0001:00011d04       ?state_case_normal@?$output_processor@DV?$stream_output_adapter@D@__crt_stdio_output@@V?$standard_base@DV?$stream_output_adapter@D@__crt_stdio_output@@@2@@__crt_stdio_output@@AEAA_NXZ 0000000180012d04 f i libucrt:output.obj
 0001:00011d74       ?state_case_normal_tchar@?$output_processor@DV?$stream_output_adapter@D@__crt_stdio_output@@V?$standard_base@DV?$stream_output_adapter@D@__crt_stdio_output@@@2@@__crt_stdio_output@@AEAA_ND@Z 0000000180012d74 f i libucrt:output.obj
 0001:00011e08       ?state_case_size@?$output_processor@DV?$stream_output_adapter@D@__crt_stdio_output@@V?$standard_base@DV?$stream_output_adapter@D@__crt_stdio_output@@@2@@__crt_stdio_output@@AEAA_NXZ 0000000180012e08 f i libucrt:output.obj
 0001:00011f84       ?state_case_size@?$output_processor@_WV?$stream_output_adapter@_W@__crt_stdio_output@@V?$standard_base@_WV?$stream_output_adapter@_W@__crt_stdio_output@@@2@@__crt_stdio_output@@AEAA_NXZ 0000000180012f84 f i libucrt:output.obj
 0001:00012128       ?state_case_size@?$output_processor@_WV?$string_output_adapter@_W@__crt_stdio_output@@V?$standard_base@_WV?$string_output_adapter@_W@__crt_stdio_output@@@2@@__crt_stdio_output@@AEAA_NXZ 0000000180013128 f i libucrt:output.obj
 0001:000122cc       ?state_case_type@?$output_processor@DV?$stream_output_adapter@D@__crt_stdio_output@@V?$standard_base@DV?$stream_output_adapter@D@__crt_stdio_output@@@2@@__crt_stdio_output@@AEAA_NXZ 00000001800132cc f i libucrt:output.obj
 0001:00012548       ?state_case_type@?$output_processor@_WV?$stream_output_adapter@_W@__crt_stdio_output@@V?$standard_base@_WV?$stream_output_adapter@_W@__crt_stdio_output@@@2@@__crt_stdio_output@@AEAA_NXZ 0000000180013548 f i libucrt:output.obj
 0001:00012814       ?state_case_type@?$output_processor@_WV?$string_output_adapter@_W@__crt_stdio_output@@V?$standard_base@_WV?$string_output_adapter@_W@__crt_stdio_output@@@2@@__crt_stdio_output@@AEAA_NXZ 0000000180013814 f i libucrt:output.obj
 0001:00012ae0       ?type_case_Z@?$output_processor@DV?$stream_output_adapter@D@__crt_stdio_output@@V?$standard_base@DV?$stream_output_adapter@D@__crt_stdio_output@@@2@@__crt_stdio_output@@AEAA_NXZ 0000000180013ae0 f i libucrt:output.obj
 0001:00012b60       ?type_case_Z@?$output_processor@_WV?$stream_output_adapter@_W@__crt_stdio_output@@V?$standard_base@_WV?$stream_output_adapter@_W@__crt_stdio_output@@@2@@__crt_stdio_output@@AEAA_NXZ 0000000180013b60 f i libucrt:output.obj
 0001:00012b60       ?type_case_Z@?$output_processor@_WV?$string_output_adapter@_W@__crt_stdio_output@@V?$standard_base@_WV?$string_output_adapter@_W@__crt_stdio_output@@@2@@__crt_stdio_output@@AEAA_NXZ 0000000180013b60 f i libucrt:output.obj
 0001:00012be0       ?type_case_a@?$output_processor@DV?$stream_output_adapter@D@__crt_stdio_output@@V?$standard_base@DV?$stream_output_adapter@D@__crt_stdio_output@@@2@@__crt_stdio_output@@AEAA_NXZ 0000000180013be0 f i libucrt:output.obj
 0001:00012dfc       ?type_case_a@?$output_processor@_WV?$stream_output_adapter@_W@__crt_stdio_output@@V?$standard_base@_WV?$stream_output_adapter@_W@__crt_stdio_output@@@2@@__crt_stdio_output@@AEAA_NXZ 0000000180013dfc f i libucrt:output.obj
 0001:00012dfc       ?type_case_a@?$output_processor@_WV?$string_output_adapter@_W@__crt_stdio_output@@V?$standard_base@_WV?$string_output_adapter@_W@__crt_stdio_output@@@2@@__crt_stdio_output@@AEAA_NXZ 0000000180013dfc f i libucrt:output.obj
 0001:00013040       ?type_case_c_tchar@?$output_processor@DV?$stream_output_adapter@D@__crt_stdio_output@@V?$standard_base@DV?$stream_output_adapter@D@__crt_stdio_output@@@2@@__crt_stdio_output@@AEAA_ND@Z 0000000180014040 f i libucrt:output.obj
 0001:000130f4       ?type_case_c_tchar@?$output_processor@_WV?$string_output_adapter@_W@__crt_stdio_output@@V?$standard_base@_WV?$string_output_adapter@_W@__crt_stdio_output@@@2@@__crt_stdio_output@@AEAA_N_W@Z 00000001800140f4 f i libucrt:output.obj
 0001:000130f4       ?type_case_c_tchar@?$output_processor@_WV?$stream_output_adapter@_W@__crt_stdio_output@@V?$standard_base@_WV?$stream_output_adapter@_W@__crt_stdio_output@@@2@@__crt_stdio_output@@AEAA_N_W@Z 00000001800140f4 f i libucrt:output.obj
 0001:0001319c       ?type_case_integer@?$output_processor@DV?$stream_output_adapter@D@__crt_stdio_output@@V?$standard_base@DV?$stream_output_adapter@D@__crt_stdio_output@@@2@@__crt_stdio_output@@AEAA_NI_N@Z 000000018001419c f i libucrt:output.obj
 0001:0001319c       ?type_case_integer@?$output_processor@_WV?$string_output_adapter@_W@__crt_stdio_output@@V?$standard_base@_WV?$string_output_adapter@_W@__crt_stdio_output@@@2@@__crt_stdio_output@@AEAA_NI_N@Z 000000018001419c f i libucrt:output.obj
 0001:0001319c       ?type_case_integer@?$output_processor@_WV?$stream_output_adapter@_W@__crt_stdio_output@@V?$standard_base@_WV?$stream_output_adapter@_W@__crt_stdio_output@@@2@@__crt_stdio_output@@AEAA_NI_N@Z 000000018001419c f i libucrt:output.obj
 0001:0001333c       ?type_case_n@?$output_processor@DV?$stream_output_adapter@D@__crt_stdio_output@@V?$standard_base@DV?$stream_output_adapter@D@__crt_stdio_output@@@2@@__crt_stdio_output@@AEAA_NXZ 000000018001433c f i libucrt:output.obj
 0001:0001333c       ?type_case_n@?$output_processor@_WV?$stream_output_adapter@_W@__crt_stdio_output@@V?$standard_base@_WV?$stream_output_adapter@_W@__crt_stdio_output@@@2@@__crt_stdio_output@@AEAA_NXZ 000000018001433c f i libucrt:output.obj
 0001:0001333c       ?type_case_n@?$output_processor@_WV?$string_output_adapter@_W@__crt_stdio_output@@V?$standard_base@_WV?$string_output_adapter@_W@__crt_stdio_output@@@2@@__crt_stdio_output@@AEAA_NXZ 000000018001433c f i libucrt:output.obj
 0001:00013418       ?type_case_s@?$output_processor@DV?$stream_output_adapter@D@__crt_stdio_output@@V?$standard_base@DV?$stream_output_adapter@D@__crt_stdio_output@@@2@@__crt_stdio_output@@AEAA_NXZ 0000000180014418 f i libucrt:output.obj
 0001:000134a8       ?type_case_s@?$output_processor@_WV?$string_output_adapter@_W@__crt_stdio_output@@V?$standard_base@_WV?$string_output_adapter@_W@__crt_stdio_output@@@2@@__crt_stdio_output@@AEAA_NXZ 00000001800144a8 f i libucrt:output.obj
 0001:000134a8       ?type_case_s@?$output_processor@_WV?$stream_output_adapter@_W@__crt_stdio_output@@V?$standard_base@_WV?$stream_output_adapter@_W@__crt_stdio_output@@@2@@__crt_stdio_output@@AEAA_NXZ 00000001800144a8 f i libucrt:output.obj
 0001:00013570       ?validate_stream_is_ansi_if_required@?$__acrt_stdio_char_traits@D@@SA_NQEAU_iobuf@@@Z 0000000180014570 f i libucrt:output.obj
 0001:000135fc       ?write_stored_string_tchar@?$output_processor@DV?$stream_output_adapter@D@__crt_stdio_output@@V?$standard_base@DV?$stream_output_adapter@D@__crt_stdio_output@@@2@@__crt_stdio_output@@AEAA_ND@Z 00000001800145fc f i libucrt:output.obj
 0001:000136d4       ?write_stored_string_tchar@?$output_processor@_WV?$stream_output_adapter@_W@__crt_stdio_output@@V?$standard_base@_WV?$stream_output_adapter@_W@__crt_stdio_output@@@2@@__crt_stdio_output@@AEAA_N_W@Z 00000001800146d4 f i libucrt:output.obj
 0001:000137c0       ?write_stored_string_tchar@?$output_processor@_WV?$string_output_adapter@_W@__crt_stdio_output@@V?$standard_base@_WV?$string_output_adapter@_W@__crt_stdio_output@@@2@@__crt_stdio_output@@AEAA_N_W@Z 00000001800147c0 f i libucrt:output.obj
 0001:000138b0       ?write_string@?$stream_output_adapter@D@__crt_stdio_output@@QEBAXQEBDHQEAH1@Z 00000001800148b0 f i libucrt:output.obj
 0001:000139a8       ?write_string@?$stream_output_adapter@_W@__crt_stdio_output@@QEBAXQEB_WHQEAH1@Z 00000001800149a8 f i libucrt:output.obj
 0001:00013ab4       ?write_string@?$string_output_adapter@_W@__crt_stdio_output@@QEBAXQEB_WHQEAH1@Z 0000000180014ab4 f i libucrt:output.obj
 0001:00013b74       __stdio_common_vfprintf    0000000180014b74 f   libucrt:output.obj
 0001:00013c00       __stdio_common_vfwprintf   0000000180014c00 f   libucrt:output.obj
 0001:00013c8c       __stdio_common_vswprintf   0000000180014c8c f   libucrt:output.obj
 0001:00013ec4       __ascii_stricmp            0000000180014ec4 f   libucrt:stricmp.obj
 0001:00013f00       _stricmp                   0000000180014f00 f   libucrt:stricmp.obj
 0001:00013f48       _stricmp_l                 0000000180014f48 f   libucrt:stricmp.obj
 0001:00013ffc       __acrt_initialize_locks    0000000180014ffc f   libucrt:locks.obj
 0001:00014044       __acrt_lock                0000000180015044 f   libucrt:locks.obj
 0001:00014060       __acrt_uninitialize_locks  0000000180015060 f   libucrt:locks.obj
 0001:00014098       __acrt_unlock              0000000180015098 f   libucrt:locks.obj
 0001:000140b4       _lock_locales              00000001800150b4 f   libucrt:locks.obj
 0001:000140c4       _unlock_locales            00000001800150c4 f   libucrt:locks.obj
 0001:000140d4       __acrt_errno_from_os_error 00000001800150d4 f   libucrt:errno.obj
 0001:0001411c       __acrt_errno_map_os_error  000000018001511c f   libucrt:errno.obj
 0001:0001416c       __doserrno                 000000018001516c f   libucrt:errno.obj
 0001:0001418c       _errno                     000000018001518c f   libucrt:errno.obj
 0001:000141ac       _fclose_nolock             00000001800151ac f   libucrt:fclose.obj
 0001:00014230       fclose                     0000000180015230 f   libucrt:fclose.obj
 0001:0001429c       __acrt_stdio_flush_nolock  000000018001529c f   libucrt:fflush.obj
 0001:00014314       _fflush_nolock             0000000180015314 f   libucrt:fflush.obj
 0001:00014360       _flushall                  0000000180015360 f   libucrt:fflush.obj
 0001:00014450       fflush                     0000000180015450 f   libucrt:fflush.obj
 0001:00014494       _fgetc_nolock              0000000180015494 f   libucrt:fgetc.obj
 0001:000144d8       fgetc                      00000001800154d8 f   libucrt:fgetc.obj
 0001:000145dc       fgetpos                    00000001800155dc f   libucrt:fgetpos.obj
 0001:00014628       _fputc_nolock              0000000180015628 f   libucrt:fputc.obj
 0001:00014640       fputc                      0000000180015640 f   libucrt:fputc.obj
 0001:00014760       fsetpos                    0000000180015760 f   libucrt:fsetpos.obj
 0001:00014a0c       _fseeki64                  0000000180015a0c f   libucrt:fseek.obj
 0001:00014a14       ??$?RV<lambda_5d4c3fee44080f75d5d9762853974fe0>@@AEAV<lambda_532e024f4337e6fc7ad266c2bef9f4ed>@@V<lambda_c87bdc10097eb2402edb8ba9bdf0697b>@@@?$__crt_seh_guarded_call@_K@@QEAA_K$$QEAV<lambda_5d4c3fee44080f75d5d9762853974fe0>@@AEAV<lambda_532e024f4337e6fc7ad266c2bef9f4ed>@@$$QEAV<lambda_c87bdc10097eb2402edb8ba9bdf0697b>@@@Z 0000000180015a14 f i libucrt:fwrite.obj
 0001:00014ab8       _fwrite_nolock             0000000180015ab8 f   libucrt:fwrite.obj
 0001:00014c54       fwrite                     0000000180015c54 f   libucrt:fwrite.obj
 0001:00014cd8       ??$?RV<lambda_7a5ef57ff966f610505f1d28a3d40618>@@AEAV<lambda_b721fa326cdb32351d23dfa67958c160>@@V<lambda_5e0fb27672408a07956fe59e48ccb2aa>@@@?$__crt_seh_guarded_call@H@@QEAAH$$QEAV<lambda_7a5ef57ff966f610505f1d28a3d40618>@@AEAV<lambda_b721fa326cdb32351d23dfa67958c160>@@$$QEAV<lambda_5e0fb27672408a07956fe59e48ccb2aa>@@@Z 0000000180015cd8 f i libucrt:setvbuf.obj
 0001:00014e08       setvbuf                    0000000180015e08 f   libucrt:setvbuf.obj
 0001:00014ea8       _ungetc_nolock             0000000180015ea8 f   libucrt:ungetc.obj
 0001:00014fb8       ungetc                     0000000180015fb8 f   libucrt:ungetc.obj
 0001:00015018       malloc                     0000000180016018 f   libucrt:malloc.obj
 0001:00015108       setlocale                  0000000180016108 f   libucrt:setlocale.obj
 0001:000152d4       _calloc_base               00000001800162d4 f   libucrt:calloc_base.obj
 0001:0001534c       __pctype_func              000000018001634c f   libucrt:ctype.obj
 0001:0001537c       isdigit                    000000018001637c f i libucrt:_ctype.obj
 0001:000153f0       islower                    00000001800163f0 f i libucrt:_ctype.obj
 0001:00015464       isupper                    0000000180016464 f i libucrt:_ctype.obj
 0001:000154d8       _wcsdup                    00000001800164d8 f   libucrt:wcsdup.obj
 0001:0001555c       ___lc_codepage_func        000000018001655c f   libucrt:initctype.obj
 0001:0001558c       ___lc_locale_name_func     000000018001658c f   libucrt:initctype.obj
 0001:000155c0       __acrt_locale_initialize_ctype 00000001800165c0 f   libucrt:initctype.obj
 0001:00015b94       _malloc_base               0000000180016b94 f   libucrt:malloc_base.obj
 0001:00015bf4       _realloc_base              0000000180016bf4 f   libucrt:realloc_base.obj
 0001:00015c78       __strncnt                  0000000180016c78 f   libucrt:strncnt.obj
 0001:00015c90       _free_base                 0000000180016c90 f   libucrt:free_base.obj
 0001:00015d20       _tolower_l                 0000000180016d20 f   libucrt:tolower_toupper.obj
 0001:00015e60       tolower                    0000000180016e60 f   libucrt:tolower_toupper.obj
 0001:00015e8c       wcscpy_s                   0000000180016e8c f   libucrt:wcscpy_s.obj
 0001:00015ef4       strnlen                    0000000180016ef4 f   libucrt:strnlen.obj
 0001:00016050       wcsnlen                    0000000180017050 f   libucrt:strnlen.obj
 0001:00016240       __acrt_initialize_new_handler 0000000180017240 f   libucrt:new_handler.obj
 0001:00016248       _callnewh                  0000000180017248 f   libucrt:new_handler.obj
 0001:00016288       _query_new_handler         0000000180017288 f   libucrt:new_handler.obj
 0001:000162bc       _seh_filter_dll            00000001800172bc f   libucrt:exception_filter.obj
 0001:000162d0       _seh_filter_exe            00000001800172d0 f   libucrt:exception_filter.obj
 0001:00016690       __acrt_initialize_thread_local_exit_callback 0000000180017690 f   libucrt:exit.obj
 0001:00016698       _cexit                     0000000180017698 f   libucrt:exit.obj
 0001:000166a8       _exit                      00000001800176a8 f   libucrt:exit.obj
 0001:000166b4       _is_c_termination_complete 00000001800176b4 f   libucrt:exit.obj
 0001:000168a0       __dcrt_uninitialize_environments_nolock 00000001800178a0 f   libucrt:environment_initialization.obj
 0001:000168d8       _initialize_narrow_environment 00000001800178d8 f   libucrt:environment_initialization.obj
 0001:000168e0       ??$?RV<lambda_b8c45f8f788dd370798f47cfe8ac3a86>@@AEAV<lambda_4e60a939b0d047cfe11ddc22648dfba9>@@V<lambda_332c3edc96d0294ec56c57d38c1cdfd5>@@@?$__crt_seh_guarded_call@H@@QEAAH$$QEAV<lambda_b8c45f8f788dd370798f47cfe8ac3a86>@@AEAV<lambda_4e60a939b0d047cfe11ddc22648dfba9>@@$$QEAV<lambda_332c3edc96d0294ec56c57d38c1cdfd5>@@@Z 00000001800178e0 f i libucrt:onexit.obj
 0001:0001691c       ??$?RV<lambda_e24bbb7b643b32fcea6fa61b31d4c984>@@AEAV<lambda_275893d493268fdec8709772e3fcec0e>@@V<lambda_9d71df4d7cf3f480f8d633942495c3b0>@@@?$__crt_seh_guarded_call@H@@QEAAH$$QEAV<lambda_e24bbb7b643b32fcea6fa61b31d4c984>@@AEAV<lambda_275893d493268fdec8709772e3fcec0e>@@$$QEAV<lambda_9d71df4d7cf3f480f8d633942495c3b0>@@@Z 000000018001791c f i libucrt:onexit.obj
 0001:00016c98       _crt_atexit                0000000180017c98 f   libucrt:onexit.obj
 0001:00016ca8       _execute_onexit_table      0000000180017ca8 f   libucrt:onexit.obj
 0001:00016ce4       _initialize_onexit_table   0000000180017ce4 f   libucrt:onexit.obj
 0001:00016d24       _register_onexit_function  0000000180017d24 f   libucrt:onexit.obj
 0001:00016ea0       __acrt_initialize          0000000180017ea0 f   libucrt:initialization.obj
 0001:00016eb4       __acrt_thread_attach       0000000180017eb4 f   libucrt:initialization.obj
 0001:00016ec8       __acrt_thread_detach       0000000180017ec8 f   libucrt:initialization.obj
 0001:00016ed8       __acrt_uninitialize        0000000180017ed8 f   libucrt:initialization.obj
 0001:00016eec       __acrt_uninitialize_critical 0000000180017eec f   libucrt:initialization.obj
 0001:00016efc       _initterm                  0000000180017efc f   libucrt:initterm.obj
 0001:00016f74       _initterm_e                0000000180017f74 f   libucrt:initterm.obj
 0001:00016fc0       terminate                  0000000180017fc0 f   libucrt:terminate.obj
 0001:00016fe8       strcpy_s                   0000000180017fe8 f   libucrt:strcpy_s.obj
 0001:00017048       ??$is_overflow_condition@K@__crt_strtox@@YA_NIK@Z 0000000180018048 f i libucrt:atox.obj
 0001:00017074       ??$parse_integer@KV?$c_string_character_source@D@__crt_strtox@@@__crt_strtox@@YAKQEAU__crt_locale_pointers@@V?$c_string_character_source@D@0@H_N@Z 0000000180018074 f i libucrt:atox.obj
 0001:00017388       ??$parse_integer@KV?$c_string_character_source@_W@__crt_strtox@@@__crt_strtox@@YAKQEAU__crt_locale_pointers@@V?$c_string_character_source@_W@0@H_N@Z 0000000180018388 f i libucrt:atox.obj
 0001:00017a5c       _wtol                      0000000180018a5c f   libucrt:atox.obj
 0001:00017a88       ??$?RV<lambda_c36588078e9f5dfd39652860aa6b3aaf>@@AEAV<lambda_ec61778202f4f5fc7e7711acc23c3bca>@@V<lambda_dc9d2797ccde5d239b4a0efae8ebd7db>@@@?$__crt_seh_guarded_call@P6AXH@Z@@QEAAP6AXH@Z$$QEAV<lambda_c36588078e9f5dfd39652860aa6b3aaf>@@AEAV<lambda_ec61778202f4f5fc7e7711acc23c3bca>@@$$QEAV<lambda_dc9d2797ccde5d239b4a0efae8ebd7db>@@@Z 0000000180018a88 f i libucrt:signal.obj
 0001:00017ad0       __acrt_get_sigabrt_handler 0000000180018ad0 f   libucrt:signal.obj
 0001:00017b00       __acrt_initialize_signal_handlers 0000000180018b00 f   libucrt:signal.obj
 0001:00017b20       raise                      0000000180018b20 f   libucrt:signal.obj
 0001:00017dbc       ??$?RV<lambda_46352004c1216016012b18bd6f87e700>@@AEAV<lambda_3bd07e1a1191394380780325891bf33f>@@V<lambda_334532d3f185bcaa59b5be82d7d22bff>@@@?$__crt_seh_guarded_call@X@@QEAAX$$QEAV<lambda_46352004c1216016012b18bd6f87e700>@@AEAV<lambda_3bd07e1a1191394380780325891bf33f>@@$$QEAV<lambda_334532d3f185bcaa59b5be82d7d22bff>@@@Z 0000000180018dbc f i libucrt:per_thread_data.obj
[...]
 0004:00002190       $pdata$?dtor$0@?0??Compress@UniquePosition@@CA?AV?$basic_string@DU?$char_traits@D@std@@V?$allocator@D@2@@std@@AEBV23@@Z@4HA 0000000180042190     UniquePosition.obj
 0004:0000219c       $pdata$?dtor$0@?0??CompressImpl@UniquePosition@@CA?AV?$basic_string@DU?$char_traits@D@std@@V?$allocator@D@2@@std@@AEBV23@@Z@4HA 000000018004219c     UniquePosition.obj
 0004:000021a8       $pdata$?dtor$0@?0???$?HDU?$char_traits@D@std@@V?$allocator@D@1@@std@@YA?AV?$basic_string@DU?$char_traits@D@std@@V?$allocator@D@2@@0@PEBDAEBV10@@Z@4HA 00000001800421a8     UniquePosition.obj
 0004:000021a8       $pdata$?dtor$0@?0??Uncompress@UniquePosition@@CA?AV?$basic_string@DU?$char_traits@D@std@@V?$allocator@D@2@@std@@AEBV23@@Z@4HA 00000001800421a8     UniquePosition.obj
 0004:000021a8       $pdata$?dtor$0@?0???$?HDU?$char_traits@D@std@@V?$allocator@D@1@@std@@YA?AV?$basic_string@DU?$char_traits@D@std@@V?$allocator@D@2@@0@AEBV10@0@Z@4HA 00000001800421a8     UniquePosition.obj
 0004:000021b4       $pdata$?dtor$0@?0???0?$basic_ostream@DU?$char_traits@D@std@@@std@@QEAA@PEAV?$basic_streambuf@DU?$char_traits@D@std@@@1@_N@Z@4HA 00000001800421b4     libcpmt:cout.obj
 0004:000021c0       $pdata$?dtor$0@?0??_Getcat@?$codecvt@DDU_Mbstatet@@@std@@SA_KPEAPEBVfacet@locale@2@PEBV42@@Z@4HA 00000001800421c0     libcpmt:cout.obj
 0004:000021cc       $pdata$__scrt_is_nonwritable_in_current_image$filt$0 00000001800421cc     LIBCMT:utility.obj
 0004:000021d8       $pdata$?fin$0@?0??dllmain_crt_process_attach@@YAHQEAUHINSTANCE__@@QEAX@Z@4HA 00000001800421d8     LIBCMT:dll_dllmain.obj
 0004:000021e4       $pdata$?fin$0@?0??dllmain_crt_process_detach@@YAH_N@Z@4HA 00000001800421e4     LIBCMT:dll_dllmain.obj
 0004:000021f0       $pdata$?filt$0@?0??dllmain_dispatch@@YAHQEAUHINSTANCE__@@KQEAX@Z@4HA 00000001800421f0     LIBCMT:dll_dllmain.obj
 0004:000021fc       $pdata$__CxxCallCatchBlock$filt$0 00000001800421fc     libvcruntime:frame.obj
 0004:00002208       $pdata$__CxxCallCatchBlock$fin$1 0000000180042208     libvcruntime:frame.obj
 0004:00002214       $pdata$__DestructExceptionObject$filt$0 0000000180042214     libvcruntime:frame.obj
 0004:00002220       $pdata$__FrameUnwindToState$filt$0 0000000180042220     libvcruntime:frame.obj
 0004:0000222c       $pdata$__FrameUnwindToState$fin$1 000000018004222c     libvcruntime:frame.obj
 0004:00002238       $pdata$_CallSETranslator$filt$0 0000000180042238     libvcruntime:trnsctrl.obj
 0004:00002244       $pdata$?fin$0@?0???$?RV<lambda_5d4c3fee44080f75d5d9762853974fe0>@@AEAV<lambda_532e024f4337e6fc7ad266c2bef9f4ed>@@V<lambda_c87bdc10097eb2402edb8ba9bdf0697b>@@@?$__crt_seh_guarded_call@_K@@QEAA_K$$QEAV<lambda_5d4c3fee44080f75d5d9762853974fe0>@@AEAV<lambda_532e024f4337e6fc7ad266c2bef9f4ed>@@$$QEAV<lambda_c87bdc10097eb2402edb8ba9bdf0697b>@@@Z@4HA 0000000180042244     libucrt:fwrite.obj
 0004:00002244       $pdata$?fin$0@?0???$?RV<lambda_7b91131dde12e1c3dfc74ff76b3f2eac>@@AEAV<lambda_dd75445284c072d0bd3768540cc698fa>@@V<lambda_16bc4ecb55b4718497c16bceaea2ceaf>@@@?$__crt_seh_guarded_call@H@@QEAAH$$QEAV<lambda_7b91131dde12e1c3dfc74ff76b3f2eac>@@AEAV<lambda_dd75445284c072d0bd3768540cc698fa>@@$$QEAV<lambda_16bc4ecb55b4718497c16bceaea2ceaf>@@@Z@4HA 0000000180042244     libucrt:output.obj
 0004:00002244       $pdata$?fin$0@?0???$?RV<lambda_aa279a7bcb127014629d5b1d62c7325d>@@AEAV<lambda_0a64b6a4deda75c01876f29c44fc5eb3>@@V<lambda_3323e69fbefe9d1a11713e670d47cdfa>@@@?$__crt_seh_guarded_call@H@@QEAAH$$QEAV<lambda_aa279a7bcb127014629d5b1d62c7325d>@@AEAV<lambda_0a64b6a4deda75c01876f29c44fc5eb3>@@$$QEAV<lambda_3323e69fbefe9d1a11713e670d47cdfa>@@@Z@4HA 0000000180042244     libucrt:output.obj
 0004:00002244       $pdata$?fin$0@?0???$?RV<lambda_7a5ef57ff966f610505f1d28a3d40618>@@AEAV<lambda_b721fa326cdb32351d23dfa67958c160>@@V<lambda_5e0fb27672408a07956fe59e48ccb2aa>@@@?$__crt_seh_guarded_call@H@@QEAAH$$QEAV<lambda_7a5ef57ff966f610505f1d28a3d40618>@@AEAV<lambda_b721fa326cdb32351d23dfa67958c160>@@$$QEAV<lambda_5e0fb27672408a07956fe59e48ccb2aa>@@@Z@4HA 0000000180042244     libucrt:setvbuf.obj
 0004:00002250       $pdata$fclose$fin$0        0000000180042250     libucrt:fclose.obj
 0004:00002250       $pdata$fflush$fin$0        0000000180042250     libucrt:fflush.obj
 0004:0000225c       $pdata$common_flush_all$fin$0 000000018004225c     libucrt:fflush.obj
 0004:00002268       $pdata$common_flush_all$fin$1 0000000180042268     libucrt:fflush.obj
 0004:00002274       $pdata$fgetc$fin$0         0000000180042274     libucrt:fgetc.obj
 0004:00002280       $pdata$fputc$fin$0         0000000180042280     libucrt:fputc.obj
 0004:0000228c       $pdata$?fin$0@?0???$common_ftell@_J@@YA_JV__crt_stdio_stream@@@Z@4HA 000000018004228c     libucrt:ftell.obj
 0004:0000228c       $pdata$?fin$0@?0??common_fseek@@YAHV__crt_stdio_stream@@_JH@Z@4HA 000000018004228c     libucrt:fseek.obj
 0004:00002298       $pdata$ungetc$fin$0        0000000180042298     libucrt:ungetc.obj
 0004:000022a4       $pdata$setlocale$fin$0     00000001800422a4     libucrt:setlocale.obj
 0004:000022b0       $pdata$_query_new_handler$fin$0 00000001800422b0     libucrt:new_handler.obj
 0004:000022bc       $pdata$?filt$0@?0??common_exit@@YAXHW4_crt_exit_cleanup_mode@@W4_crt_exit_return_mode@@@Z@4HA 00000001800422bc     libucrt:exit.obj
 0004:000022c8       $pdata$?fin$1@?0??common_exit@@YAXHW4_crt_exit_cleanup_mode@@W4_crt_exit_return_mode@@@Z@4HA 00000001800422c8     libucrt:exit.obj
 0004:000022d4       $pdata$?fin$0@?0???$?RV<lambda_e24bbb7b643b32fcea6fa61b31d4c984>@@AEAV<lambda_275893d493268fdec8709772e3fcec0e>@@V<lambda_9d71df4d7cf3f480f8d633942495c3b0>@@@?$__crt_seh_guarded_call@H@@QEAAH$$QEAV<lambda_e24bbb7b643b32fcea6fa61b31d4c984>@@AEAV<lambda_275893d493268fdec8709772e3fcec0e>@@$$QEAV<lambda_9d71df4d7cf3f480f8d633942495c3b0>@@@Z@4HA 00000001800422d4     libucrt:onexit.obj
 0004:000022e0       $pdata$raise$fin$0         00000001800422e0     libucrt:signal.obj
 0004:000022ec       $pdata$?fin$0@?0???$?RV<lambda_b8c45f8f788dd370798f47cfe8ac3a86>@@AEAV<lambda_4e60a939b0d047cfe11ddc22648dfba9>@@V<lambda_332c3edc96d0294ec56c57d38c1cdfd5>@@@?$__crt_seh_guarded_call@H@@QEAAH$$QEAV<lambda_b8c45f8f788dd370798f47cfe8ac3a86>@@AEAV<lambda_4e60a939b0d047cfe11ddc22648dfba9>@@$$QEAV<lambda_332c3edc96d0294ec56c57d38c1cdfd5>@@@Z@4HA 00000001800422ec     libucrt:onexit.obj
 0004:000022ec       $pdata$?fin$0@?0???$?RV<lambda_72d1df2b273a38828b1ce30cbf4cdab5>@@AEAV<lambda_876a65b173b8412d3a47c70a915b0cf4>@@V<lambda_41932305e351933ebe8f8be3ed8bb5dc>@@@?$__crt_seh_guarded_call@X@@QEAAX$$QEAV<lambda_72d1df2b273a38828b1ce30cbf4cdab5>@@AEAV<lambda_876a65b173b8412d3a47c70a915b0cf4>@@$$QEAV<lambda_41932305e351933ebe8f8be3ed8bb5dc>@@@Z@4HA 00000001800422ec     libucrt:per_thread_data.obj
 0004:000022ec       $pdata$?fin$0@?0???$?RV<lambda_d67e8342c384adda8f857579ab50b2ae>@@AEAV<lambda_30712929f77e709619002f448b6a9510>@@V<lambda_4525336fd7e478d965fb7ca7a337cad8>@@@?$__crt_seh_guarded_call@X@@QEAAX$$QEAV<lambda_d67e8342c384adda8f857579ab50b2ae>@@AEAV<lambda_30712929f77e709619002f448b6a9510>@@$$QEAV<lambda_4525336fd7e478d965fb7ca7a337cad8>@@@Z@4HA 00000001800422ec     libucrt:wsetlocale.obj
 0004:000022ec       $pdata$?fin$0@?0???$?RV<lambda_99476a1ad63dd22509b5d3e65b0ffc95>@@AEAV<lambda_ad1ced32f4ac17aa236e5ef05d6b3b7c>@@V<lambda_f7424dd8d45958661754dc4f2697e9c3>@@@?$__crt_seh_guarded_call@X@@QEAAX$$QEAV<lambda_99476a1ad63dd22509b5d3e65b0ffc95>@@AEAV<lambda_ad1ced32f4ac17aa236e5ef05d6b3b7c>@@$$QEAV<lambda_f7424dd8d45958661754dc4f2697e9c3>@@@Z@4HA 00000001800422ec     libucrt:mbctype.obj
 0004:000022ec       $pdata$?fin$0@?0???$?RV<lambda_c36588078e9f5dfd39652860aa6b3aaf>@@AEAV<lambda_ec61778202f4f5fc7e7711acc23c3bca>@@V<lambda_dc9d2797ccde5d239b4a0efae8ebd7db>@@@?$__crt_seh_guarded_call@P6AXH@Z@@QEAAP6AXH@Z$$QEAV<lambda_c36588078e9f5dfd39652860aa6b3aaf>@@AEAV<lambda_ec61778202f4f5fc7e7711acc23c3bca>@@$$QEAV<lambda_dc9d2797ccde5d239b4a0efae8ebd7db>@@@Z@4HA 00000001800422ec     libucrt:signal.obj
 0004:000022ec       $pdata$?fin$0@?0???$?RV<lambda_5e887d1dcbef67a5eb4283622ba103bf>@@AEAV<lambda_4466841279450cc726390878d4a41900>@@V<lambda_341c25c0346d94847f1f3c463c57e077>@@@?$__crt_seh_guarded_call@X@@QEAAX$$QEAV<lambda_5e887d1dcbef67a5eb4283622ba103bf>@@AEAV<lambda_4466841279450cc726390878d4a41900>@@$$QEAV<lambda_341c25c0346d94847f1f3c463c57e077>@@@Z@4HA 00000001800422ec     libucrt:per_thread_data.obj
 0004:000022ec       $pdata$?fin$0@?0???$?RV<lambda_fb3a7dec4e47f37f22dae91bb15c9095>@@AEAV<lambda_698284760c8add0bfb0756c19673e34b>@@V<lambda_dfb8eca1e75fef3034a8fb18dd509707>@@@?$__crt_seh_guarded_call@X@@QEAAX$$QEAV<lambda_fb3a7dec4e47f37f22dae91bb15c9095>@@AEAV<lambda_698284760c8add0bfb0756c19673e34b>@@$$QEAV<lambda_dfb8eca1e75fef3034a8fb18dd509707>@@@Z@4HA 00000001800422ec     libucrt:per_thread_data.obj
 0004:000022ec       $pdata$?fin$0@?0???$?RV<lambda_46352004c1216016012b18bd6f87e700>@@AEAV<lambda_3bd07e1a1191394380780325891bf33f>@@V<lambda_334532d3f185bcaa59b5be82d7d22bff>@@@?$__crt_seh_guarded_call@X@@QEAAX$$QEAV<lambda_46352004c1216016012b18bd6f87e700>@@AEAV<lambda_3bd07e1a1191394380780325891bf33f>@@$$QEAV<lambda_334532d3f185bcaa59b5be82d7d22bff>@@@Z@4HA 00000001800422ec     libucrt:per_thread_data.obj
 0004:000022ec       $pdata$?fin$0@?0???$?RV<lambda_630b2aca97f6d20d5b5ea6529ea6b6af>@@AEAV<lambda_af91936f1d075d609f72d9d8cba980af>@@V<lambda_e82fa975f615b5c7c7b0e4d178fdae67>@@@?$__crt_seh_guarded_call@H@@QEAAH$$QEAV<lambda_630b2aca97f6d20d5b5ea6529ea6b6af>@@AEAV<lambda_af91936f1d075d609f72d9d8cba980af>@@$$QEAV<lambda_e82fa975f615b5c7c7b0e4d178fdae67>@@@Z@4HA 00000001800422ec     libucrt:winapi_thunks.obj
 0004:000022f8       $pdata$_fcloseall$fin$0    00000001800422f8     libucrt:closeall.obj
 0004:00002304       $pdata$__acrt_lowio_ensure_fh_exists$fin$0 0000000180042304     libucrt:osfinfo.obj
 0004:00002304       $pdata$__acrt_initialize_lowio$fin$0 0000000180042304     libucrt:ioinit.obj
 0004:00002310       $pdata$?fin$0@?0???$?RV<lambda_5df02c53a8f32f81fd64e5bbb78039f1>@@AEAV<lambda_2af78c5f5901b1372d98f9ab3177dfa6>@@AEAV<lambda_f51fe5fd7c79a33db34fc9310f277369>@@@?$__crt_seh_guarded_call@X@@QEAAX$$QEAV<lambda_5df02c53a8f32f81fd64e5bbb78039f1>@@AEAV<lambda_2af78c5f5901b1372d98f9ab3177dfa6>@@AEAV<lambda_f51fe5fd7c79a33db34fc9310f277369>@@@Z@4HA 0000000180042310     libucrt:wsetlocale.obj
 0004:0000231c       $pdata$?fin$0@?0???$?RV<lambda_b521505b218e5242e90febf6bfebc422>@@AEAV<lambda_6978c1fb23f02e42e1d9e99668cc68aa>@@V<lambda_314360699dd331753a4119843814e9a7>@@@?$__crt_seh_guarded_call@H@@QEAAH$$QEAV<lambda_b521505b218e5242e90febf6bfebc422>@@AEAV<lambda_6978c1fb23f02e42e1d9e99668cc68aa>@@$$QEAV<lambda_314360699dd331753a4119843814e9a7>@@@Z@4HA 000000018004231c     libucrt:commit.obj
 0004:0000231c       $pdata$?fin$0@?0???$?RV<lambda_bfedae4ebbf01fab1bb6dcc6a9e276e0>@@AEAV<lambda_2fe9b910cf3cbf4a0ab98a02ba45b3ec>@@V<lambda_237c231691f317818eb88cc1d5d642d6>@@@?$__crt_seh_guarded_call@H@@QEAAH$$QEAV<lambda_bfedae4ebbf01fab1bb6dcc6a9e276e0>@@AEAV<lambda_2fe9b910cf3cbf4a0ab98a02ba45b3ec>@@$$QEAV<lambda_237c231691f317818eb88cc1d5d642d6>@@@Z@4HA 000000018004231c     libucrt:close.obj
 0004:00002328       $pdata$?fin$0@?0???$common_lseek@_J@@YA_JH_JH@Z@4HA 0000000180042328     libucrt:lseek.obj
 0004:00002328       $pdata$_write$fin$0        0000000180042328     libucrt:write.obj
 0004:00002328       $pdata$_read$fin$0         0000000180042328     libucrt:read.obj
 0004:00002334       $pdata$__acrt_update_thread_multibyte_data$fin$0 0000000180042334     libucrt:mbctype.obj
 0004:00002340       $pdata$__acrt_update_thread_locale_data$fin$0 0000000180042340     libucrt:locale_refcounting.obj
 0004:00002340       $pdata$__acrt_uninitialize_locale$fin$0 0000000180042340     libucrt:wsetlocale.obj
 0004:0000234c       $pdata$_ctrlfp$filt$0      000000018004234c     libucrt:fpctrl.obj
 0004:0000234c       $pdata$common_control87$filt$0 000000018004234c     libucrt:ieee.obj
 0004:00002358       $pdata$_IsNonwritableInCurrentImage$filt$0 0000000180042358     LIBCMT:pesect.obj
 0004:00002364       $pdata$??__F?constructor@UniquePosition@@0V?$Persistent@VFunction@v8@@V?$NonCopyablePersistentTraits@VFunction@v8@@@2@@v8@@A@@YAXXZ 0000000180042364     UniquePosition.obj
 0004:00002370       $pdata$??__Fcout@std@@YAXXZ 0000000180042370     libcpmt:cout.obj
 0004:0000237c       $pdata$??__F_Fac_tidy_reg@std@@YAXXZ 000000018004237c     libcpmt:locale0.obj
 0004:00002388       $pdata$??__Fclassic_locale@std@@YAXXZ 0000000180042388     libcpmt:locale0.obj
 0004:00002394       $pdata$??__Finit_atexit@@YAXXZ 0000000180042394     libcpmt:iosptrs.obj
 0005:00000000       __guard_fids__             0000000180043000     libucrt:initialization.obj
 0005:00000060       __guard_fids___acrt_initialize_ptd 0000000180043060     libucrt:per_thread_data.obj
 0005:00000064       __guard_fids___acrt_show_wide_message_box 0000000180043064     libucrt:crtmbox.obj
 0005:00000068       __guard_fids__             0000000180043068     libucrt:stdio_initializer.obj
 0005:0000006c       __guard_fids__             000000018004306c     libucrt:stdio_initializer.obj
 0005:00000070       __guard_fids_??$?RV<lambda_630b2aca97f6d20d5b5ea6529ea6b6af>@@AEAV<lambda_af91936f1d075d609f72d9d8cba980af>@@V<lambda_e82fa975f615b5c7c7b0e4d178fdae67>@@@?$__crt_seh_guarded_call@H@@QEAAH$$QEAV<lambda_630b2aca97f6d20d5b5ea6529ea6b6af>@@AEAV<lambda_af91936f1d075d609f72d9d8cba980af>@@$$QEAV<lambda_e82fa975f615b5c7c7b0e4d178fdae67>@@@Z 0000000180043070     libucrt:winapi_thunks.obj
 0005:00000074       __guard_fids__             0000000180043074     libucrt:wsetlocale.obj
 0005:0000008c       __guard_fids__             000000018004308c     libucrt:locale_initializer.obj
 0005:00000090       __guard_fids_GetLocaleNameFromLangCountry 0000000180043090     libucrt:get_qualified_locale.obj
 0005:00000094       __guard_fids_GetLocaleNameFromLanguage 0000000180043094     libucrt:get_qualified_locale.obj
 0005:00000098       __guard_fids___acrt_get_qualified_locale_downlevel 0000000180043098     libucrt:getqloc_downlevel.obj
 0005:0000009c       __guard_fids_GetLcidFromLangCountry 000000018004309c     libucrt:getqloc_downlevel.obj
 0005:000000a0       __guard_fids_GetLcidFromLanguage 00000001800430a0     libucrt:getqloc_downlevel.obj
 0005:000000a4       __guard_fids__             00000001800430a4     libucrt:timeset_initializer.obj
 0005:000000a8       __guard_fids__             00000001800430a8     libucrt:multibyte_initializer.obj
 0005:000000ac       __guard_fids__             00000001800430ac     libucrt:console_output_initializer.obj
 0005:000000b0       __guard_fids__             00000001800430b0     libucrt:fma3_initializer.obj
 0005:000000b4       __guard_fids_??__Einitlocks@std@@YAXXZ 00000001800430b4     libcpmt:xlock.obj
 0005:000000b8       __guard_fids__             00000001800430b8     libcpmt:xlock.obj
 0005:000000bc       __guard_fids_??__Einitlocks@@YAXXZ 00000001800430bc     libcpmt:cout.obj
 0005:000000c0       __guard_fids_??__Efout@std@@YAXXZ 00000001800430c0     libcpmt:cout.obj
 0005:000000c4       __guard_fids_??__Ecout@std@@YAXXZ 00000001800430c4     libcpmt:cout.obj
 0005:000000c8       __guard_fids__             00000001800430c8     libcpmt:cout.obj
 0005:000000d0       __guard_fids__             00000001800430d0     libcpmt:cout.obj
 0005:000000d8       __guard_fids__             00000001800430d8     libcpmt:cout.obj
 0005:000000e0       __guard_fids__             00000001800430e0     libcpmt:cout.obj
 0005:000000ec       __guard_fids__             00000001800430ec     libcpmt:cout.obj
 0005:00000118       __guard_fids__             0000000180043118     libcpmt:cout.obj
 0005:00000130       __guard_fids__             0000000180043130     libcpmt:cout.obj
 0005:00000138       __guard_fids__             0000000180043138     libcpmt:cout.obj
 0005:00000150       __guard_fids__             0000000180043150     libcpmt:cout.obj
 0005:00000158       __guard_fids__             0000000180043158     libcpmt:cout.obj
 0005:0000015c       __guard_fids__             000000018004315c     libcpmt:cout.obj
 0005:00000198       __guard_fids__             0000000180043198     libcpmt:cout.obj
 0005:000001d4       __guard_fids__             00000001800431d4     libcpmt:cout.obj
 0005:000001d8       __guard_fids__             00000001800431d8     libcpmt:cout.obj
 0005:000001dc       __guard_fids__             00000001800431dc     libcpmt:cout.obj
 0005:00000204       __guard_fids__             0000000180043204     libcpmt:cout.obj
 0005:00000208       __guard_fids__             0000000180043208     libcpmt:cout.obj
 0005:0000020c       __guard_fids__             000000018004320c     libcpmt:cout.obj
 0005:00000210       __guard_fids__             0000000180043210     libcpmt:cout.obj
 0005:00000214       __guard_fids_??__E_Fac_tidy_reg@std@@YAXXZ 0000000180043214     libcpmt:locale0.obj
 0005:00000218       __guard_fids_?_Setgloballocale@locale@std@@CAXPEAX@Z 0000000180043218     libcpmt:locale0.obj
 0005:0000021c       __guard_fids_??__Eclassic_locale@std@@YAXXZ 000000018004321c     libcpmt:locale0.obj
 0005:00000220       __guard_fids__             0000000180043220     libcpmt:locale0.obj
 0005:0000022c       __guard_fids__             000000018004322c     libcpmt:locale0.obj
 0005:00000230       __guard_fids__             0000000180043230     libcpmt:locale0.obj
 0005:00000234       __guard_fids__             0000000180043234     libcpmt:xthrow.obj
 0005:0000023c       __guard_fids__             000000018004323c     libcpmt:xthrow.obj
 0005:00000244       __guard_fids__             0000000180043244     libcpmt:xthrow.obj
 0005:0000024c       __guard_fids__             000000018004324c     libcpmt:xthrow.obj
 0005:00000254       __guard_fids_??__Einitlocks@std@@YAXXZ 0000000180043254     libcpmt:iosptrs.obj
 0005:00000258       __guard_fids_??__Einit_atexit@@YAXXZ 0000000180043258     libcpmt:iosptrs.obj
 0005:0000025c       __guard_fids__             000000018004325c     libcpmt:iosptrs.obj
 0005:00000260       __guard_fids__             0000000180043260     libcpmt:iosptrs.obj
 0005:00000264       __guard_fids__             0000000180043264     libcpmt:winapisupp.obj
 0005:00000268       __guard_fids__             0000000180043268     LIBCMT:thread_safe_statics.obj
 0005:0000026c       __guard_fids_?__scrt_initialize_thread_safe_statics@@YAHXZ 000000018004326c     LIBCMT:thread_safe_statics.obj
 0005:00000270       __guard_fids_?dllmain_crt_process_attach@@YAHQEAUHINSTANCE__@@QEAX@Z 0000000180043270     LIBCMT:dll_dllmain.obj
 0005:00000278       __guard_fids_?dllmain_dispatch@@YAHQEAUHINSTANCE__@@KQEAX@Z 0000000180043278     LIBCMT:dll_dllmain.obj
 0005:0000027c       __guard_fids__             000000018004327c     LIBCMT:std_type_info_static.obj
 0005:00000280       __guard_fids__             0000000180043280     LIBCMT:throw_bad_alloc.obj
 0005:00000288       __guard_fids__             0000000180043288     LIBCMT:guard_support.obj
 0005:0000028c       __guard_fids__             000000018004328c     libvcruntime:frame.obj
 0005:00000290       __guard_fids__             0000000180043290     libvcruntime:frame.obj
 0005:00000298       __guard_fids__UnwindNestedFrames 0000000180043298     libvcruntime:trnsctrl.obj
 0005:0000029c       __guard_fids__             000000018004329c     libvcruntime:telemetry.obj
 0005:000002a0       __guard_fids_?TraceLoggingRegister@__vcrt_trace_logging_provider@@YAJPEBU_TlgProvider_t@1@PEBU_GUID@@P6AX1KE_K2PEAU_EVENT_FILTER_DESCRIPTOR@@PEAX@Z4@Z 00000001800432a0     libvcruntime:telemetry.obj
 0005:000002a4       __guard_fids___vcrt_initialize_ptd 00000001800432a4     libvcruntime:per_thread_data.obj
 0007:00000060       $R000000                   0000000180045060     * linker generated manifest res *

 Exports

  ordinal    name

        1    _register_UniquePosition_
